12-24 20:19:33.304  2147  2147 D AccessibilityManagerService: Ignoring non-encryption-aware service ComponentInfo{com.peasun.aispeech/com.peasun.aispeech.AIMonitorService}
12-24 20:19:33.304  2147  2198 W UserManagerService: isUserUnlockingOrUnlocked: state = 0
12-24 20:19:33.306  2346  2346 D SystemUIBootTiming: StartServicescom.android.systemui.util.NotificationChannels took to complete: 13ms
12-24 20:19:33.308  2147  2147 D AccessibilityManagerService: Ignoring non-encryption-aware service ComponentInfo{com.iflytek.xiri2.system/com.iflytek.xiri.system.SystemPluginAccessableS}
12-24 20:19:33.312  2147  2147 W UserManagerService: isUserUnlockingOrUnlocked: state = 0
12-24 20:19:33.312  2147  2147 W UserManagerService: isUserUnlockingOrUnlocked: state = 0
12-24 20:19:33.312  2346  2346 D SystemUIBootTiming: StartServicescom.android.systemui.statusbar.CommandQueue$CommandQueueStart took to complete: 7ms
12-24 20:19:33.313  2147  2147 V NotificationAssistants: enabling notification assistant for 0: ComponentInfo{android.ext.services/android.ext.services.notification.Assistant}
12-24 20:19:33.313  2147  2147 W UserManagerService: isUserUnlockingOrUnlocked: state = 0
12-24 20:19:33.314  2147  2147 V NotificationAssistants: binding: Intent { act=android.service.notification.NotificationAssistantService cmp=android.ext.services/.notification.Assistant (has extras) }
12-24 20:19:33.314  2147  2147 W UserManagerService: isUserUnlockingOrUnlocked: state = 0
12-24 20:19:33.316  2147  2147 I ActivityManager: startProcessLocked ProcessRecord{101ba28 0:android.ext.services/u0a0}
12-24 20:19:33.316  2147  2147 W UserManagerService: isUserUnlockingOrUnlocked: state = 0
12-24 20:19:33.325  2147  2147 I chatty  : uid=1000 system_server identical 4 lines
12-24 20:19:33.329  2147  2147 W UserManagerService: isUserUnlockingOrUnlocked: state = 0
12-24 20:19:33.376  2147  2164 I ActivityManager: Start proc 2509:android.ext.services/u0a0 for service android.ext.services/.notification.Assistant
12-24 20:19:33.426  2147  2147 W Looper  : Slow dispatch took 109ms main h=android.app.ActivityThread$H c=android.app.-$$Lambda$LoadedApk$ReceiverDispatcher$Args$_BumDX2UKsnxLVrE6UJsJZkotuA@558fdc3 m=0
12-24 20:19:33.448  2147  2147 W SyncManager: Clock is valid now.
12-24 20:19:33.452  2147  2425 W UserManagerService: isUserUnlockingOrUnlocked: state = 0
12-24 20:19:33.459  2147  2147 D ConditionProviders.SCP: onSubscribe condition://android/schedule?days=1.2.3.4.5.6.7&start=22.0&end=7.0&exitAtAlarm=true
12-24 20:19:33.470  2147  2327 W UserManagerService: isUserUnlockingOrUnlocked: state = 0
12-24 20:19:33.470  2147  2147 D ConditionProviders.SCP: setRegistered true
12-24 20:19:33.471  2147  2425 W UserManagerService: isUserUnlockingOrUnlocked: state = 0
12-24 20:19:33.495  2147  2147 D ConditionProviders.SCP: evaluateSubscriptionLocked cal=ScheduleCalendar[mDays={1, 2, 3, 4, 5, 6, 7}, mSchedule=ScheduleInfo{days=[1, 2, 3, 4, 5, 6, 7], startHour=22, startMinute=0, endHour=7, endMinute=0, exitAtAlarm=true, nextAlarm=Thu Jan 01 08:00:00 GMT+08:00 1970 (0)}], now=Wed Dec 24 20:19:33 GMT+08:00 2025 (1766578773460), nextUserAlarmTime=Thu Jan 01 08:00:00 GMT+08:00 1970 (0)
12-24 20:19:33.497  2147  2147 D ConditionProviders.SCP: notifyCondition condition://android/schedule?days=1.2.3.4.5.6.7&start=22.0&end=7.0&exitAtAlarm=true STATE_FALSE reason=!meetsSchedule
12-24 20:19:33.505  2147  2147 D ConditionProviders.SCP: Scheduling evaluate for Wed Dec 24 22:00:00 GMT+08:00 2025 (1766584800000), in +1h40m26s540ms, now=Wed Dec 24 20:19:33 GMT+08:00 2025 (1766578773460)
12-24 20:19:33.513  2147  2311 I SyncManager: Got SyncJobService instance.
12-24 20:19:33.517  2147  2242 W UserManagerService: isUserUnlockingOrUnlocked: state = 0
12-24 20:19:33.519  2147  2242 E ActivityThread: Failed to find provider info for com.android.calendar
12-24 20:19:33.522  2147  2242 W UserManagerService: isUserUnlockingOrUnlocked: state = 0
12-24 20:19:33.522  2147  2242 E ActivityThread: Failed to find provider info for com.android.calendar
12-24 20:19:33.529  2147  2147 D BluetoothManagerService: Bluetooth Adapter name changed to CM311-5s-ZG
12-24 20:19:33.530  2147  2147 D BluetoothManagerService: Stored Bluetooth name: CM311-5s-ZG
12-24 20:19:33.530  2147  2147 D BluetoothManagerService: BluetoothServiceConnection: com.android.bluetooth.btservice.AdapterService
12-24 20:19:33.531  2147  2147 V WiredAccessoryManager: headsetName:  connected
12-24 20:19:33.532  2147  2147 W UserManagerService: isUserUnlockingOrUnlocked: state = 0
12-24 20:19:33.538  2147  2170 D BluetoothManagerService: MESSAGE_BLUETOOTH_SERVICE_CONNECTED: 1
12-24 20:19:33.540  2147  2170 D BluetoothManagerService: Broadcasting onBluetoothServiceUp() to 3 receivers.
12-24 20:19:33.552  2147  2170 D BluetoothManagerService: MESSAGE_BLUETOOTH_STATE_CHANGE: OFF > BLE_TURNING_ON
12-24 20:19:33.552  2147  2170 D BluetoothManagerService: Sending BLE State Change: OFF > BLE_TURNING_ON
12-24 20:19:33.553  2147  2147 W UserManagerService: isUserUnlockingOrUnlocked: state = 0
12-24 20:19:33.553  2147  2147 V SettingsProvider: Notifying for 0: content://settings/global/hidden_api_policy_pre_p_apps
12-24 20:19:33.554  2147  2170 W UserManagerService: isUserUnlockingOrUnlocked: state = 0
12-24 20:19:33.555  2147  2147 W UserManagerService: isUserUnlockingOrUnlocked: state = 0
12-24 20:19:33.556  2147  2147 V SettingsProvider: Notifying for 0: content://settings/global/hidden_api_policy_p_apps
12-24 20:19:33.557  2147  2170 D BluetoothManagerService: MESSAGE_BLUETOOTH_STATE_CHANGE hasDevice:true
12-24 20:19:33.567  2147  2159 W UserManagerService: isUserUnlockingOrUnlocked: state = 0
12-24 20:19:33.584  2147  2147 W UserManagerService: isUserUnlockingOrUnlocked: state = 0
12-24 20:19:33.585  2147  2147 D AccessibilityManagerService: Ignoring non-encryption-aware service ComponentInfo{com.peasun.aispeech/com.peasun.aispeech.AIMonitorService}
12-24 20:19:33.585  2147  2147 D AccessibilityManagerService: Ignoring non-encryption-aware service ComponentInfo{com.iflytek.xiri2.system/com.iflytek.xiri.system.SystemPluginAccessableS}
12-24 20:19:33.592  2147  2147 W Looper  : Drained
12-24 20:19:33.602  2147  2327 W UserManagerService: isUserUnlocked: state = 0
12-24 20:19:33.602  2147  2159 W UserManagerService: isUserUnlockingOrUnlocked: state = 0
12-24 20:19:33.602  2147  2159 D AccessibilityManagerService: Ignoring non-encryption-aware service ComponentInfo{com.peasun.aispeech/com.peasun.aispeech.AIMonitorService}
12-24 20:19:33.602  2147  2159 D AccessibilityManagerService: Ignoring non-encryption-aware service ComponentInfo{com.iflytek.xiri2.system/com.iflytek.xiri.system.SystemPluginAccessableS}
12-24 20:19:33.612  2147  2159 W UserManagerService: isUserUnlockingOrUnlocked: state = 0
12-24 20:19:33.627  2147  2327 W UserManagerService: isUserUnlockingOrUnlocked: state = 0
12-24 20:19:33.630  2147  2327 W UserManagerService: isUserUnlockingOrUnlocked: state = 0
12-24 20:19:33.646  2147  2159 W UserManagerService: isUserUnlockingOrUnlocked: state = 0
12-24 20:19:33.656  2147  2159 I chatty  : uid=1000(system) Binder:2147_2 identical 2 lines
12-24 20:19:33.721  2147  2159 W UserManagerService: isUserUnlockingOrUnlocked: state = 0
12-24 20:19:33.742  2147  2327 W UserManagerService: isUserUnlockingOrUnlocked: state = 0
12-24 20:19:33.749  2147  2198 W UserManagerService: isUserUnlockingOrUnlocked: state = 0
12-24 20:19:33.755  2147  2198 W UserManagerService: isUserUnlockingOrUnlocked: state = 0
12-24 20:19:33.759  2147  2327 W UserManagerService: isUserUnlockingOrUnlocked: state = 0
12-24 20:19:33.762  2454  2454 W ContextImpl: Calling a method in the system process without a qualified user: android.app.ContextImpl.bindService:1614 android.content.ContextWrapper.bindService:698 net.sunniwell.app.guide.common.utils.apimanager.ApiHelper.bindService:163 net.sunniwell.app.guide.common.utils.apimanager.ApiHelper.init:112 com.alibaba.android.arouter.core.LogisticsCenter.completion:286 
12-24 20:19:33.764  2147  2198 W UserManagerService: isUserUnlockingOrUnlocked: state = 0
12-24 20:19:33.764  2147  2198 W ActivityManager: Unable to start service Intent { pkg=net.sunniwell.app.api cmp=net.sunniwell.app.api/.service.ApiManagerService } U=0: not found
12-24 20:19:33.768  2346  2346 D SystemUIBootTiming: StartServicescom.android.systemui.volume.VolumeUI took to complete: 456ms
12-24 20:19:33.769  2147  2198 W UserManagerService: isUserUnlockingOrUnlocked: state = 0
12-24 20:19:33.783  2147  2198 I StatusBarManagerService: registerStatusBar bar=com.android.internal.statusbar.IStatusBar$Stub$Proxy@93b617e
12-24 20:19:33.785  2346  2346 D SystemUIBootTiming: StartServicescom.android.systemui.SystemBars took to complete: 14ms
12-24 20:19:33.827  2147  2159 W UserManagerService: isUserUnlockingOrUnlocked: state = 0
12-24 20:19:33.832  2346  2346 D SystemUIBootTiming: StartServicescom.android.systemui.usb.StorageNotification took to complete: 47ms
12-24 20:19:33.850  2147  2327 W UserManagerService: isUserUnlockingOrUnlocked: state = 0
12-24 20:19:33.851  2346  2346 D SystemUIBootTiming: StartServicescom.android.systemui.power.PowerUI took to complete: 19ms
12-24 20:19:33.855  2346  2346 D SystemUIBootTiming: StartServicescom.android.systemui.media.RingtonePlayer took to complete: 4ms
12-24 20:19:33.857  2147  2327 W UserManagerService: isUserUnlockingOrUnlocked: state = 0
12-24 20:19:33.860  2346  2346 D SystemUIBootTiming: StartServicescom.android.systemui.keyboard.KeyboardUI took to complete: 5ms
12-24 20:19:33.892  2147  2327 W UserManagerService: isUserUnlockingOrUnlocked: state = 0
12-24 20:19:33.894  2147  2327 W UserManagerService: isUserUnlockingOrUnlocked: state = 0
12-24 20:19:33.897  2346  2346 D SystemUIBootTiming: StartServicescom.android.systemui.pip.PipUI took to complete: 37ms
12-24 20:19:33.902  2346  2346 D SystemUIBootTiming: StartServicescom.android.systemui.shortcut.ShortcutKeyDispatcher took to complete: 5ms
12-24 20:19:33.903  2346  2346 D SystemUIBootTiming: StartServicescom.android.systemui.VendorServices took to complete: 1ms
12-24 20:19:33.904  2147  2327 W UserManagerService: isUserUnlockingOrUnlocked: state = 0
12-24 20:19:33.907  2346  2346 D SystemUIBootTiming: StartServicescom.android.systemui.util.leak.GarbageMonitor$Service took to complete: 4ms
12-24 20:19:33.909  2346  2346 D SystemUIBootTiming: StartServicescom.android.systemui.LatencyTester took to complete: 2ms
12-24 20:19:33.913  2346  2346 D SystemUIBootTiming: StartServicescom.android.systemui.ScreenDecorations took to complete: 4ms
12-24 20:19:33.916  2346  2346 D SystemUIBootTiming: StartServicescom.android.systemui.SliceBroadcastRelayHandler took to complete: 3ms
12-24 20:19:33.916  2346  2346 D SystemUIBootTiming: StartServices took to complete: 672ms
12-24 20:19:33.932  2454  2454 W ContextImpl: Calling a method in the system process without a qualified user: android.app.ContextImpl.startService:1534 android.content.ContextWrapper.startService:664 android.content.ContextWrapper.startService:664 net.sunniwell.app.guide.common.page.InitiaActivity.onStart:28 android.app.Instrumentation.callActivityOnStart:1391 
12-24 20:19:33.933  2147  2198 W UserManagerService: isUserUnlockingOrUnlocked: state = 0
12-24 20:19:33.997  2147  2198 E WindowManager: App trying to use insecure INPUT_FEATURE_NO_INPUT_CHANNEL flag. Ignoring
12-24 20:19:34.005  2147  2427 W UserManagerService: isUserUnlockingOrUnlocked: state = 0
12-24 20:19:34.007  2147  2427 W UserManagerService: isUserUnlockingOrUnlocked: state = 0
12-24 20:19:34.012  2147  2425 W UserManagerService: isUserUnlockingOrUnlocked: state = 0
12-24 20:19:34.037  2454  2454 W ContextImpl: Calling a method in the system process without a qualified user: android.app.ContextImpl.sendBroadcast:1008 android.content.ContextWrapper.sendBroadcast:444 android.content.ContextWrapper.sendBroadcast:444 android.app.ActivityThread.sendActivityStateBroadcast:3804 android.app.ActivityThread.performResumeActivity:3789 
12-24 20:19:34.038  2147  2159 W UserManagerService: isUserUnlockingOrUnlocked: state = 0
12-24 20:19:34.057  2147  2425 W UserManagerService: isUserUnlockingOrUnlocked: state = 0
12-24 20:19:34.079  2147  2327 W UserManagerService: isUserUnlockingOrUnlocked: state = 0
12-24 20:19:34.211  2147  2198 W UserManagerService: isUserUnlockingOrUnlocked: state = 0
12-24 20:19:34.249  2147  2202 I LocalDisplayAdapter: hdmi enable : 1
12-24 20:19:34.252  2147  2202 I chatty  : uid=1000(system) android.anim identical 1 line
12-24 20:19:34.256  2147  2202 I LocalDisplayAdapter: hdmi enable : 1
12-24 20:19:34.260  2147  2249 W UserManagerService: isUserUnlockingOrUnlocked: state = 0
12-24 20:19:34.264  2147  2171 W WindowManager: ***** BOOT TIMEOUT: forcing display enabled
12-24 20:19:34.267  2147  2171 I WindowManager: ******* TELLING SURFACE FLINGER WE ARE BOOTED!
12-24 20:19:34.269  2454  2577 W ContextImpl: Calling a method in the system process without a qualified user: android.app.ContextImpl.bindService:1614 android.content.ContextWrapper.bindService:698 net.sunniwell.app.guide.common.utils.apimanager.ApiHelper.bindService:163 net.sunniwell.app.guide.common.utils.apimanager.ApiHelper.lambda$bindService$1$ApiHelper:169 net.sunniwell.app.guide.common.utils.apimanager.-$$Lambda$ApiHelper$4g9rP2t1RuL5h41EuaobBexwhCg.run:2 
12-24 20:19:34.272  2147  2198 W UserManagerService: isUserUnlockingOrUnlocked: state = 0
12-24 20:19:34.273  2147  2425 W UserManagerService: isUserUnlockingOrUnlocked: state = 0
12-24 20:19:34.274  2147  2425 W ActivityManager: Unable to start service Intent { pkg=net.sunniwell.app.api cmp=net.sunniwell.app.api/.service.ApiManagerService } U=0: not found
12-24 20:19:34.277  2147  2171 I SystemServiceManager: Starting phase 1000
12-24 20:19:34.281  2147  2202 I LocalDisplayAdapter: hdmi enable : 1
12-24 20:19:34.285  2147  2202 I chatty  : uid=1000(system) android.anim identical 1 line
12-24 20:19:34.288  2147  2202 I LocalDisplayAdapter: hdmi enable : 1
12-24 20:19:34.289  2147  2171 D DisplayManagerService: PHASE_WAIT_FOR_DEFAULT_DISPLAY for kpi return
12-24 20:19:34.293  2147  2169 W UserManagerService: isUserUnlockingOrUnlocked: state = 0
12-24 20:19:34.294  2147  2169 I UsbDeviceManager: Setting USB config to mtp
12-24 20:19:34.295  2147  2171 V ActivityManager: sendEmptyMessageDelayed IPTV_START_HOLDDELAY_MSG
12-24 20:19:34.297  2147  2171 D ActivityManager: Finishing user boot 0
12-24 20:19:34.297  2147  2171 I ActivityManager: User 0 state changed from BOOTING to RUNNING_LOCKED
12-24 20:19:34.298  2147  2171 W UserManagerService: isUserUnlockingOrUnlocked: state = 1
12-24 20:19:34.299  2147  2171 D ActivityManager: Started unlocking user 0
12-24 20:19:34.299  2147  2171 D ActivityManager: Unlocking user 0 progress 0
12-24 20:19:34.299  2147  2171 D ActivityManager: Unlocking user 0 progress 5
12-24 20:19:34.300  2147  2249 W UserManagerService: isUserUnlockingOrUnlocked: state = 1
12-24 20:19:34.314  2147  2249 I chatty  : uid=1000(system) AudioService identical 6 lines
12-24 20:19:34.316  2147  2249 W UserManagerService: isUserUnlockingOrUnlocked: state = 1
12-24 20:19:34.322  2147  2171 I LocalDisplayAdapter: hdmi enable : 1
12-24 20:19:34.327  2147  2171 I chatty  : uid=1000(system) android.display identical 1 line
12-24 20:19:34.331  2147  2171 I LocalDisplayAdapter: hdmi enable : 1
12-24 20:19:34.335  2147  2171 W UserManagerService: isUserUnlockingOrUnlocked: state = 1
12-24 20:19:34.349  1798  1806 D vold    : e4crypt_prepare_user_storage for volume null, user 0, serial 0, flags 2
12-24 20:19:34.349  1798  1806 D vold    : Preparing: /data/system_ce/0
12-24 20:19:34.349  1798  1806 D vold    : Preparing: /data/misc_ce/0
12-24 20:19:34.349  1798  1806 D vold    : Preparing: /data/vendor_ce/0
12-24 20:19:34.350  1798  1806 D vold    : Preparing: /data/media/0
12-24 20:19:34.350  1798  1806 D vold    : Preparing: /data/data
12-24 20:19:34.350  1798  1806 V vold    : Starting restorecon of /data/system_ce/0
12-24 20:19:34.355  1798  1806 V vold    : Finished restorecon of /data/system_ce/0
12-24 20:19:34.355  1798  1806 V vold    : Starting restorecon of /data/misc_ce/0
12-24 20:19:34.359  1798  1806 V vold    : Finished restorecon of /data/misc_ce/0
12-24 20:19:34.359  1798  1806 V vold    : /system/bin/vold_prepare_subdirs
12-24 20:19:34.359  1798  1806 V vold    :     prepare
12-24 20:19:34.359  1798  1806 V vold    :     
12-24 20:19:34.359  1798  1806 V vold    :     0
12-24 20:19:34.360  1798  1806 V vold    :     2
12-24 20:19:34.415  2147  2254 W UserManagerService: isUserUnlockingOrUnlocked: state = 1
12-24 20:19:34.417  2147  2254 I chatty  : uid=1000 system_server identical 3 lines
12-24 20:19:34.419  2147  2254 W UserManagerService: isUserUnlockingOrUnlocked: state = 1
12-24 20:19:34.423  2147  2169 V UserDataPreparer: Found /data/user/0 with serial number 0
12-24 20:19:34.423  2147  2169 V UserDataPreparer: Found /data/system_ce/0 with serial number 0
12-24 20:19:34.424  2147  2169 D UserDataPreparer: Setting property: sys.user.0.ce_available=true
12-24 20:19:34.425  2147  2169 V PackageManager: reconcileAppsData for null u0 0x2 migrateAppData=false
12-24 20:19:34.475  2147  2425 W UserManagerService: isUserUnlockingOrUnlocked: state = 1
12-24 20:19:34.499  2147  2198 W UserManagerService: isUserUnlockingOrUnlocked: state = 1
12-24 20:19:34.519  2147  2198 W UserManagerService: isUserUnlockingOrUnlocked: state = 1
12-24 20:19:34.583  2147  2169 V PackageManager: reconcileAppsData finished 41 packages
12-24 20:19:34.583  2147  2169 I ActivityManager: User 0 state changed from RUNNING_LOCKED to RUNNING_UNLOCKING
12-24 20:19:34.583  2147  2169 D ActivityManager: Unlocking user 0 progress 20
12-24 20:19:34.583  2147  2169 W Looper  : Slow dispatch took 236ms android.fg h=android.os.Handler c=com.android.server.am.-$$Lambda$UserController$o6oQFjGYYIfx-I94cSakTLPLt6s@87af884 m=0
12-24 20:19:34.584  2147  2162 D ActivityManager: handleMessage receive SYSTEM_USER_UNLOCK_MSG.
12-24 20:19:34.584  2147  2162 I SystemServiceManager: Calling onUnlockUser u0
12-24 20:19:34.584  2147  2162 D BluetoothManagerService: User 0 unlocked
12-24 20:19:34.585  2147  2162 D StorageManagerService: onUnlockUser 0
12-24 20:19:34.585  2147  2170 D BluetoothManagerService: MESSAGE_USER_UNLOCKED
12-24 20:19:34.585  2147  2147 W UserManagerService: isUserUnlockingOrUnlocked: state = 2
12-24 20:19:34.585  1798  1806 D vold    : Linking /storage/emulated/0 to /mnt/user/0/primary
12-24 20:19:34.594  2147  2147 W UserManagerService: isUserUnlockingOrUnlocked: state = 2
12-24 20:19:34.598  2147  2223 D StorageManagerService: Volume emulated broadcasting mounted to UserHandle{0}
12-24 20:19:34.598  2147  2162 W UserManagerService: isUserUnlockingOrUnlocked: state = 2
12-24 20:19:34.598  2147  2223 W UserManagerService: isUserUnlockingOrUnlocked: state = 2
12-24 20:19:34.599  2147  2162 W TextServicesManagerService: no available spell checker services found
12-24 20:19:34.604  2147  2162 W VoiceInteractionManagerService: no available voice interaction services found for user 0
12-24 20:19:34.604  2147  2162 W VoiceInteractionManagerService: no available voice recognition services found for user 0
12-24 20:19:34.604  2147  2162 W UserManagerService: isUserUnlockingOrUnlocked: state = 2
12-24 20:19:34.605  2147  2162 I chatty  : uid=1000(system) ActivityManager identical 1 line
12-24 20:19:34.605  2147  2162 W UserManagerService: isUserUnlockingOrUnlocked: state = 2
12-24 20:19:34.606  2147  2169 W UserManagerService: isUserUnlockingOrUnlocked: state = 2
12-24 20:19:34.606  2147  2169 I chatty  : uid=1000(system) android.fg identical 1 line
12-24 20:19:34.607  2147  2169 W UserManagerService: isUserUnlockingOrUnlocked: state = 2
12-24 20:19:34.607  2147  2162 I ActivityManager: User 0 state changed from RUNNING_UNLOCKING to RUNNING_UNLOCKED
12-24 20:19:34.607  2147  2162 D SystemServerTiming: SystemUserUnlock took to complete: 308ms
12-24 20:19:34.608  2147  2162 I ActivityManager: startProcessLocked ProcessRecord{ceacd33 0:net.sunniwell.app.api/1000}
12-24 20:19:34.608  2147  2162 W UserManagerService: isUserUnlockingOrUnlocked: state = 3
12-24 20:19:34.609  2147  2162 I ActivityManager: startProcessLocked ProcessRecord{2f118f0 0:net.sunniwell.service.stb.producttest/1000}
12-24 20:19:34.610  2147  2162 W UserManagerService: isUserUnlockingOrUnlocked: state = 3
12-24 20:19:34.610  2147  2169 W AppWidgetServiceImpl: Failed to read state: java.io.FileNotFoundException: /data/system/users/0/appwidgets.xml (No such file or directory)
12-24 20:19:34.610  2147  2169 V AppWidgetServiceImpl: Upgrading widget database from 0 to 1
12-24 20:19:34.610  2147  2169 W UserManagerService: isUserUnlockingOrUnlocked: state = 3
12-24 20:19:34.610  2147  2169 W UserManagerService: isUserUnlockingOrUnlocked: state = 3
12-24 20:19:34.611  2147  2162 I ActivityManager: startProcessLocked ProcessRecord{fe0ee69 0:net.sunniwell.service.status/1000}
12-24 20:19:34.611  2147  2169 W UserManagerService: isUserUnlockingOrUnlocked: state = 3
12-24 20:19:34.611  2147  2162 W UserManagerService: isUserUnlockingOrUnlocked: state = 3
12-24 20:19:34.611  2147  2169 I AppWidgetServiceImpl: Async processing of onUserUnlocked u0 took 5 ms
12-24 20:19:34.611  2147  2162 I ActivityManager: startProcessLocked ProcessRecord{99fb0ee 0:com.iflytek.xiri2.system/1000}
12-24 20:19:34.612  2147  2162 W UserManagerService: isUserUnlockingOrUnlocked: state = 3
12-24 20:19:34.612  2147  2147 W UserManagerService: isUserUnlockingOrUnlocked: state = 3
12-24 20:19:34.612  2147  2147 I chatty  : uid=1000 system_server identical 1 line
12-24 20:19:34.612  2147  2147 W UserManagerService: isUserUnlockingOrUnlocked: state = 3
12-24 20:19:34.613  2147  2626 V BackupManagerService: Starting with transport android/com.android.internal.backup.LocalTransport
12-24 20:19:34.618  2147  2162 I ActivityManager: startProcessLocked ProcessRecord{6fb098f 0:net.sunniwell.inputmethod.swpinyin2/u0a23}
12-24 20:19:34.618  2147  2162 W UserManagerService: isUserUnlockingOrUnlocked: state = 3
12-24 20:19:34.619  2147  2162 I ActivityManager: startProcessLocked ProcessRecord{966d41c 0:com.goke.dlna.dmr/1000}
12-24 20:19:34.619  2147  2162 W UserManagerService: isUserUnlockingOrUnlocked: state = 3
12-24 20:19:34.620  2147  2162 I ActivityManager: startProcessLocked ProcessRecord{f110825 0:net.sunniwell.app.power/1000}
12-24 20:19:34.620  2147  2162 W UserManagerService: isUserUnlockingOrUnlocked: state = 3
12-24 20:19:34.622  2147  2169 I ActivityManager: Loading recents for user 0 into memory.
12-24 20:19:34.636  2147  2169 W UserManagerService: isUserUnlockingOrUnlocked: state = 3
12-24 20:19:34.636  2147  2169 I chatty  : uid=1000(system) android.fg identical 3 lines
12-24 20:19:34.637  2147  2169 W UserManagerService: isUserUnlockingOrUnlocked: state = 3
12-24 20:19:34.637  2147  2147 W UserManagerService: isUserUnlockingOrUnlocked: state = 3
12-24 20:19:34.646  2147  2162 I ActivityManager: Sending BOOT_COMPLETE user #0
12-24 20:19:34.647  2147  2628 E ActivityManager: persist.loginservice.opt is false
12-24 20:19:34.649  2147  2162 I ActivityManager: startProcessLocked ProcessRecord{228afab 0:net.sunniwell.app.localplayer.sh/1000}
12-24 20:19:34.649  2147  2162 W UserManagerService: isUserUnlockingOrUnlocked: state = 3
12-24 20:19:34.650  2147  2629 W UserManagerService: isUserUnlockingOrUnlocked: state = 3
12-24 20:19:34.658  2147  2629 D ActivityManager: NetworkStateThread start
12-24 20:19:34.660  2147  2629 W ContextImpl: Calling a method in the system process without a qualified user: android.app.ContextImpl.startService:1534 com.android.server.am.UserController$NetworkStateThread.run:532 <bottom of call stack> <bottom of call stack> <bottom of call stack> 
12-24 20:19:34.662  2147  2425 W UserManagerService: isUserUnlocked: state = 3
12-24 20:19:34.663  2147  2162 I ActivityManager: delay start boot complete
12-24 20:19:34.667  2147  2327 W UserManagerService: isUserUnlockingOrUnlocked: state = 3
12-24 20:19:34.668  2147  2629 W UserManagerService: isUserUnlockingOrUnlocked: state = 3
12-24 20:19:34.668  2147  2425 W UserManagerService: isUserUnlockingOrUnlocked: state = 3
12-24 20:19:34.670  2147  2162 W UserManagerService: isUserUnlockingOrUnlocked: state = 3
12-24 20:19:34.671  2147  2162 D ActivityManager: Load delayStartAppList.txt
12-24 20:19:34.673  2147  2147 W UserManagerService: isUserUnlockingOrUnlocked: state = 3
12-24 20:19:34.673  2147  2198 W UserManagerService: isUserUnlockingOrUnlocked: state = 3
12-24 20:19:34.674  2147  2198 I ActivityManager: startProcessLocked ProcessRecord{548efc6 0:com.peasun.aispeech/u0a13}
12-24 20:19:34.674  2147  2198 W UserManagerService: isUserUnlockingOrUnlocked: state = 3
12-24 20:19:34.676  2147  2162 I ActivityManager: mOtherApps.readFile; java.io.FileNotFoundException: /system/etc/delayStartAppList.txt (No such file or directory)
12-24 20:19:34.680  2147  2164 I ActivityManager: Start proc 2630:net.sunniwell.app.api/1000 for added application net.sunniwell.app.api
12-24 20:19:34.684  2147  2639 D ActivityManager: start other app.....
12-24 20:19:34.684  2147  2639 D ActivityManager: 0s start other app service
12-24 20:19:34.684  2147  2639 D ActivityManager: end other app.....
12-24 20:19:34.685  2147  2147 W UserManagerService: isUserUnlockingOrUnlocked: state = 3
12-24 20:19:34.693  2147  2147 I chatty  : uid=1000 system_server identical 1 line
12-24 20:19:34.694  2147  2147 W UserManagerService: isUserUnlockingOrUnlocked: state = 3
12-24 20:19:34.694  2147  2147 V NotificationAssistants: disabling notification assistant for user 0: ComponentInfo{android.ext.services/android.ext.services.notification.Assistant}
12-24 20:19:34.694  2147  2147 D NotificationListeners: Removing active service ComponentInfo{android.ext.services/android.ext.services.notification.Assistant}
12-24 20:19:34.704  2147  2147 V NotificationAssistants: enabling notification assistant for 0: ComponentInfo{android.ext.services/android.ext.services.notification.Assistant}
12-24 20:19:34.704  2147  2147 W UserManagerService: isUserUnlockingOrUnlocked: state = 3
12-24 20:19:34.705  2147  2147 V NotificationAssistants: binding: Intent { act=android.service.notification.NotificationAssistantService cmp=android.ext.services/.notification.Assistant (has extras) }
12-24 20:19:34.705  2147  2147 W UserManagerService: isUserUnlockingOrUnlocked: state = 3
12-24 20:19:34.710  2147  2198 W UserManagerService: isUserUnlockingOrUnlocked: state = 3
12-24 20:19:34.712  2147  2626 E BackupPasswordManager: Unable to read backup pw version
12-24 20:19:34.717  2147  2327 W UserManagerService: isUserUnlockingOrUnlocked: state = 3
12-24 20:19:34.724  2147  2626 E BackupPasswordManager: Unable to read saved backup pw hash
12-24 20:19:34.724  2147  2159 W UserManagerService: isUserUnlockingOrUnlocked: state = 3
12-24 20:19:34.737  2147  2164 I ActivityManager: Start proc 2652:net.sunniwell.service.stb.producttest/1000 for added application net.sunniwell.service.stb.producttest
12-24 20:19:34.741  2147  2198 W UserManagerService: isUserUnlockingOrUnlocked: state = 3
12-24 20:19:34.772  2147  2626 V BackupManagerService: No ancestral data
12-24 20:19:34.774  2147  2626 W UserManagerService: isUserUnlockingOrUnlocked: state = 3
12-24 20:19:34.782  2454  2584 W ContextImpl: Calling a method in the system process without a qualified user: android.app.ContextImpl.bindService:1614 android.content.ContextWrapper.bindService:698 net.sunniwell.app.guide.common.utils.apimanager.ApiHelper.bindService:163 net.sunniwell.app.guide.common.utils.apimanager.ApiHelper.lambda$bindService$1$ApiHelper:169 net.sunniwell.app.guide.common.utils.apimanager.-$$Lambda$ApiHelper$4g9rP2t1RuL5h41EuaobBexwhCg.run:2 
12-24 20:19:34.804  2147  2164 I ActivityManager: Start proc 2663:net.sunniwell.service.status/1000 for added application net.sunniwell.service.status
12-24 20:19:34.807  2147  2198 W UserManagerService: isUserUnlockingOrUnlocked: state = 3
12-24 20:19:34.818  2147  2198 W UserManagerService: isUserUnlockingOrUnlocked: state = 3
12-24 20:19:34.822  2147  2626 W UserManagerService: isUserUnlockingOrUnlocked: state = 3
12-24 20:19:34.829  2147  2147 W Looper  : Slow dispatch took 109ms main h=android.app.ActivityThread$H c=android.app.-$$Lambda$LoadedApk$ReceiverDispatcher$Args$_BumDX2UKsnxLVrE6UJsJZkotuA@101d549 m=0
12-24 20:19:34.830  2147  2147 D ConnectivityService: networkId null, isConnected true, isAvailable true
12-24 20:19:34.831  2147  2147 D ConnectivityService: networkId null, isConnected true, isAvailable true
12-24 20:19:34.837  2147  2164 I ActivityManager: Start proc 2679:com.iflytek.xiri2.system/1000 for added application com.iflytek.xiri2.system
12-24 20:19:34.838  2147  2626 W UserManagerService: isUserUnlockingOrUnlocked: state = 3
12-24 20:19:34.858  2147  2626 I chatty  : uid=1000(system) backup identical 9 lines
12-24 20:19:34.869  2147  2626 W UserManagerService: isUserUnlockingOrUnlocked: state = 3
12-24 20:19:34.874  2147  2327 W UserManagerService: isUserUnlockingOrUnlocked: state = 3
12-24 20:19:34.882  2147  2626 W UserManagerService: isUserUnlockingOrUnlocked: state = 3
12-24 20:19:34.883  2147  2164 I ActivityManager: Start proc 2686:net.sunniwell.inputmethod.swpinyin2/u0a23 for added application net.sunniwell.inputmethod.swpinyin2
12-24 20:19:34.888  2147  2327 W UserManagerService: isUserUnlockingOrUnlocked: state = 3
12-24 20:19:34.889  2147  2626 W UserManagerService: isUserUnlockingOrUnlocked: state = 3
12-24 20:19:34.893  2147  2327 W UserManagerService: isUserUnlockingOrUnlocked: state = 3
12-24 20:19:34.897  2147  2626 I BackupManagerService: Unlocking system user; mService=com.android.server.backup.BackupManagerService@21f5f8b
12-24 20:19:34.901  2147  2626 I BackupManagerService: Backup enabled => false
12-24 20:19:34.902  2147  2327 W UserManagerService: isUserUnlockingOrUnlocked: state = 3
12-24 20:19:34.913  2147  2164 I ActivityManager: Start proc 2693:com.goke.dlna.dmr/1000 for added application com.goke.dlna.dmr
12-24 20:19:34.937  2147  2164 I ActivityManager: Start proc 2699:net.sunniwell.app.power/1000 for added application net.sunniwell.app.power
12-24 20:19:34.948  2147  2626 V BackupManagerConstants: getKeyValueBackupIntervalMilliseconds(...) returns 14400000
12-24 20:19:34.966  2147  2626 V BackupManagerConstants: getKeyValueBackupFuzzMilliseconds(...) returns 600000
12-24 20:19:34.967  2147  2626 V BackupManagerConstants: getKeyValueBackupRequiredNetworkType(...) returns 1
12-24 20:19:34.967  2147  2626 V BackupManagerConstants: getKeyValueBackupRequireCharging(...) returns true
12-24 20:19:34.967  2147  2626 V KeyValueBackupJob: Scheduling k/v pass in 241 minutes
12-24 20:19:34.978  2147  2327 W UserManagerService: isUserUnlockingOrUnlocked: state = 3
12-24 20:19:34.985  2147  2147 W UserManagerService: isUserUnlockingOrUnlocked: state = 3
12-24 20:19:34.986  2147  2147 V SettingsProvider: Notifying for 0: content://settings/global/hidden_api_policy_pre_p_apps
12-24 20:19:34.992  2147  2147 W UserManagerService: isUserUnlockingOrUnlocked: state = 3
12-24 20:19:34.993  2147  2147 V SettingsProvider: Notifying for 0: content://settings/global/hidden_api_policy_p_apps
12-24 20:19:35.009  2147  2164 I ActivityManager: Start proc 2738:net.sunniwell.app.localplayer.sh/1000 for broadcast net.sunniwell.app.localplayer.sh/.reciever.MountBroadcastReceiver
12-24 20:19:35.026  2147  2198 W UserManagerService: isUserUnlockingOrUnlocked: state = 3
12-24 20:19:35.039  1895  1895 I android.hardware.wifi@1.0-service: Wifi HAL started
12-24 20:19:35.041  2147  2170 W UserManagerService: isUserUnlockingOrUnlocked: state = 3
12-24 20:19:35.046  1950  1950 I wificond: StartSupplicant kSupplicantInitProperty is 
12-24 20:19:35.046  1950  1950 I wificond: StartSupplicant kSupplicantServiceName is unisoc_supplicant
12-24 20:19:35.046  1950  1950 I wificond: StartSupplicant kSupplicantInitProperty is init.svc.unisoc_supplicant
12-24 20:19:35.053  1950  1950 I wificond: StartSupplicant ok count is 199
12-24 20:19:35.066  2147  2327 W UserManagerService: isUserUnlockingOrUnlocked: state = 3
12-24 20:19:35.082  2147  2159 W UserManagerService: isUserUnlockingOrUnlocked: state = 3
12-24 20:19:35.090  2454  2454 W ContextImpl: Calling a method in the system process without a qualified user: android.app.ContextImpl.startActivity:902 android.content.ContextWrapper.startActivity:401 androidx.core.content.ContextCompat.startActivity:251 com.alibaba.android.arouter.launcher._ARouter.startActivity:449 com.alibaba.android.arouter.launcher._ARouter.access$200:45 
12-24 20:19:35.097  2147  2327 W UserManagerService: isUserUnlockingOrUnlocked: state = 3
12-24 20:19:35.104  2147  2425 W UserManagerService: isUserUnlockingOrUnlocked: state = 3
12-24 20:19:35.104  2147  2425 I ActivityManager: START u0 {flg=0x10000000 cmp=net.sunniwell.app.guide/.bj.page.BjMainActivity (has extras)} from uid 1000
12-24 20:19:35.124  2454  2454 W ContextImpl: Calling a method in the system process without a qualified user: android.app.ContextImpl.sendBroadcast:1008 android.content.ContextWrapper.sendBroadcast:444 android.content.ContextWrapper.sendBroadcast:444 android.app.ActivityThread.sendActivityStateBroadcast:3804 android.app.ActivityThread.performPauseActivityIfNeeded:4055 
12-24 20:19:35.125  2147  2233 W UserManagerService: isUserUnlockingOrUnlocked: state = 3
12-24 20:19:35.125  2147  2425 W UserManagerService: isUserUnlockingOrUnlocked: state = 3
12-24 20:19:35.139  2147  2327 W UserManagerService: isUserUnlockingOrUnlocked: state = 3
12-24 20:19:35.147  2147  2164 I ActivityManager: Start proc 2774:com.peasun.aispeech/u0a13 for service com.peasun.aispeech/com.sharjie.whatsinput.AirInputMethod
12-24 20:19:35.200  2147  2171 W WindowManager: App freeze timeout expired.
12-24 20:19:35.218  2147  2159 W UserManagerService: isUserUnlockingOrUnlocked: state = 3
12-24 20:19:35.244  2147  2198 W UserManagerService: isUserUnlockingOrUnlocked: state = 3
12-24 20:19:35.260  2147  2159 W UserManagerService: isUserUnlockingOrUnlocked: state = 3
12-24 20:19:35.272  2147  2425 W UserManagerService: isUserUnlockingOrUnlocked: state = 3
12-24 20:19:35.286  2147  2159 W UserManagerService: isUserUnlockingOrUnlocked: state = 3
12-24 20:19:35.291  2147  2427 W UserManagerService: isUserUnlockingOrUnlocked: state = 3
12-24 20:19:35.296  2147  2159 W UserManagerService: isUserUnlockingOrUnlocked: state = 3
12-24 20:19:35.303  2147  2159 W UserManagerService: isUserUnlockingOrUnlocked: state = 3
12-24 20:19:35.308  2147  2327 W UserManagerService: isUserUnlockingOrUnlocked: state = 3
12-24 20:19:35.309  2147  2327 I ActivityManager: START u0 {flg=0x10200000 cmp=tv.icntv.ott/.icntv} from uid 1000
12-24 20:19:35.312  2454  2454 W ContextImpl: Calling a method in the system process without a qualified user: android.app.ContextImpl.startService:1534 android.content.ContextWrapper.startService:664 android.content.ContextWrapper.startService:664 net.sunniwell.app.guide.bj.utils.AuthUtil.startOttAuth:49 net.sunniwell.app.guide.bj.page.BjMainActivity.checkModeType:173 
12-24 20:19:35.313  2147  2327 W UserManagerService: isUserUnlockingOrUnlocked: state = 3
12-24 20:19:35.313  2147  2327 W ActivityManager: Unable to start service Intent { act=net.sunniwell.action.AUTHENTICATION flg=0x10000000 pkg=com.huawei.stb.tm1 } U=0: not found
12-24 20:19:35.325  2147  2327 W UserManagerService: isUserUnlockingOrUnlocked: state = 3
12-24 20:19:35.328  2147  2327 I chatty  : uid=1000(system) Binder:2147_4 identical 1 line
12-24 20:19:35.332  2147  2327 W UserManagerService: isUserUnlockingOrUnlocked: state = 3
12-24 20:19:35.340  2679  2679 W ContextImpl: Calling a method in the system process without a qualified user: android.app.ContextImpl.startService:1534 android.content.ContextWrapper.startService:664 com.iflytek.xirihelpersupervisor.DaemonApplication.startDaemonService:82 com.iflytek.xirihelpersupervisor.DaemonApplication.onCreate:32 android.app.Instrumentation.callApplicationOnCreate:1154 
12-24 20:19:35.342  2147  2159 W UserManagerService: isUserUnlockingOrUnlocked: state = 3
12-24 20:19:35.347  2147  2159 W UserManagerService: isUserUnlockingOrUnlocked: state = 3
12-24 20:19:35.350  2679  2679 W ContextImpl: Calling a method in the system process without a qualified user: android.app.ContextImpl.startService:1534 android.content.ContextWrapper.startService:664 com.iflytek.xirihelpersupervisor.DaemonApplication.startQueryTopActivity:99 com.iflytek.xirihelpersupervisor.DaemonApplication.onCreate:34 android.app.Instrumentation.callApplicationOnCreate:1154 
12-24 20:19:35.353  2147  2327 W UserManagerService: isUserUnlockingOrUnlocked: state = 3
12-24 20:19:35.359  2147  2327 I chatty  : uid=1000(system) Binder:2147_4 identical 1 line
12-24 20:19:35.375  2147  2327 W UserManagerService: isUserUnlockingOrUnlocked: state = 3
12-24 20:19:35.378  2147  2162 W UserManagerService: isUserUnlockingOrUnlocked: state = 3
12-24 20:19:35.379  2147  2162 W UserManagerService: isUserUnlockingOrUnlocked: state = 3
12-24 20:19:35.438  2147  2159 W UserManagerService: isUserUnlockingOrUnlocked: state = 3
12-24 20:19:35.465  2147  2425 D ConnectivityService: networkId null, isConnected true, isAvailable true
12-24 20:19:35.470  2147  2425 W UserManagerService: isUserUnlockingOrUnlocked: state = 3
12-24 20:19:35.473  2147  2425 W UserManagerService: isUserUnlockingOrUnlocked: state = 3
12-24 20:19:35.476  2147  2425 D ConnectivityService: networkId null, isConnected true, isAvailable true
12-24 20:19:35.535  2147  2162 W UserManagerService: isUserUnlockingOrUnlocked: state = 3
12-24 20:19:35.536  2147  2162 W UserManagerService: isUserUnlockingOrUnlocked: state = 3
12-24 20:19:35.555  2147  2159 W UserManagerService: isUserUnlockingOrUnlocked: state = 3
12-24 20:19:35.560  2147  2159 W UserManagerService: isUserUnlockingOrUnlocked: state = 3
12-24 20:19:35.564  2147  2147 W UserManagerService: isUserUnlockingOrUnlocked: state = 3
12-24 20:19:35.564  2147  2147 V SettingsProvider: Notifying for 0: content://settings/global/hidden_api_policy_pre_p_apps
12-24 20:19:35.568  2147  2327 W UserManagerService: isUserUnlockingOrUnlocked: state = 3
12-24 20:19:35.569  2147  2147 W UserManagerService: isUserUnlockingOrUnlocked: state = 3
12-24 20:19:35.569  2147  2147 V SettingsProvider: Notifying for 0: content://settings/global/hidden_api_policy_p_apps
12-24 20:19:35.579  2147  2327 D ConnectivityService: networkId null, isConnected true, isAvailable true
12-24 20:19:35.581  2147  2327 D ConnectivityService: networkId null, isConnected true, isAvailable true
12-24 20:19:35.581  2147  2425 W UserManagerService: isUserUnlockingOrUnlocked: state = 3
12-24 20:19:35.604  2147  2159 W UserManagerService: isUserUnlockingOrUnlocked: state = 3
12-24 20:19:35.609  2699  2699 W ContextImpl: Calling a method in the system process without a qualified user: android.app.ContextImpl.bindService:1614 android.content.ContextWrapper.bindService:698 net.sunniwell.app.power.base.BaseApplication.bindApiService:109 net.sunniwell.app.power.base.BaseApplication.onCreate:43 net.sunniwell.app.power.PowerApplication.onCreate:39 
12-24 20:19:35.624  2147  2159 D ActivityManager: Not open by default transition animation scale
12-24 20:19:35.628  2147  2327 W UserManagerService: isUserUnlockingOrUnlocked: state = 3
12-24 20:19:35.638  2147  2327 W UserManagerService: isUserUnlockingOrUnlocked: state = 3
12-24 20:19:35.640  2454  2454 W ContextImpl: Calling a method in the system process without a qualified user: android.app.ContextImpl.sendBroadcast:1008 android.content.ContextWrapper.sendBroadcast:444 android.content.ContextWrapper.sendBroadcast:444 android.app.ActivityThread.sendActivityStateBroadcast:3804 android.app.ActivityThread.performResumeActivity:3789 
12-24 20:19:35.643  2147  2327 W UserManagerService: isUserUnlockingOrUnlocked: state = 3
12-24 20:19:35.649  2147  2425 W UserManagerService: isUserUnlockingOrUnlocked: state = 3
12-24 20:19:35.665  2147  2327 W UserManagerService: isUserUnlockingOrUnlocked: state = 3
12-24 20:19:35.671  2147  2327 W UserManagerService: isUserUnlockingOrUnlocked: state = 3
12-24 20:19:35.682  2147  2425 W UserManagerService: isUserUnlockingOrUnlocked: state = 3
12-24 20:19:35.703  2147  2327 D ConnectivityService: networkId null, isConnected true, isAvailable true
12-24 20:19:35.723  2147  2327 W UserManagerService: isUserUnlockingOrUnlocked: state = 3
12-24 20:19:35.771  2147  2327 I chatty  : uid=1000(system) Binder:2147_4 identical 3 lines
12-24 20:19:35.780  2147  2327 W UserManagerService: isUserUnlockingOrUnlocked: state = 3
12-24 20:19:35.796  2147  2327 D ConnectivityService: networkId null, isConnected true, isAvailable true
12-24 20:19:35.800  2147  2425 D ConnectivityService: networkId null, isConnected true, isAvailable true
12-24 20:19:35.800  2147  2327 W UserManagerService: isUserUnlockingOrUnlocked: state = 3
12-24 20:19:35.805  2147  2425 W UserManagerService: isUserUnlockingOrUnlocked: state = 3
12-24 20:19:35.811  2147  2161 W UserManagerService: isUserUnlockingOrUnlocked: state = 3
12-24 20:19:35.814  2147  2161 I chatty  : uid=1000(system) android.bg identical 2 lines
12-24 20:19:35.817  2147  2161 W UserManagerService: isUserUnlockingOrUnlocked: state = 3
12-24 20:19:35.817  2147  2425 D ConnectivityService: networkId null, isConnected true, isAvailable true
12-24 20:19:35.822  2147  2327 I ActivityManager: startProcessLocked ProcessRecord{b850f4b 0:android.process.media/1000}
12-24 20:19:35.823  2147  2327 W UserManagerService: isUserUnlockingOrUnlocked: state = 3
12-24 20:19:35.828  2147  2161 W UserManagerService: isUserUnlocked: state = 3
12-24 20:19:35.828  2147  2161 W UserManagerService: isUserUnlockingOrUnlocked: state = 3
12-24 20:19:35.838  2147  2161 I chatty  : uid=1000(system) android.bg identical 1 line
12-24 20:19:35.839  2147  2161 W UserManagerService: isUserUnlockingOrUnlocked: state = 3
12-24 20:19:35.846  2147  2164 I ActivityManager: Start proc 2829:android.process.media/1000 for broadcast com.android.providers.downloads/.DownloadReceiver
12-24 20:19:35.848  2147  2327 W UserManagerService: isUserUnlockingOrUnlocked: state = 3
12-24 20:19:35.896  2147  2198 W UserManagerService: isUserUnlockingOrUnlocked: state = 3
12-24 20:19:35.906  2147  2327 W UserManagerService: isUserUnlockingOrUnlocked: state = 3
12-24 20:19:35.915  2147  2162 W UserManagerService: isUserUnlockingOrUnlocked: state = 3
12-24 20:19:35.915  2147  2162 W UserManagerService: isUserUnlockingOrUnlocked: state = 3
12-24 20:19:35.920  2147  2198 W UserManagerService: isUserUnlockingOrUnlocked: state = 3
12-24 20:19:35.922  2147  2198 I ActivityManager: START u0 {act=com.peasun.voiceble.start flg=0x14000000 cmp=com.peasun.aispeech/.TranslucentActivity (has extras)} from uid 10013
12-24 20:19:35.923  2147  2198 W UserManagerService: isUserUnlockingOrUnlocked: state = 3
12-24 20:19:35.963  2454  2454 W ContextImpl: Calling a method in the system process without a qualified user: android.app.ContextImpl.sendBroadcast:1008 android.content.ContextWrapper.sendBroadcast:444 android.content.ContextWrapper.sendBroadcast:444 android.app.ActivityThread.sendActivityStateBroadcast:3804 android.app.ActivityThread.performPauseActivityIfNeeded:4055 
12-24 20:19:35.973  2147  2327 W UserManagerService: isUserUnlockingOrUnlocked: state = 3
12-24 20:19:35.973  2147  2198 W UserManagerService: isUserUnlockingOrUnlocked: state = 3
12-24 20:19:35.976  2147  2198 W UserManagerService: isUserUnlockingOrUnlocked: state = 3
12-24 20:19:35.980  2147  2159 W UserManagerService: isUserUnlockingOrUnlocked: state = 3
12-24 20:19:36.010  2147  2159 I chatty  : uid=1000(system) Binder:2147_2 identical 3 lines
12-24 20:19:36.014  2147  2159 W UserManagerService: isUserUnlockingOrUnlocked: state = 3
12-24 20:19:36.015  2147  2425 W UserManagerService: isUserUnlockingOrUnlocked: state = 3
12-24 20:19:36.017  2147  2425 W UserManagerService: isUserUnlockingOrUnlocked: state = 3
12-24 20:19:36.017  2147  2159 W UserManagerService: isUserUnlockingOrUnlocked: state = 3
12-24 20:19:36.019  2147  2425 W UserManagerService: isUserUnlockingOrUnlocked: state = 3
12-24 20:19:36.020  2147  2425 W UserManagerService: isUserUnlockingOrUnlocked: state = 3
12-24 20:19:36.021  2147  2147 W UserManagerService: isUserUnlockingOrUnlocked: state = 3
12-24 20:19:36.022  2147  2425 W UserManagerService: isUserUnlockingOrUnlocked: state = 3
12-24 20:19:36.029  2147  2425 I chatty  : uid=1000(system) Binder:2147_5 identical 1 line
12-24 20:19:36.036  2147  2425 W UserManagerService: isUserUnlockingOrUnlocked: state = 3
12-24 20:19:36.051  2147  2327 W UserManagerService: isUserUnlockingOrUnlocked: state = 3
12-24 20:19:36.055  2147  2327 I chatty  : uid=1000(system) Binder:2147_4 identical 1 line
12-24 20:19:36.060  2147  2327 W UserManagerService: isUserUnlockingOrUnlocked: state = 3
12-24 20:19:36.076  2147  2425 W UserManagerService: isUserUnlockingOrUnlocked: state = 3
12-24 20:19:36.090  2147  2159 W UserManagerService: isUserUnlockingOrUnlocked: state = 3
12-24 20:19:36.099  2147  2327 W UserManagerService: isUserUnlockingOrUnlocked: state = 3
12-24 20:19:36.101  2147  2327 W UserManagerService: isUserUnlockingOrUnlocked: state = 3
12-24 20:19:36.108  2147  2425 W UserManagerService: isUserUnlockingOrUnlocked: state = 3
12-24 20:19:36.111  2147  2425 E WindowManager: App trying to use insecure INPUT_FEATURE_NO_INPUT_CHANNEL flag. Ignoring
12-24 20:19:36.112  2147  2159 D ActivityManager: com.android.providers.media return ActivityManager.APP_START_MODE_NORMAL
12-24 20:19:36.112  2147  2159 I ActivityManager: startProcessLocked ProcessRecord{b711b7a 0:android.process.media/u0a2}
12-24 20:19:36.113  2147  2159 W UserManagerService: isUserUnlockingOrUnlocked: state = 3
12-24 20:19:36.118  2147  2159 W UserManagerService: isUserUnlockingOrUnlocked: state = 3
12-24 20:19:36.168  2147  2164 I ActivityManager: Start proc 2860:android.process.media/u0a2 for broadcast com.android.providers.media/.MediaScannerReceiver
12-24 20:19:36.169  2147  2425 W UserManagerService: isUserUnlockingOrUnlocked: state = 3
12-24 20:19:36.173  2147  2425 I chatty  : uid=1000(system) Binder:2147_5 identical 1 line
12-24 20:19:36.173  2147  2425 W UserManagerService: isUserUnlockingOrUnlocked: state = 3
12-24 20:19:36.189  2147  2162 W BroadcastQueue: Permission Denial: broadcasting Intent { act=android.net.conn.CONNECTIVITY_CHANGE flg=0x4200010 (has extras) } from null (pid=-1, uid=-1) requires com.goke.dlna.DMP_NETWORK_BROADCAST due to registered receiver BroadcastFilter{8bc2d21 u0 ReceiverList{6fbbf88 2693 com.goke.dlna.dmr/1000/u0 remote:fe40f2b}}
12-24 20:19:36.196  2147  2169 D NetworkManagementService: NetdResponseCode.InterfaceAddressChange
12-24 20:19:36.197  2147  2169 D NetworkManagementService: InterfaceAddressChange iface =wlan0 flags=196 scope=253 address=fe80::2eb0:fdff:fec6:2395/64
12-24 20:19:36.197  2147  2169 D NetworkManagementService: InterfaceAddressChange before notifyAddressUpdated iface=wlan0 address=fe80::2eb0:fdff:fec6:2395/64
12-24 20:19:36.199  2147  2327 W UserManagerService: isUserUnlockingOrUnlocked: state = 3
12-24 20:19:36.211  2147  2327 W UserManagerService: isUserUnlockingOrUnlocked: state = 3
12-24 20:19:36.214  2147  2159 W UserManagerService: isUserUnlockingOrUnlocked: state = 3
12-24 20:19:36.231  2147  2198 W UserManagerService: isUserUnlockingOrUnlocked: state = 3
12-24 20:19:36.273  2147  2327 W UserManagerService: isUserUnlockingOrUnlocked: state = 3
12-24 20:19:36.298  2147  2327 W UserManagerService: isUserUnlockingOrUnlocked: state = 3
12-24 20:19:36.311  2147  2198 W UserManagerService: isUserUnlockingOrUnlocked: state = 3
12-24 20:19:36.348  2147  2427 W UserManagerService: isUserUnlockingOrUnlocked: state = 3
12-24 20:19:36.361  2147  2198 W UserManagerService: isUserUnlockingOrUnlocked: state = 3
12-24 20:19:36.362  1895  1895 I android.hardware.wifi@1.0-service: Adding interface handle for wlan0
12-24 20:19:36.362  1895  1895 E android.hardware.wifi@1.0-service: Failed to register radio mode change callback
12-24 20:19:36.362  1895  1895 I android.hardware.wifi@1.0-service: Configured chip in mode 0
12-24 20:19:36.362  2147  2327 D ActivityManager: Not open by default transition animation scale
12-24 20:19:36.367  1895  1895 E android.hardware.wifi@1.0-service: Failed to set DFS flag; DFS channels may be unavailable.
12-24 20:19:36.372  2147  2427 W UserManagerService: isUserUnlockingOrUnlocked: state = 3
12-24 20:19:36.405  2454  2454 W ContextImpl: Calling a method in the system process without a qualified user: android.app.ContextImpl.sendBroadcast:1008 android.content.ContextWrapper.sendBroadcast:444 android.content.ContextWrapper.sendBroadcast:444 android.app.ActivityThread.sendActivityStateBroadcast:3804 android.app.ActivityThread.performResumeActivity:3789 
12-24 20:19:36.406  2147  2198 W UserManagerService: isUserUnlockingOrUnlocked: state = 3
12-24 20:19:36.450  2147  2427 W UserManagerService: isUserUnlockingOrUnlocked: state = 3
12-24 20:19:36.451  2147  2147 D BluetoothManagerService: Bluetooth Adapter address changed to 2C:B0:FD:C5:60:43
12-24 20:19:36.452  2147  2147 D BluetoothManagerService: Stored Bluetoothaddress: 2C:B0:FD:C5:60:43
12-24 20:19:36.452  2147  2427 W UserManagerService: isUserUnlockingOrUnlocked: state = 3
12-24 20:19:36.453  2147  2147 D BluetoothManagerService: Bluetooth Adapter name changed to CM311-5s-ZG
12-24 20:19:36.453  2147  2147 D BluetoothManagerService: Stored Bluetooth name: CM311-5s-ZG
12-24 20:19:36.455  2147  2427 W UserManagerService: isUserUnlockingOrUnlocked: state = 3
12-24 20:19:36.465  2147  2427 I chatty  : uid=1000(system) Binder:2147_6 identical 2 lines
