12-24 20:35:41.901  2147  2198 I chatty  : uid=1000(system) Binder:2147_3 identical 1 line
12-24 20:35:42.053  2147  2198 W UserManagerService: isUserUnlockingOrUnlocked: state = 3
12-24 20:35:42.069  2147  2427 W UserManagerService: isUserUnlockingOrUnlocked: state = 3
12-24 20:35:42.079  2147  2198 W UserManagerService: isUserUnlockingOrUnlocked: state = 3
12-24 20:35:42.104  2147  2427 W UserManagerService: isUserUnlockingOrUnlocked: state = 3
12-24 20:35:42.217  2147  2427 I chatty  : uid=1000(system) Binder:2147_6 identical 4 lines
12-24 20:35:42.377  2147  2427 W UserManagerService: isUserUnlockingOrUnlocked: state = 3
12-24 20:35:42.534  2147  2198 W UserManagerService: isUserUnlockingOrUnlocked: state = 3
12-24 20:35:44.365  2147  2198 I chatty  : uid=1000(system) Binder:2147_3 identical 12 lines
12-24 20:35:44.515  2147  2198 W UserManagerService: isUserUnlockingOrUnlocked: state = 3
12-24 20:35:44.665  2147  2427 W UserManagerService: isUserUnlockingOrUnlocked: state = 3
12-24 20:35:44.668  2312  2740 I bt_stack: [INFO:port_api.cc(230)] RFCOMM_CreateConnection: bd_addr=ff:ff:ff:ff:ff:ff, scn=3, is_server=1, mtu=990, uuid=0x0039, dlci=6, signal_state=0x0b, p_port=0x98b7144c
12-24 20:35:44.670  2774  4350 I chatty  : uid=10013(com.peasun.aispeech) expire 2 lines
12-24 20:35:47.479  2774  2800 I chatty  : uid=10013(com.peasun.aispeech) Binder:2774_1 expire 10 lines
12-24 20:35:50.666  2774  2774 I chatty  : uid=10013(com.peasun.aispeech) expire 14 lines
12-24 20:35:50.670  2312  2740 I bt_stack: [INFO:port_api.cc(230)] RFCOMM_CreateConnection: bd_addr=ff:ff:ff:ff:ff:ff, scn=3, is_server=1, mtu=990, uuid=0x0039, dlci=6, signal_state=0x0b, p_port=0x98b714d4
12-24 20:35:50.672  2774  4354 I chatty  : uid=10013(com.peasun.aispeech) expire 2 lines
12-24 20:35:50.751  2699  2699 I chatty  : uid=1000(system) net.sunniwell.app.power expire 10 lines
12-24 20:35:51.627  2774  4355 I chatty  : uid=10013(com.peasun.aispeech) expire 2 lines
12-24 20:35:56.675  2312  2740 I bt_stack: [INFO:port_api.cc(230)] RFCOMM_CreateConnection: bd_addr=ff:ff:ff:ff:ff:ff, scn=3, is_server=1, mtu=990, uuid=0x0039, dlci=6, signal_state=0x0b, p_port=0x98b7155c
12-24 20:35:56.675  2774  4357 I chatty  : uid=10013(com.peasun.aispeech) expire 2 lines
12-24 20:36:01.634  2774  4358 I chatty  : uid=10013(com.peasun.aispeech) expire 2 lines
12-24 20:36:01.997  1906  1906 D BufferLayer: BufferLayer(a3b53bc PopupWindow:ab6ab61#0): hwGraphics handle = 0xab222f60
12-24 20:36:01.680  2147  2427 I chatty  : uid=1000(system) Binder:2147_6 identical 115 lines
12-24 20:36:01.838  2147  2427 W UserManagerService: isUserUnlockingOrUnlocked: state = 3
12-24 20:36:01.998  2147  2427 E WindowManager: App trying to use insecure INPUT_FEATURE_NO_INPUT_CHANNEL flag. Ignoring
12-24 20:36:02.006  2147  2427 W UserManagerService: isUserUnlockingOrUnlocked: state = 3
12-24 20:36:02.677  2312  2740 I bt_stack: [INFO:port_api.cc(230)] RFCOMM_CreateConnection: bd_addr=ff:ff:ff:ff:ff:ff, scn=3, is_server=1, mtu=990, uuid=0x0039, dlci=6, signal_state=0x0b, p_port=0x98b715e4
12-24 20:36:02.678  2774  4359 I chatty  : uid=10013(com.peasun.aispeech) expire 2 lines
12-24 20:36:03.087  1906  1906 D BufferLayer: BufferLayer(b88869a PopupWindow:318c255#0): hwGraphics handle = 0xab222f60
12-24 20:36:02.893  2147  2427 I chatty  : uid=1000(system) Binder:2147_6 identical 7 lines
12-24 20:36:03.046  2147  2427 W UserManagerService: isUserUnlockingOrUnlocked: state = 3
12-24 20:36:03.088  2147  2198 E WindowManager: App trying to use insecure INPUT_FEATURE_NO_INPUT_CHANNEL flag. Ignoring
12-24 20:36:03.091  2147  2198 W UserManagerService: isUserUnlockingOrUnlocked: state = 3
12-24 20:36:03.147  1906  1906 D BufferLayer: BufferLayer(147efa8 PopupWindow:7702ed1#0): hwGraphics handle = 0xab222f60
12-24 20:36:03.148  2147  2198 E WindowManager: App trying to use insecure INPUT_FEATURE_NO_INPUT_CHANNEL flag. Ignoring
12-24 20:36:03.151  2147  2427 W UserManagerService: isUserUnlockingOrUnlocked: state = 3
12-24 20:36:03.244  1906  1906 D BufferLayer: BufferLayer(8d87266 PopupWindow:2f7e70d#0): hwGraphics handle = 0xab222f60
12-24 20:36:03.168  2147  2427 W UserManagerService: isUserUnlockingOrUnlocked: state = 3
12-24 20:36:03.245  2147  2427 E WindowManager: App trying to use insecure INPUT_FEATURE_NO_INPUT_CHANNEL flag. Ignoring
12-24 20:36:03.248  2147  2427 W UserManagerService: isUserUnlockingOrUnlocked: state = 3
12-24 20:36:03.308  1906  1906 D BufferLayer: BufferLayer(a005e54 PopupWindow:4c8e709#0): hwGraphics handle = 0xab222f60
12-24 20:36:03.309  2147  2427 E WindowManager: App trying to use insecure INPUT_FEATURE_NO_INPUT_CHANNEL flag. Ignoring
12-24 20:36:03.312  2147  2427 W UserManagerService: isUserUnlockingOrUnlocked: state = 3
12-24 20:36:03.370  1906  1906 D BufferLayer: BufferLayer(fe94ef2 PopupWindow:a8feac5#0): hwGraphics handle = 0xab222f60
12-24 20:36:03.328  2147  2427 W UserManagerService: isUserUnlockingOrUnlocked: state = 3
12-24 20:36:03.371  2147  2427 E WindowManager: App trying to use insecure INPUT_FEATURE_NO_INPUT_CHANNEL flag. Ignoring
12-24 20:36:03.374  2147  2198 W UserManagerService: isUserUnlockingOrUnlocked: state = 3
12-24 20:36:03.567  1906  1906 D BufferLayer: BufferLayer(d2f0bc0 PopupWindow:6096e41#0): hwGraphics handle = 0xab222f60
12-24 20:36:03.468  2147  2198 W UserManagerService: isUserUnlockingOrUnlocked: state = 3
12-24 20:36:03.568  2147  2198 E WindowManager: App trying to use insecure INPUT_FEATURE_NO_INPUT_CHANNEL flag. Ignoring
12-24 20:36:03.572  2147  2198 W UserManagerService: isUserUnlockingOrUnlocked: state = 3
12-24 20:36:03.584  1906  1906 D BufferLayer: BufferLayer(PopupWindow:6096e41#0): hwGraphics handle = 0xab222f60
12-24 20:36:03.597  2147  2427 W UserManagerService: isUserUnlockingOrUnlocked: state = 3
12-24 20:36:03.598  2147  2425 W UserManagerService: isUserUnlockingOrUnlocked: state = 3
12-24 20:36:03.602  1906  2031 W         : buffer descriptor with invalid usage bits 0x400
12-24 20:36:03.703  1906  1906 D BufferLayer: BufferLayer(8b9683e PopupWindow:e3dad7d#0): hwGraphics handle = 0xab222f60
12-24 20:36:03.599  2147  2425 I chatty  : uid=1000(system) Binder:2147_5 identical 1 line
12-24 20:36:03.654  2147  2425 W UserManagerService: isUserUnlockingOrUnlocked: state = 3
12-24 20:36:03.704  2147  2425 E WindowManager: App trying to use insecure INPUT_FEATURE_NO_INPUT_CHANNEL flag. Ignoring
12-24 20:36:03.708  2147  2425 W UserManagerService: isUserUnlockingOrUnlocked: state = 3
12-24 20:36:03.743  1906  1906 D BufferLayer: BufferLayer(3d923ec PopupWindow:87ca479#0): hwGraphics handle = 0xab222f60
12-24 20:36:03.744  2147  2425 E WindowManager: App trying to use insecure INPUT_FEATURE_NO_INPUT_CHANNEL flag. Ignoring
12-24 20:36:03.748  2147  2425 W UserManagerService: isUserUnlockingOrUnlocked: state = 3
12-24 20:36:03.809  1906  1906 D BufferLayer: BufferLayer(adfca4a PopupWindow:51a0f35#0): hwGraphics handle = 0xab222f60
12-24 20:36:03.771  2147  2425 W UserManagerService: isUserUnlockingOrUnlocked: state = 3
12-24 20:36:03.810  2147  2198 E WindowManager: App trying to use insecure INPUT_FEATURE_NO_INPUT_CHANNEL flag. Ignoring
12-24 20:36:03.814  2147  2425 W UserManagerService: isUserUnlockingOrUnlocked: state = 3
12-24 20:36:04.098  1906  1906 D BufferLayer: BufferLayer(2a92d8 PopupWindow:479efed#0): hwGraphics handle = 0xab222f60
12-24 20:36:03.900  2147  2425 I chatty  : uid=1000(system) Binder:2147_5 identical 1 line
12-24 20:36:04.058  2147  2425 W UserManagerService: isUserUnlockingOrUnlocked: state = 3
12-24 20:36:04.100  2147  2425 E WindowManager: App trying to use insecure INPUT_FEATURE_NO_INPUT_CHANNEL flag. Ignoring
12-24 20:36:04.106  2147  2425 W UserManagerService: isUserUnlockingOrUnlocked: state = 3
12-24 20:36:04.138  1906  1906 D BufferLayer: BufferLayer(e584116 PopupWindow:6129de9#0): hwGraphics handle = 0xab222f60
12-24 20:36:04.141  2147  2425 E WindowManager: App trying to use insecure INPUT_FEATURE_NO_INPUT_CHANNEL flag. Ignoring
12-24 20:36:04.150  2147  2425 W UserManagerService: isUserUnlockingOrUnlocked: state = 3
12-24 20:36:04.172  2147  2198 W UserManagerService: isUserUnlockingOrUnlocked: state = 3
12-24 20:36:04.219  1906  1906 D BufferLayer: BufferLayer(9220484 PopupWindow:b6e2fa5#0): hwGraphics handle = 0xab222f60
12-24 20:36:04.220  2147  2425 E WindowManager: App trying to use insecure INPUT_FEATURE_NO_INPUT_CHANNEL flag. Ignoring
12-24 20:36:04.223  2147  2198 W UserManagerService: isUserUnlockingOrUnlocked: state = 3
12-24 20:36:04.281  1906  1906 D BufferLayer: BufferLayer(d0f58a2 PopupWindow:6372121#0): hwGraphics handle = 0xab222f60
12-24 20:36:04.282  2147  2198 E WindowManager: App trying to use insecure INPUT_FEATURE_NO_INPUT_CHANNEL flag. Ignoring
12-24 20:36:04.287  2147  2198 W UserManagerService: isUserUnlockingOrUnlocked: state = 3
12-24 20:36:04.313  1906  1906 D BufferLayer: BufferLayer(4fce4f0 PopupWindow:e43ae5d#0): hwGraphics handle = 0xab222f60
12-24 20:36:04.314  2147  2198 E WindowManager: App trying to use insecure INPUT_FEATURE_NO_INPUT_CHANNEL flag. Ignoring
12-24 20:36:04.319  2147  2425 W UserManagerService: isUserUnlockingOrUnlocked: state = 3
12-24 20:36:04.344  1906  1906 D BufferLayer: BufferLayer(12e5cee PopupWindow:891d359#0): hwGraphics handle = 0xab222f60
12-24 20:36:04.345  2147  2425 E WindowManager: App trying to use insecure INPUT_FEATURE_NO_INPUT_CHANNEL flag. Ignoring
12-24 20:36:04.348  2147  2425 W UserManagerService: isUserUnlockingOrUnlocked: state = 3
12-24 20:36:05.075  1906  1906 D BufferLayer: BufferLayer(e63601c PopupWindow:9d99491#0): hwGraphics handle = 0xab222f60
12-24 20:36:04.828  2147  2425 I chatty  : uid=1000(system) Binder:2147_5 identical 4 lines
12-24 20:36:04.992  2147  2425 W UserManagerService: isUserUnlockingOrUnlocked: state = 3
12-24 20:36:05.078  2147  2425 E WindowManager: App trying to use insecure INPUT_FEATURE_NO_INPUT_CHANNEL flag. Ignoring
12-24 20:36:05.083  2147  2425 W UserManagerService: isUserUnlockingOrUnlocked: state = 3
12-24 20:36:05.520  1906  1906 D BufferLayer: BufferLayer(c2759fa PopupWindow:9106485#0): hwGraphics handle = 0xab222f60
12-24 20:36:05.247  2147  2425 I chatty  : uid=1000(system) Binder:2147_5 identical 2 lines
12-24 20:36:05.400  2147  2425 W UserManagerService: isUserUnlockingOrUnlocked: state = 3
12-24 20:36:05.521  2147  2425 E WindowManager: App trying to use insecure INPUT_FEATURE_NO_INPUT_CHANNEL flag. Ignoring
12-24 20:36:05.525  2147  2198 W UserManagerService: isUserUnlockingOrUnlocked: state = 3
12-24 20:36:08.338  2650  2786 I chatty  : uid=0(root) libpcapcmcc.so expire 33 lines
12-24 20:36:08.679  2774  2774 I chatty  : uid=10013(com.peasun.aispeech) expire 15 lines
12-24 20:36:08.683  2312  2740 I bt_stack: [INFO:port_api.cc(230)] RFCOMM_CreateConnection: bd_addr=ff:ff:ff:ff:ff:ff, scn=3, is_server=1, mtu=990, uuid=0x0039, dlci=6, signal_state=0x0b, p_port=0x98b7166c
12-24 20:36:08.685  2774  4361 I chatty  : uid=10013(com.peasun.aispeech) expire 2 lines
12-24 20:36:10.821  2699  2699 I chatty  : uid=1000(system) net.sunniwell.app.power expire 10 lines
12-24 20:36:11.479  2147  2198 I chatty  : uid=1000(system) Binder:2147_3 identical 41 lines
12-24 20:36:11.611  2147  2198 W UserManagerService: isUserUnlockingOrUnlocked: state = 3
12-24 20:36:11.623  2147  2425 W UserManagerService: isUserUnlockingOrUnlocked: state = 3
12-24 20:36:11.641  2774  4362 I chatty  : uid=10013(com.peasun.aispeech) expire 2 lines
12-24 20:36:11.773  2147  2198 W UserManagerService: isUserUnlockingOrUnlocked: state = 3
12-24 20:36:11.915  2147  2198 I chatty  : uid=1000(system) Binder:2147_3 identical 1 line
12-24 20:36:12.054  2147  2198 W UserManagerService: isUserUnlockingOrUnlocked: state = 3
12-24 20:36:12.074  2147  2425 W UserManagerService: isUserUnlockingOrUnlocked: state = 3
12-24 20:36:12.082  2147  2198 W UserManagerService: isUserUnlockingOrUnlocked: state = 3
12-24 20:36:12.134  2147  2198 I chatty  : uid=1000(system) Binder:2147_3 identical 2 lines
12-24 20:36:12.160  2147  2198 W UserManagerService: isUserUnlockingOrUnlocked: state = 3
12-24 20:36:12.205  2147  2425 W UserManagerService: isUserUnlockingOrUnlocked: state = 3
12-24 20:36:14.685  2312  2740 I bt_stack: [INFO:port_api.cc(230)] RFCOMM_CreateConnection: bd_addr=ff:ff:ff:ff:ff:ff, scn=3, is_server=1, mtu=990, uuid=0x0039, dlci=6, signal_state=0x0b, p_port=0x98b716f4
12-24 20:36:14.686  2774  4363 I chatty  : uid=10013(com.peasun.aispeech) expire 2 lines
12-24 20:36:20.691  2312  2740 I bt_stack: [INFO:port_api.cc(230)] RFCOMM_CreateConnection: bd_addr=ff:ff:ff:ff:ff:ff, scn=3, is_server=1, mtu=990, uuid=0x0039, dlci=6, signal_state=0x0b, p_port=0x98b7177c
12-24 20:36:20.691  2774  4364 I chatty  : uid=10013(com.peasun.aispeech) expire 2 lines
12-24 20:36:21.638  2774  4365 I chatty  : uid=10013(com.peasun.aispeech) expire 2 lines
12-24 20:36:21.612  2147  2425 I chatty  : uid=1000(system) Binder:2147_5 identical 66 lines
12-24 20:36:21.666  2147  2425 W UserManagerService: isUserUnlockingOrUnlocked: state = 3
12-24 20:36:21.797  2147  2214 W UserManagerService: isUserUnlockingOrUnlocked: state = 3
12-24 20:36:21.809  2147  2425 W UserManagerService: isUserUnlockingOrUnlocked: state = 3
12-24 20:36:22.059  2147  2402 I chatty  : uid=1000(system) net time pull t expire 12 lines
12-24 20:36:22.119  2147  2425 I chatty  : uid=1000(system) Binder:2147_5 identical 2 lines
12-24 20:36:22.272  2147  2425 W UserManagerService: isUserUnlockingOrUnlocked: state = 3
12-24 20:36:22.415  2147  2198 W UserManagerService: isUserUnlockingOrUnlocked: state = 3
12-24 20:36:22.558  2147  2425 W UserManagerService: isUserUnlockingOrUnlocked: state = 3
12-24 20:36:25.739  2650  2786 I chatty  : uid=0(root) libpcapcmcc.so expire 56 lines
12-24 20:36:26.703  2774  2774 I chatty  : uid=10013(com.peasun.aispeech) expire 16 lines
12-24 20:36:26.708  2312  2740 I bt_stack: [INFO:port_api.cc(230)] RFCOMM_CreateConnection: bd_addr=ff:ff:ff:ff:ff:ff, scn=3, is_server=1, mtu=990, uuid=0x0039, dlci=6, signal_state=0x0b, p_port=0x98b71804
12-24 20:36:26.708  2774  4369 I chatty  : uid=10013(com.peasun.aispeech) expire 2 lines
12-24 20:36:27.343  2650  2787 I chatty  : uid=0(root) libpcapcmcc.so expire 10 lines
12-24 20:36:27.756  2147  2425 I chatty  : uid=1000(system) Binder:2147_5 identical 36 lines
12-24 20:36:27.912  2147  2425 W UserManagerService: isUserUnlockingOrUnlocked: state = 3
12-24 20:36:27.931  1949  2065 E storaged: getDiskStats failed with result NOT_SUPPORTED and size 0
12-24 20:36:28.075  2147  2425 W UserManagerService: isUserUnlockingOrUnlocked: state = 3
12-24 20:36:28.846  2147  2157 I chatty  : uid=1000(system) HeapTaskDaemon expire 11 lines
12-24 20:36:30.897  2699  2699 I chatty  : uid=1000(system) net.sunniwell.app.power expire 10 lines
12-24 20:36:30.977  2650  2789 I chatty  : uid=0(root) libpcapcmcc.so expire 10 lines
12-24 20:36:31.210  3552  3563 I chatty  : uid=10008(com.onetv) expire 16 lines
12-24 20:36:31.652  2774  4370 I chatty  : uid=10013(com.peasun.aispeech) expire 2 lines
12-24 20:36:32.709  2312  2740 I bt_stack: [INFO:port_api.cc(230)] RFCOMM_CreateConnection: bd_addr=ff:ff:ff:ff:ff:ff, scn=3, is_server=1, mtu=990, uuid=0x0039, dlci=6, signal_state=0x0b, p_port=0x98b7188c
12-24 20:36:32.710  2774  4371 I chatty  : uid=10013(com.peasun.aispeech) expire 2 lines
12-24 20:36:34.446  2147  2425 I chatty  : uid=1000(system) Binder:2147_5 identical 44 lines
12-24 20:36:34.598  2147  2425 W UserManagerService: isUserUnlockingOrUnlocked: state = 3
12-24 20:36:34.611  2147  2425 D ConnectivityService: networkId null, isConnected true, isAvailable true
12-24 20:36:34.630  2147  2198 D ConnectivityService: networkId null, isConnected true, isAvailable true
12-24 20:36:34.632  2147  2198 D ConnectivityService: networkId null, isConnected true, isAvailable true
12-24 20:36:34.751  2147  2198 W UserManagerService: isUserUnlockingOrUnlocked: state = 3
12-24 20:36:37.679  2147  2198 I chatty  : uid=1000(system) Binder:2147_3 identical 20 lines
12-24 20:36:37.852  2147  2198 W UserManagerService: isUserUnlockingOrUnlocked: state = 3
12-24 20:36:38.017  2147  2425 W UserManagerService: isUserUnlockingOrUnlocked: state = 3
12-24 20:36:38.153  2147  2198 W UserManagerService: isUserUnlockingOrUnlocked: state = 3
12-24 20:36:38.717  2312  2740 I bt_stack: [INFO:port_api.cc(230)] RFCOMM_CreateConnection: bd_addr=ff:ff:ff:ff:ff:ff, scn=3, is_server=1, mtu=990, uuid=0x0039, dlci=6, signal_state=0x0b, p_port=0x98b71914
12-24 20:36:38.719  2774  4373 I chatty  : uid=10013(com.peasun.aispeech) expire 2 lines
12-24 20:36:41.660  2774  4374 I chatty  : uid=10013(com.peasun.aispeech) expire 2 lines
12-24 20:36:42.063  2147  2198 I chatty  : uid=1000(system) Binder:2147_3 identical 28 lines
12-24 20:36:42.088  2147  2198 W UserManagerService: isUserUnlockingOrUnlocked: state = 3
12-24 20:36:42.110  2147  2425 W UserManagerService: isUserUnlockingOrUnlocked: state = 3
12-24 20:36:42.227  2147  2425 I chatty  : uid=1000(system) Binder:2147_5 identical 5 lines
12-24 20:36:42.370  2147  2425 W UserManagerService: isUserUnlockingOrUnlocked: state = 3
12-24 20:36:42.518  2147  2198 W UserManagerService: isUserUnlockingOrUnlocked: state = 3
12-24 20:36:44.347  2650  2786 I chatty  : uid=0(root) libpcapcmcc.so expire 82 lines
12-24 20:36:44.716  2774  2774 I chatty  : uid=10013(com.peasun.aispeech) expire 30 lines
12-24 20:36:44.721  2312  2740 I bt_stack: [INFO:port_api.cc(230)] RFCOMM_CreateConnection: bd_addr=ff:ff:ff:ff:ff:ff, scn=3, is_server=1, mtu=990, uuid=0x0039, dlci=6, signal_state=0x0b, p_port=0x98b7199c
12-24 20:36:44.722  2774  4375 I chatty  : uid=10013(com.peasun.aispeech) expire 2 lines
12-24 20:36:46.088  2147  2198 I chatty  : uid=1000(system) Binder:2147_3 identical 24 lines
12-24 20:36:46.249  2147  2198 W UserManagerService: isUserUnlockingOrUnlocked: state = 3
12-24 20:36:46.415  2147  2425 W UserManagerService: isUserUnlockingOrUnlocked: state = 3
12-24 20:36:46.563  2147  2198 W UserManagerService: isUserUnlockingOrUnlocked: state = 3
12-24 20:36:47.533  2948  2948 I chatty  : uid=1000(system) com.peasun.TVManager:main expire 10 lines
12-24 20:36:50.722  2312  2740 I bt_stack: [INFO:port_api.cc(230)] RFCOMM_CreateConnection: bd_addr=ff:ff:ff:ff:ff:ff, scn=3, is_server=1, mtu=990, uuid=0x0039, dlci=6, signal_state=0x0b, p_port=0x98b71a24
12-24 20:36:50.724  2774  4379 I chatty  : uid=10013(com.peasun.aispeech) expire 2 lines
12-24 20:36:50.968  2699  2699 I chatty  : uid=1000(system) net.sunniwell.app.power expire 10 lines
12-24 20:36:51.659  2948  2966 I chatty  : uid=1000(system) Binder:2948_3 expire 10 lines
12-24 20:36:51.659  2774  4380 I chatty  : uid=10013(com.peasun.aispeech) expire 2 lines
12-24 20:36:55.508  2147  2198 I chatty  : uid=1000(system) Binder:2147_3 identical 64 lines
12-24 20:36:55.651  2147  2198 W UserManagerService: isUserUnlockingOrUnlocked: state = 3
12-24 20:36:55.761  2147  2198 D ConnectivityService: networkId null, isConnected true, isAvailable true
12-24 20:36:55.772  3103  4368 I chatty  : uid=10012(com.iflytek.xiri) expire 2 lines
12-24 20:36:55.798  2147  2198 W UserManagerService: isUserUnlockingOrUnlocked: state = 3
12-24 20:36:56.095  2650  2785 I chatty  : uid=0(root) libpcapcmcc.so expire 13 lines
12-24 20:36:56.107  2147  2198 I chatty  : uid=1000(system) Binder:2147_3 identical 2 lines
12-24 20:36:56.260  2147  2198 W UserManagerService: isUserUnlockingOrUnlocked: state = 3
12-24 20:36:56.402  2147  2198 D ConnectivityService: networkId null, isConnected true, isAvailable true
12-24 20:36:56.424  2147  2198 W UserManagerService: isUserUnlockingOrUnlocked: state = 3
12-24 20:36:56.442  2147  2198 D ConnectivityService: networkId null, isConnected true, isAvailable true
12-24 20:36:56.444  2147  2198 D ConnectivityService: networkId null, isConnected true, isAvailable true
12-24 20:36:56.575  2147  2198 W UserManagerService: isUserUnlockingOrUnlocked: state = 3
12-24 20:36:56.726  2312  2740 I bt_stack: [INFO:port_api.cc(230)] RFCOMM_CreateConnection: bd_addr=ff:ff:ff:ff:ff:ff, scn=3, is_server=1, mtu=990, uuid=0x0039, dlci=6, signal_state=0x0b, p_port=0x98b71aac
12-24 20:36:56.728  2774  4383 I chatty  : uid=10013(com.peasun.aispeech) expire 2 lines
12-24 20:37:01.500  2147  2198 I chatty  : uid=1000(system) Binder:2147_3 identical 34 lines
12-24 20:37:01.633  2147  2198 W UserManagerService: isUserUnlockingOrUnlocked: state = 3
12-24 20:37:01.649  2147  2425 W UserManagerService: isUserUnlockingOrUnlocked: state = 3
12-24 20:37:01.661  2774  4384 I chatty  : uid=10013(com.peasun.aispeech) expire 2 lines
12-24 20:37:01.696  1906  1906 D BufferLayer: BufferLayer(2811bc6 PopupWindow:ed8b6f9#0): hwGraphics handle = 0xab222f60
12-24 20:37:01.697  2147  2198 E WindowManager: App trying to use insecure INPUT_FEATURE_NO_INPUT_CHANNEL flag. Ignoring
12-24 20:37:01.700  2147  2198 W UserManagerService: isUserUnlockingOrUnlocked: state = 3
12-24 20:37:01.713  1906  1906 D BufferLayer: BufferLayer(PopupWindow:ed8b6f9#0): hwGraphics handle = 0xab222f60
12-24 20:37:01.724  2147  2427 W UserManagerService: isUserUnlockingOrUnlocked: state = 3
12-24 20:37:01.727  2147  2425 W UserManagerService: isUserUnlockingOrUnlocked: state = 3
12-24 20:37:01.731  1906  3539 W         : buffer descriptor with invalid usage bits 0x400
12-24 20:37:01.916  3552  3757 I chatty  : uid=10008(com.onetv) expire 86 lines
12-24 20:37:02.729  2312  2740 I bt_stack: [INFO:port_api.cc(230)] RFCOMM_CreateConnection: bd_addr=ff:ff:ff:ff:ff:ff, scn=3, is_server=1, mtu=990, uuid=0x0039, dlci=6, signal_state=0x0b, p_port=0x98b70b44
12-24 20:37:02.730  2774  4387 I chatty  : uid=10013(com.peasun.aispeech) expire 2 lines
12-24 20:37:08.737  2312  2740 I bt_stack: [INFO:port_api.cc(230)] RFCOMM_CreateConnection: bd_addr=ff:ff:ff:ff:ff:ff, scn=3, is_server=1, mtu=990, uuid=0x0039, dlci=6, signal_state=0x0b, p_port=0x98b70c54
12-24 20:37:08.738  2774  4390 I chatty  : uid=10013(com.peasun.aispeech) expire 2 lines
12-24 20:37:09.288  2147  2425 I chatty  : uid=1000(system) Binder:2147_5 identical 56 lines
12-24 20:37:09.410  2147  2425 W UserManagerService: isUserUnlockingOrUnlocked: state = 3
12-24 20:37:09.530  2147  2427 W UserManagerService: isUserUnlockingOrUnlocked: state = 3
12-24 20:37:11.031  2699  2699 I chatty  : uid=1000(system) net.sunniwell.app.power expire 10 lines
12-24 20:37:11.549  2147  2427 I chatty  : uid=1000(system) Binder:2147_6 identical 16 lines
12-24 20:37:11.642  2147  2427 W UserManagerService: isUserUnlockingOrUnlocked: state = 3
12-24 20:37:11.672  2147  2425 W UserManagerService: isUserUnlockingOrUnlocked: state = 3
12-24 20:37:11.703  2774  4392 I chatty  : uid=10013(com.peasun.aispeech) expire 2 lines
12-24 20:37:11.790  2147  2427 W UserManagerService: isUserUnlockingOrUnlocked: state = 3
12-24 20:37:12.098  2147  2427 I chatty  : uid=1000(system) Binder:2147_6 identical 4 lines
12-24 20:37:12.137  2147  2427 W UserManagerService: isUserUnlockingOrUnlocked: state = 3
12-24 20:37:12.140  2147  2425 W UserManagerService: isUserUnlockingOrUnlocked: state = 3
12-24 20:37:12.191  2147  2427 W UserManagerService: isUserUnlockingOrUnlocked: state = 3
12-24 20:37:12.259  2147  2427 I chatty  : uid=1000(system) Binder:2147_6 identical 1 line
12-24 20:37:12.262  2147  2427 W UserManagerService: isUserUnlockingOrUnlocked: state = 3
12-24 20:37:12.359  2147  2425 W UserManagerService: isUserUnlockingOrUnlocked: state = 3
12-24 20:37:12.384  2147  2427 W UserManagerService: isUserUnlockingOrUnlocked: state = 3
12-24 20:37:12.514  2147  2425 W UserManagerService: isUserUnlockingOrUnlocked: state = 3
12-24 20:37:14.241  2147  2425 I chatty  : uid=1000(system) Binder:2147_5 identical 7 lines
12-24 20:37:14.412  2147  2425 W UserManagerService: isUserUnlockingOrUnlocked: state = 3
12-24 20:37:14.570  2147  2198 W UserManagerService: isUserUnlockingOrUnlocked: state = 3
12-24 20:37:14.738  2312  2740 I bt_stack: [INFO:port_api.cc(230)] RFCOMM_CreateConnection: bd_addr=ff:ff:ff:ff:ff:ff, scn=3, is_server=1, mtu=990, uuid=0x0039, dlci=6, signal_state=0x0b, p_port=0x98b70cdc
12-24 20:37:14.740  2774  4393 I chatty  : uid=10013(com.peasun.aispeech) expire 2 lines
12-24 20:37:15.145  1906  1906 D BufferLayer: BufferLayer(4d196b4 PopupWindow:12b0b71#0): hwGraphics handle = 0xab222f60
12-24 20:37:14.855  2147  2198 I chatty  : uid=1000(system) Binder:2147_3 identical 2 lines
12-24 20:37:14.975  2147  2198 W UserManagerService: isUserUnlockingOrUnlocked: state = 3
12-24 20:37:15.146  2147  2198 E WindowManager: App trying to use insecure INPUT_FEATURE_NO_INPUT_CHANNEL flag. Ignoring
12-24 20:37:15.150  2147  2198 W UserManagerService: isUserUnlockingOrUnlocked: state = 3
12-24 20:37:15.167  1906  1906 D BufferLayer: BufferLayer(PopupWindow:12b0b71#0): hwGraphics handle = 0xab222f60
12-24 20:37:15.152  2147  2198 I chatty  : uid=1000(system) Binder:2147_3 identical 1 line
12-24 20:37:15.181  2147  2198 W UserManagerService: isUserUnlockingOrUnlocked: state = 3
12-24 20:37:15.184  2147  2425 W UserManagerService: isUserUnlockingOrUnlocked: state = 3
12-24 20:37:15.188  1906  2452 W         : buffer descriptor with invalid usage bits 0x400
12-24 20:37:15.345  3552  3757 I chatty  : uid=10008(com.onetv) expire 86 lines
12-24 20:37:20.739  2774  2774 I chatty  : uid=10013(com.peasun.aispeech) expire 25 lines
12-24 20:37:20.743  2312  2740 I bt_stack: [INFO:port_api.cc(230)] RFCOMM_CreateConnection: bd_addr=ff:ff:ff:ff:ff:ff, scn=3, is_server=1, mtu=990, uuid=0x0039, dlci=6, signal_state=0x0b, p_port=0x98b70d64
12-24 20:37:20.744  2774  4399 I chatty  : uid=10013(com.peasun.aispeech) expire 2 lines
12-24 20:37:21.664  2774  4400 I chatty  : uid=10013(com.peasun.aispeech) expire 2 lines
12-24 20:37:21.671  2650  2789 I chatty  : uid=0(root) libpcapcmcc.so expire 10 lines
12-24 20:37:21.638  2147  2425 I chatty  : uid=1000(system) Binder:2147_5 identical 48 lines
12-24 20:37:21.707  2147  2425 W UserManagerService: isUserUnlockingOrUnlocked: state = 3
12-24 20:37:21.808  2147  2214 W UserManagerService: isUserUnlockingOrUnlocked: state = 3
12-24 20:37:21.827  2650  2786 I chatty  : uid=0(root) libpcapcmcc.so expire 21 lines
12-24 20:37:21.828  2147  2425 W UserManagerService: isUserUnlockingOrUnlocked: state = 3
12-24 20:37:26.728  2312  2740 I bt_stack: [INFO:port_api.cc(230)] RFCOMM_CreateConnection: bd_addr=ff:ff:ff:ff:ff:ff, scn=3, is_server=1, mtu=990, uuid=0x0039, dlci=6, signal_state=0x0b, p_port=0x98b70dec
12-24 20:37:26.729  2774  4402 I chatty  : uid=10013(com.peasun.aispeech) expire 2 lines
12-24 20:37:27.705  2147  2425 I chatty  : uid=1000(system) Binder:2147_5 identical 41 lines
12-24 20:37:27.855  2147  2425 W UserManagerService: isUserUnlockingOrUnlocked: state = 3
12-24 20:37:27.916  1949  2065 E storaged: getDiskStats failed with result NOT_SUPPORTED and size 0
12-24 20:37:28.003  2147  2425 W UserManagerService: isUserUnlockingOrUnlocked: state = 3
12-24 20:37:29.817  2147  2157 I chatty  : uid=1000(system) HeapTaskDaemon expire 14 lines
12-24 20:37:31.109  2699  2699 I chatty  : uid=1000(system) net.sunniwell.app.power expire 10 lines
12-24 20:37:31.655  2774  4403 I chatty  : uid=10013(com.peasun.aispeech) expire 2 lines
12-24 20:37:32.733  2312  2740 I bt_stack: [INFO:port_api.cc(230)] RFCOMM_CreateConnection: bd_addr=ff:ff:ff:ff:ff:ff, scn=3, is_server=1, mtu=990, uuid=0x0039, dlci=6, signal_state=0x0b, p_port=0x98b70e74
12-24 20:37:32.734  2774  4404 I chatty  : uid=10013(com.peasun.aispeech) expire 2 lines
12-24 20:37:34.341  2650  2786 I chatty  : uid=0(root) libpcapcmcc.so expire 38 lines
12-24 20:37:37.884  2147  2425 I chatty  : uid=1000(system) Binder:2147_5 identical 65 lines
12-24 20:37:38.041  2147  2425 W UserManagerService: isUserUnlockingOrUnlocked: state = 3
12-24 20:37:38.196  2147  2198 W UserManagerService: isUserUnlockingOrUnlocked: state = 3
12-24 20:37:38.323  2147  2425 W UserManagerService: isUserUnlockingOrUnlocked: state = 3
12-24 20:37:38.738  2312  2740 I bt_stack: [INFO:port_api.cc(230)] RFCOMM_CreateConnection: bd_addr=ff:ff:ff:ff:ff:ff, scn=3, is_server=1, mtu=990, uuid=0x0039, dlci=6, signal_state=0x0b, p_port=0x98b70efc
12-24 20:37:38.739  2774  4406 I chatty  : uid=10013(com.peasun.aispeech) expire 2 lines
12-24 20:37:41.654  2774  4407 I chatty  : uid=10013(com.peasun.aispeech) expire 2 lines
12-24 20:37:42.114  2147  2425 I chatty  : uid=1000(system) Binder:2147_5 identical 28 lines
12-24 20:37:42.137  2147  2425 W UserManagerService: isUserUnlockingOrUnlocked: state = 3
12-24 20:37:42.157  2147  2198 W UserManagerService: isUserUnlockingOrUnlocked: state = 3
12-24 20:37:44.740  2312  2740 I bt_stack: [INFO:port_api.cc(230)] RFCOMM_CreateConnection: bd_addr=ff:ff:ff:ff:ff:ff, scn=3, is_server=1, mtu=990, uuid=0x0039, dlci=6, signal_state=0x0b, p_port=0x98b70f84
12-24 20:37:44.741  2774  4408 I chatty  : uid=10013(com.peasun.aispeech) expire 2 lines
12-24 20:37:46.341  2650  2786 I chatty  : uid=0(root) libpcapcmcc.so expire 33 lines
12-24 20:37:47.573  2147  2198 I chatty  : uid=1000(system) Binder:2147_3 identical 38 lines
12-24 20:37:47.584  2147  2198 W UserManagerService: isUserUnlockingOrUnlocked: state = 3
12-24 20:37:47.635  2147  2425 W UserManagerService: isUserUnlockingOrUnlocked: state = 3
12-24 20:37:47.636  2147  2147 I chatty  : uid=1000 system_server expire 10 lines
12-24 20:37:50.738  2774  2774 I chatty  : uid=10013(com.peasun.aispeech) expire 25 lines
12-24 20:37:50.744  2312  2740 I bt_stack: [INFO:port_api.cc(230)] RFCOMM_CreateConnection: bd_addr=ff:ff:ff:ff:ff:ff, scn=3, is_server=1, mtu=990, uuid=0x0039, dlci=6, signal_state=0x0b, p_port=0x98b7100c
12-24 20:37:50.745  2774  4413 I chatty  : uid=10013(com.peasun.aispeech) expire 2 lines
12-24 20:37:51.166  2699  2699 I chatty  : uid=1000(system) net.sunniwell.app.power expire 10 lines
12-24 20:37:51.657  2774  4414 I chatty  : uid=10013(com.peasun.aispeech) expire 2 lines
12-24 20:37:56.156  2650  2785 I chatty  : uid=0(root) libpcapcmcc.so expire 18 lines
12-24 20:37:56.746  2312  2740 I bt_stack: [INFO:port_api.cc(230)] RFCOMM_CreateConnection: bd_addr=ff:ff:ff:ff:ff:ff, scn=3, is_server=1, mtu=990, uuid=0x0039, dlci=6, signal_state=0x0b, p_port=0x98b71094
12-24 20:37:56.747  2774  4416 I chatty  : uid=10013(com.peasun.aispeech) expire 2 lines
12-24 20:37:59.227  2147  2425 I chatty  : uid=1000(system) Binder:2147_5 identical 79 lines
12-24 20:37:59.377  2147  2425 W UserManagerService: isUserUnlockingOrUnlocked: state = 3
12-24 20:37:59.529  2147  2198 W UserManagerService: isUserUnlockingOrUnlocked: state = 3
12-24 20:38:01.499  2147  2198 I chatty  : uid=1000(system) Binder:2147_3 identical 13 lines
12-24 20:38:01.635  2147  2198 W UserManagerService: isUserUnlockingOrUnlocked: state = 3
12-24 20:38:01.652  2147  2425 W UserManagerService: isUserUnlockingOrUnlocked: state = 3
12-24 20:38:01.663  2774  4417 I chatty  : uid=10013(com.peasun.aispeech) expire 2 lines
12-24 20:38:01.800  2147  2198 W UserManagerService: isUserUnlockingOrUnlocked: state = 3
12-24 20:38:02.748  2312  2740 I bt_stack: [INFO:port_api.cc(230)] RFCOMM_CreateConnection: bd_addr=ff:ff:ff:ff:ff:ff, scn=3, is_server=1, mtu=990, uuid=0x0039, dlci=6, signal_state=0x0b, p_port=0x98b7111c
12-24 20:38:02.749  2774  4418 I chatty  : uid=10013(com.peasun.aispeech) expire 2 lines
12-24 20:38:04.057  2147  2198 I chatty  : uid=1000(system) Binder:2147_3 identical 15 lines
12-24 20:38:04.210  2147  2198 W UserManagerService: isUserUnlockingOrUnlocked: state = 3
12-24 20:38:04.398  2147  2425 W UserManagerService: isUserUnlockingOrUnlocked: state = 3
12-24 20:38:04.566  2147  2198 W UserManagerService: isUserUnlockingOrUnlocked: state = 3
12-24 20:38:04.685  2147  2198 W UserManagerService: isUserUnlockingOrUnlocked: state = 3
12-24 20:38:04.774  2147  2198 D ConnectivityService: networkId null, isConnected true, isAvailable true
12-24 20:38:04.796  2650  2786 I chatty  : uid=0(root) libpcapcmcc.so expire 64 lines
12-24 20:38:04.787  2147  2198 I chatty  : uid=1000(system) Binder:2147_3 identical 1 line
12-24 20:38:04.788  2147  2198 D ConnectivityService: networkId null, isConnected true, isAvailable true
12-24 20:38:04.862  2147  2198 W UserManagerService: isUserUnlockingOrUnlocked: state = 3
12-24 20:38:06.338  2650  2787 I chatty  : uid=0(root) libpcapcmcc.so expire 11 lines
12-24 20:38:08.754  2312  2740 I bt_stack: [INFO:port_api.cc(230)] RFCOMM_CreateConnection: bd_addr=ff:ff:ff:ff:ff:ff, scn=3, is_server=1, mtu=990, uuid=0x0039, dlci=6, signal_state=0x0b, p_port=0x98b711a4
12-24 20:38:08.755  2774  4420 I chatty  : uid=10013(com.peasun.aispeech) expire 2 lines
12-24 20:38:10.190  2147  2198 I chatty  : uid=1000(system) Binder:2147_3 identical 35 lines
12-24 20:38:10.352  2147  2198 W UserManagerService: isUserUnlockingOrUnlocked: state = 3
12-24 20:38:10.355  2147  2198 D ConnectivityService: networkId null, isConnected true, isAvailable true
12-24 20:38:10.497  2147  2425 W UserManagerService: isUserUnlockingOrUnlocked: state = 3
12-24 20:38:10.617  1906  1906 D BufferLayer: BufferLayer(9321fd9 PopupWindow:32322c5#0): hwGraphics handle = 0xab222f60
12-24 20:38:10.618  2147  2425 E WindowManager: App trying to use insecure INPUT_FEATURE_NO_INPUT_CHANNEL flag. Ignoring
12-24 20:38:10.621  2147  2425 W UserManagerService: isUserUnlockingOrUnlocked: state = 3
12-24 20:38:10.648  1906  1906 D BufferLayer: BufferLayer(9e5b07f PopupWindow:982641#0): hwGraphics handle = 0xab222f60
12-24 20:38:10.649  2147  2425 E WindowManager: App trying to use insecure INPUT_FEATURE_NO_INPUT_CHANNEL flag. Ignoring
12-24 20:38:10.652  2147  2425 W UserManagerService: isUserUnlockingOrUnlocked: state = 3
12-24 20:38:10.675  1906  1906 D BufferLayer: BufferLayer(d9be095 PopupWindow:effe57d#0): hwGraphics handle = 0xab222f60
12-24 20:38:10.676  2147  2425 E WindowManager: App trying to use insecure INPUT_FEATURE_NO_INPUT_CHANNEL flag. Ignoring
12-24 20:38:10.680  2147  2425 W UserManagerService: isUserUnlockingOrUnlocked: state = 3
12-24 20:38:10.743  1906  1906 D BufferLayer: BufferLayer(62ed59b PopupWindow:f2a5c79#0): hwGraphics handle = 0xab222f60
12-24 20:38:10.707  2147  2425 W UserManagerService: isUserUnlockingOrUnlocked: state = 3
12-24 20:38:10.744  2147  2425 E WindowManager: App trying to use insecure INPUT_FEATURE_NO_INPUT_CHANNEL flag. Ignoring
12-24 20:38:10.752  2147  2425 W UserManagerService: isUserUnlockingOrUnlocked: state = 3
12-24 20:38:10.817  1906  1906 D BufferLayer: BufferLayer(ba6f111 PopupWindow:4eb4735#0): hwGraphics handle = 0xab222f60
12-24 20:38:10.818  2147  2425 E WindowManager: App trying to use insecure INPUT_FEATURE_NO_INPUT_CHANNEL flag. Ignoring
12-24 20:38:10.821  2147  2425 W UserManagerService: isUserUnlockingOrUnlocked: state = 3
12-24 20:38:10.847  1906  1906 D BufferLayer: BufferLayer(71b3077 PopupWindow:39621b1#0): hwGraphics handle = 0xab222f60
12-24 20:38:10.848  2147  2425 E WindowManager: App trying to use insecure INPUT_FEATURE_NO_INPUT_CHANNEL flag. Ignoring
12-24 20:38:10.853  2147  2425 W UserManagerService: isUserUnlockingOrUnlocked: state = 3
12-24 20:38:10.874  2147  2425 W UserManagerService: isUserUnlockingOrUnlocked: state = 3
12-24 20:38:11.036  2147  2198 W UserManagerService: isUserUnlockingOrUnlocked: state = 3
12-24 20:38:11.044  2147  2198 D ConnectivityService: networkId null, isConnected true, isAvailable true
12-24 20:38:11.080  1906  1906 D BufferLayer: BufferLayer(2788d4d PopupWindow:f9e55e9#0): hwGraphics handle = 0xab222f60
12-24 20:38:11.081  2147  2425 E WindowManager: App trying to use insecure INPUT_FEATURE_NO_INPUT_CHANNEL flag. Ignoring
12-24 20:38:11.087  2147  2198 D ConnectivityService: networkId null, isConnected true, isAvailable true
12-24 20:38:11.089  2147  2198 D ConnectivityService: networkId null, isConnected true, isAvailable true
12-24 20:38:11.089  2147  2427 W UserManagerService: isUserUnlockingOrUnlocked: state = 3
12-24 20:38:11.118  1906  1906 D BufferLayer: BufferLayer(1085d13 PopupWindow:dfd67a5#0): hwGraphics handle = 0xab222f60
12-24 20:38:11.122  2147  2427 E WindowManager: App trying to use insecure INPUT_FEATURE_NO_INPUT_CHANNEL flag. Ignoring
12-24 20:38:11.126  2147  2427 W UserManagerService: isUserUnlockingOrUnlocked: state = 3
12-24 20:38:11.185  1906  1906 D BufferLayer: BufferLayer(44db149 PopupWindow:e81d921#0): hwGraphics handle = 0xab222f60
12-24 20:38:11.145  2147  2427 W UserManagerService: isUserUnlockingOrUnlocked: state = 3
12-24 20:38:11.186  2147  2427 E WindowManager: App trying to use insecure INPUT_FEATURE_NO_INPUT_CHANNEL flag. Ignoring
12-24 20:38:11.190  2147  2427 W UserManagerService: isUserUnlockingOrUnlocked: state = 3
12-24 20:38:11.224  2699  2699 I chatty  : uid=1000(system) net.sunniwell.app.power expire 10 lines
12-24 20:38:11.256  1906  1906 D BufferLayer: BufferLayer(691b76f PopupWindow:87b8b59#0): hwGraphics handle = 0xab222f60
12-24 20:38:11.257  2147  2427 E WindowManager: App trying to use insecure INPUT_FEATURE_NO_INPUT_CHANNEL flag. Ignoring
12-24 20:38:11.260  2147  2427 W UserManagerService: isUserUnlockingOrUnlocked: state = 3
12-24 20:38:11.282  1906  1906 D BufferLayer: BufferLayer(371905 PopupWindow:2d08415#0): hwGraphics handle = 0xab222f60
12-24 20:38:11.283  2147  2427 E WindowManager: App trying to use insecure INPUT_FEATURE_NO_INPUT_CHANNEL flag. Ignoring
12-24 20:38:11.286  2147  2427 W UserManagerService: isUserUnlockingOrUnlocked: state = 3
12-24 20:38:11.346  1906  1906 D BufferLayer: BufferLayer(eac5b8b PopupWindow:6424c91#0): hwGraphics handle = 0xab222f60
12-24 20:38:11.314  2147  2427 W UserManagerService: isUserUnlockingOrUnlocked: state = 3
12-24 20:38:11.346  2147  2427 E WindowManager: App trying to use insecure INPUT_FEATURE_NO_INPUT_CHANNEL flag. Ignoring
12-24 20:38:11.349  2147  2427 W UserManagerService: isUserUnlockingOrUnlocked: state = 3
12-24 20:38:11.665  2774  4423 I chatty  : uid=10013(com.peasun.aispeech) expire 2 lines
12-24 20:38:11.582  2147  2427 I chatty  : uid=1000(system) Binder:2147_6 identical 2 lines
12-24 20:38:11.638  2147  2427 W UserManagerService: isUserUnlockingOrUnlocked: state = 3
12-24 20:38:11.722  2147  2425 W UserManagerService: isUserUnlockingOrUnlocked: state = 3
12-24 20:38:12.141  2147  2425 I chatty  : uid=1000(system) Binder:2147_5 identical 6 lines
12-24 20:38:12.166  2147  2425 W UserManagerService: isUserUnlockingOrUnlocked: state = 3
12-24 20:38:12.182  2147  2427 W UserManagerService: isUserUnlockingOrUnlocked: state = 3
12-24 20:38:12.193  2147  2425 W UserManagerService: isUserUnlockingOrUnlocked: state = 3
12-24 20:38:12.367  2650  2789 I chatty  : uid=0(root) libpcapcmcc.so expire 10 lines
12-24 20:38:14.760  2312  2740 I bt_stack: [INFO:port_api.cc(230)] RFCOMM_CreateConnection: bd_addr=ff:ff:ff:ff:ff:ff, scn=3, is_server=1, mtu=990, uuid=0x0039, dlci=6, signal_state=0x0b, p_port=0x98b7122c
12-24 20:38:14.762  2774  4425 I chatty  : uid=10013(com.peasun.aispeech) expire 2 lines
12-24 20:38:14.808  2774  2795 I chatty  : uid=10013(com.peasun.aispeech) FinalizerDaemon expire 35 lines
12-24 20:38:20.763  2774  2774 I chatty  : uid=10013(com.peasun.aispeech) expire 28 lines
12-24 20:38:20.768  2312  2740 I bt_stack: [INFO:port_api.cc(230)] RFCOMM_CreateConnection: bd_addr=ff:ff:ff:ff:ff:ff, scn=3, is_server=1, mtu=990, uuid=0x0039, dlci=6, signal_state=0x0b, p_port=0x98b712b4
12-24 20:38:20.769  2774  4426 I chatty  : uid=10013(com.peasun.aispeech) expire 2 lines
12-24 20:38:21.493  2147  2425 I chatty  : uid=1000(system) Binder:2147_5 identical 63 lines
12-24 20:38:21.639  2147  2425 W UserManagerService: isUserUnlockingOrUnlocked: state = 3
12-24 20:38:21.653  2147  2427 W UserManagerService: isUserUnlockingOrUnlocked: state = 3
12-24 20:38:21.670  2774  4427 I chatty  : uid=10013(com.peasun.aispeech) expire 2 lines
12-24 20:38:21.775  2147  2425 W UserManagerService: isUserUnlockingOrUnlocked: state = 3
12-24 20:38:21.795  2147  2214 W UserManagerService: isUserUnlockingOrUnlocked: state = 3
12-24 20:38:21.935  2147  2425 W UserManagerService: isUserUnlockingOrUnlocked: state = 3
12-24 20:38:22.093  2147  2402 I chatty  : uid=1000(system) net time pull t expire 12 lines
12-24 20:38:26.766  2312  2740 I bt_stack: [INFO:port_api.cc(230)] RFCOMM_CreateConnection: bd_addr=ff:ff:ff:ff:ff:ff, scn=3, is_server=1, mtu=990, uuid=0x0039, dlci=6, signal_state=0x0b, p_port=0x98b7133c
12-24 20:38:26.769  2774  4429 I chatty  : uid=10013(com.peasun.aispeech) expire 2 lines
12-24 20:38:26.631  2147  2425 I chatty  : uid=1000(system) Binder:2147_5 identical 32 lines
12-24 20:38:26.768  2147  2425 W UserManagerService: isUserUnlockingOrUnlocked: state = 3
12-24 20:38:26.790  2147  2214 W UserManagerService: isUserUnlockingOrUnlocked: state = 3
12-24 20:38:26.927  2147  2425 W UserManagerService: isUserUnlockingOrUnlocked: state = 3
12-24 20:38:27.682  2147  2425 I chatty  : uid=1000(system) Binder:2147_5 identical 5 lines
12-24 20:38:27.820  2147  2425 W UserManagerService: isUserUnlockingOrUnlocked: state = 3
12-24 20:38:27.908  1949  2065 E storaged: getDiskStats failed with result NOT_SUPPORTED and size 0
12-24 20:38:27.969  2147  2425 W UserManagerService: isUserUnlockingOrUnlocked: state = 3
12-24 20:38:31.285  2699  2699 I chatty  : uid=1000(system) net.sunniwell.app.power expire 10 lines
12-24 20:38:31.661  2948  2966 I chatty  : uid=1000(system) Binder:2948_3 expire 15 lines
12-24 20:38:31.663  2774  4430 I chatty  : uid=10013(com.peasun.aispeech) expire 2 lines
12-24 20:38:31.633  2147  2425 I chatty  : uid=1000(system) Binder:2147_5 identical 26 lines
12-24 20:38:31.778  2147  2425 W UserManagerService: isUserUnlockingOrUnlocked: state = 3
12-24 20:38:31.792  2147  2214 W UserManagerService: isUserUnlockingOrUnlocked: state = 3
12-24 20:38:31.795  2147  2401 I chatty  : uid=1000(system) NetworkTimeUpda expire 12 lines
12-24 20:38:31.934  2147  2425 W UserManagerService: isUserUnlockingOrUnlocked: state = 3
12-24 20:38:32.783  2312  2740 I bt_stack: [INFO:port_api.cc(230)] RFCOMM_CreateConnection: bd_addr=ff:ff:ff:ff:ff:ff, scn=3, is_server=1, mtu=990, uuid=0x0039, dlci=6, signal_state=0x0b, p_port=0x98b713c4
12-24 20:38:32.785  2774  4432 I chatty  : uid=10013(com.peasun.aispeech) expire 2 lines
12-24 20:38:33.347  2650  2786 I chatty  : uid=0(root) libpcapcmcc.so expire 32 lines
12-24 20:38:33.191  2147  2425 I chatty  : uid=1000(system) Binder:2147_5 identical 8 lines
12-24 20:38:33.350  2147  2425 W UserManagerService: isUserUnlockingOrUnlocked: state = 3
12-24 20:38:33.512  2147  2427 W UserManagerService: isUserUnlockingOrUnlocked: state = 3
12-24 20:38:38.316  2147  2157 I chatty  : uid=1000(system) HeapTaskDaemon expire 23 lines
12-24 20:38:38.214  2147  2427 I chatty  : uid=1000(system) Binder:2147_6 identical 32 lines
12-24 20:38:38.359  2147  2427 W UserManagerService: isUserUnlockingOrUnlocked: state = 3
12-24 20:38:38.515  2147  2425 W UserManagerService: isUserUnlockingOrUnlocked: state = 3
12-24 20:38:38.672  2147  2427 W UserManagerService: isUserUnlockingOrUnlocked: state = 3
12-24 20:38:38.790  2312  2740 I bt_stack: [INFO:port_api.cc(230)] RFCOMM_CreateConnection: bd_addr=ff:ff:ff:ff:ff:ff, scn=3, is_server=1, mtu=990, uuid=0x0039, dlci=6, signal_state=0x0b, p_port=0x98b7144c
12-24 20:38:38.796  2774  4433 I chatty  : uid=10013(com.peasun.aispeech) expire 2 lines
12-24 20:38:41.680  2774  4434 I chatty  : uid=10013(com.peasun.aispeech) expire 2 lines
12-24 20:38:42.137  2147  2427 I chatty  : uid=1000(system) Binder:2147_6 identical 28 lines
12-24 20:38:42.162  2147  2427 W UserManagerService: isUserUnlockingOrUnlocked: state = 3
12-24 20:38:42.177  2147  2425 W UserManagerService: isUserUnlockingOrUnlocked: state = 3
12-24 20:38:42.189  2147  2427 W UserManagerService: isUserUnlockingOrUnlocked: state = 3
12-24 20:38:44.792  2312  2740 I bt_stack: [INFO:port_api.cc(230)] RFCOMM_CreateConnection: bd_addr=ff:ff:ff:ff:ff:ff, scn=3, is_server=1, mtu=990, uuid=0x0039, dlci=6, signal_state=0x0b, p_port=0x98b714d4
12-24 20:38:44.794  2774  4435 I chatty  : uid=10013(com.peasun.aispeech) expire 2 lines
12-24 20:38:45.351  2650  2786 I chatty  : uid=0(root) libpcapcmcc.so expire 45 lines
12-24 20:38:47.482  2147  2427 I chatty  : uid=1000(system) Binder:2147_6 identical 35 lines
12-24 20:38:47.619  2147  2427 W UserManagerService: isUserUnlockingOrUnlocked: state = 3
12-24 20:38:47.632  2147  2425 W UserManagerService: isUserUnlockingOrUnlocked: state = 3
12-24 20:38:49.202  2147  2425 I chatty  : uid=1000(system) Binder:2147_5 identical 12 lines
12-24 20:38:49.349  2147  2425 W UserManagerService: isUserUnlockingOrUnlocked: state = 3
12-24 20:38:49.494  2147  2427 W UserManagerService: isUserUnlockingOrUnlocked: state = 3
12-24 20:38:50.790  2774  2774 I chatty  : uid=10013(com.peasun.aispeech) expire 70 lines
12-24 20:38:50.796  2312  2740 I bt_stack: [INFO:port_api.cc(230)] RFCOMM_CreateConnection: bd_addr=ff:ff:ff:ff:ff:ff, scn=3, is_server=1, mtu=990, uuid=0x0039, dlci=6, signal_state=0x0b, p_port=0x98b7155c
12-24 20:38:50.797  2774  4438 I chatty  : uid=10013(com.peasun.aispeech) expire 2 lines
12-24 20:38:51.367  2699  2699 I chatty  : uid=1000(system) net.sunniwell.app.power expire 10 lines
12-24 20:38:51.679  2774  4439 I chatty  : uid=10013(com.peasun.aispeech) expire 2 lines
12-24 20:38:52.445  3103  3345 I chatty  : uid=10012(com.iflytek.xiri) Thread-4 expire 340 lines
12-24 20:38:52.450  1884  1884 E bt_upio : upio_set : /proc/bluetooth/sleep/btwrite(-1) incorrent
12-24 20:38:52.452  3103  3103 I chatty  : uid=10012(com.iflytek.xiri) expire 93 lines
12-24 20:38:52.167  2147  2427 I chatty  : uid=1000(system) Binder:2147_6 identical 20 lines
12-24 20:38:52.319  2147  2427 W UserManagerService: isUserUnlockingOrUnlocked: state = 3
12-24 20:38:52.452  2147  2425 W UserManagerService: isUserUnlockingOrUnlocked: state = 3
12-24 20:38:52.456  3103  3615 I chatty  : uid=10012(com.iflytek.xiri) pool-3-thread-1 expire 10 lines
12-24 20:38:52.457  3103  3344 I chatty  : uid=10012(com.iflytek.xiri) unix_conn_19B50 expire 10 lines
12-24 20:38:52.459  2147  2425 W UserManagerService: isUserUnlockingOrUnlocked: state = 3
12-24 20:38:52.479  2147  2159 W UserManagerService: isUserUnlockingOrUnlocked: state = 3
12-24 20:38:52.481  2147  3370 W UserManagerService: isUserUnlockingOrUnlocked: state = 3
12-24 20:38:52.484  2147  2159 W UserManagerService: isUserUnlockingOrUnlocked: state = 3
12-24 20:38:52.497  3103  4441 I chatty  : uid=10012(com.iflytek.xiri) expire 2 lines
12-24 20:38:52.498  1904  2111 D APM_AudioPolicyManager: device is HDMI and stream is music force volume set
12-24 20:38:52.498  1904  2111 D APM_AudioPolicyManager: checkAndSetVolume stream 3,device 400,volumeDb -1.750000,force 1 index 13
12-24 20:38:52.498  1904  2107 D AudioFlinger: setStreamVolume by set_master_volume 0.817523
12-24 20:38:52.498  1883  3548 E audio_hal: no pcm error
12-24 20:38:52.498  1883  1883 V audio_hal: adev_set_master_volume called
12-24 20:38:52.498  1883  1883 D audio_hal: adev_set_master_volume: set vol Master[81]
12-24 20:38:52.499  1904  2107 D AudioFlinger: setStreamVolume by set_master_volume 0.817523
12-24 20:38:52.500  1904  2107 D AudioFlinger: setStreamVolume by set_master_volume 0.817523
12-24 20:38:52.501  1883  3548 E audio_hal: no pcm error
12-24 20:38:52.486  2147  2159 W UserManagerService: isUserUnlockingOrUnlocked: state = 3
12-24 20:38:52.506  2147  3286 W UserManagerService: isUserUnlockingOrUnlocked: state = 3
12-24 20:38:52.506  2147  2159 W UserManagerService: isUserUnlockingOrUnlocked: state = 3
12-24 20:38:52.506  4442  4442 I chatty  : uid=0(root) sh expire 1 line
12-24 20:38:52.507  1904  2111 D APM_AudioPolicyManager: device is HDMI and stream is music force volume set
12-24 20:38:52.507  1906  1906 D BufferLayer: BufferLayer(WindowToken{1e67f14 android.os.BinderProxy@832567}#0): hwGraphics handle = 0xab222f60
12-24 20:38:52.507  1904  2111 D APM_AudioPolicyManager: checkAndSetVolume stream 3,device 400,volumeDb -758.000000,force 1 index 0
12-24 20:38:52.508  2346  2505 I vol.Events: writeEvent mute_changed STREAM_MUSIC true
12-24 20:38:52.512  2147  3286 E WindowManager: App trying to use insecure INPUT_FEATURE_NO_INPUT_CHANNEL flag. Ignoring
12-24 20:38:52.514  1906  1906 D BufferLayer: BufferLayer(75463bd com.iflytek.xiri#0): hwGraphics handle = 0xab222f60
12-24 20:38:52.523  2147  3370 W UserManagerService: isUserUnlockingOrUnlocked: state = 3
12-24 20:38:52.535  2416  2416 I chatty  : uid=1000(system) com.goke.android.gkRMService expire 40 lines
12-24 20:38:52.535  1904  2118 D AudioFlinger: Mixer set high performance mode 12M ret = 0
12-24 20:38:52.538  1904  2107 D AudioFlinger: setStreamVolume by set_master_volume 0.000000
12-24 20:38:52.538  1883  1883 V audio_hal: adev_set_master_volume called
12-24 20:38:52.538  1883  1883 D audio_hal: adev_set_master_volume: set vol Master[0]
12-24 20:38:52.538  1904  2107 D AudioFlinger: setStreamVolume by set_master_volume 0.000000
12-24 20:38:52.538  1904  2107 D AudioFlinger: setStreamVolume by set_master_volume 0.000000
12-24 20:38:52.539  1883  3548 V audio_hal: start_output_stream: enter
12-24 20:38:52.539  1883  3548 D audio_hal: pcm_open card:device(hw:0:0) flags(0x8) out(0xb25be000)
12-24 20:38:52.543  1883  3548 D audio_hal: start_output_stream: get  hal_log_level  int(0)
12-24 20:38:52.543  1883  3548 V audio_hal: start_output_stream exit
12-24 20:38:52.547  1883  3548 E audio_hal: pcm_get_htimestamp error
12-24 20:38:52.549  2147  2159 W UserManagerService: isUserUnlockingOrUnlocked: state = 3
12-24 20:38:52.557  1883  3548 E audio_hal: pcm_get_htimestamp error
12-24 20:38:52.564  1883  1883 V audio_hal: adev_set_master_mute called
12-24 20:38:52.564  1883  1883 D audio_hal: adev_set_master_mute: set Master mute[1]
12-24 20:38:52.569  2147  2221 I chatty  : uid=1000(system) InputReader expire 14 lines
