08-27 17:07:46.813  2147  2169 D NetworkManagementService: NetdResponseCode.InterfaceAddressChange
08-27 17:07:46.816  2147  2169 D NetworkManagementService: InterfaceAddressChange iface =eth0 flags=128 scope=253 address=fe80::224b:22ff:fed9:ad4e/64
08-27 17:07:46.818  2147  2169 D NetworkManagementService: NetdResponseCode.InterfaceAddressChange
08-27 17:07:46.819  2147  2169 D NetworkManagementService: InterfaceAddressChange iface =eth0 flags=196 scope=253 address=fe80::224b:22ff:fed9:ad4e/64
08-27 17:07:46.819  2147  2169 D NetworkManagementService: InterfaceAddressChange before notifyAddressUpdated iface=eth0 address=fe80::224b:22ff:fed9:ad4e/64
08-27 17:07:46.821  2147  2147 D SystemServerTiming: StartDeviceMonitor took to complete: 12ms
08-27 17:07:46.821  2147  2147 I SystemServer: StartLocationManagerService
08-27 17:07:46.823  2147  2147 D SystemServerTiming: StartLocationManagerService took to complete: 3ms
08-27 17:07:46.823  2147  2147 I SystemServer: StartCountryDetectorService
08-27 17:07:46.825  2147  2147 D SystemServerTiming: StartCountryDetectorService took to complete: 1ms
08-27 17:07:46.825  2147  2147 I SystemServer: StartSearchManagerService
08-27 17:07:46.825  2147  2147 I SystemServiceManager: Starting com.android.server.search.SearchManagerService$Lifecycle
08-27 17:07:46.827  2147  2147 D SystemServerTiming: StartSearchManagerService took to complete: 3ms
08-27 17:07:46.828  2147  2147 I SystemServer: StartWallpaperManagerService
08-27 17:07:46.828  2147  2147 I SystemServiceManager: Starting com.android.server.wallpaper.WallpaperManagerService$Lifecycle
08-27 17:07:46.831  2147  2147 D SystemServerTiming: StartWallpaperManagerService took to complete: 3ms
08-27 17:07:46.831  2147  2147 I SystemServer: StartAudioService
08-27 17:07:46.831  2147  2147 I SystemServiceManager: Starting com.android.server.audio.AudioService$Lifecycle
08-27 17:07:46.910  2147  2147 D SystemServerTiming: StartAudioService took to complete: 79ms
08-27 17:07:46.910  2147  2147 I SystemServer: StartDockObserver
08-27 17:07:46.910  2147  2147 I SystemServiceManager: Starting com.android.server.DockObserver
08-27 17:07:46.911  2147  2147 W DockObserver: This kernel does not have dock station support
08-27 17:07:46.913  2147  2147 D SystemServerTiming: StartDockObserver took to complete: 2ms
08-27 17:07:46.913  2147  2147 I SystemServer: StartWiredAccessoryManager
08-27 17:07:46.913  2147  2234 W DnsManager: updatePrivateDns(100, PrivateDnsConfig{true:/[]})
08-27 17:07:46.914  2147  2147 W WiredAccessoryManager: This kernel does not have wired headset support
08-27 17:07:46.915  2147  2147 W WiredAccessoryManager: This kernel does not have usb audio support
08-27 17:07:46.915  2147  2147 D SystemServerTiming: StartWiredAccessoryManager took to complete: 1ms
08-27 17:07:46.915  2147  2147 I SystemServer: StartUsbService
08-27 17:07:46.915  2147  2147 I SystemServiceManager: Starting com.android.server.usb.UsbService$Lifecycle
08-27 17:07:46.916  2147  2234 D DnsManager: setDnsConfigurationForNetwork(100, [192.168.100.1, 112.4.0.55, 221.131.143.69], [], [1800, 25, 8, 64], , [192.168.100.1, 112.4.0.55, 221.131.143.69])
08-27 17:07:46.918  2147  2147 E UsbDeviceManager: failed to write to /sys/class/android_usb/android0/f_rndis/ethaddr
08-27 17:07:46.922  2147  2169 D NetworkManagementService: NetdResponseCode.InterfaceAddressChange
08-27 17:07:46.923  2147  2169 D NetworkManagementService: InterfaceAddressChange iface =eth0 flags=128 scope=0 address=192.168.100.247/24
08-27 17:07:46.923  2147  2169 D NetworkManagementService: InterfaceAddressChange before notifyAddressUpdated iface=eth0 address=192.168.100.247/24
08-27 17:07:46.929  2147  2147 I UsbDeviceManager: USB GADGET HAL not present in the device
08-27 17:07:46.929  2147  2147 I UsbDeviceManager: java.util.NoSuchElementException
08-27 17:07:46.929  2147  2147 I UsbDeviceManager: 	at android.os.HwBinder.getService(Native Method)
08-27 17:07:46.929  2147  2147 I UsbDeviceManager: 	at android.hardware.usb.gadget.V1_0.IUsbGadget.getService(IUsbGadget.java:40)
08-27 17:07:46.929  2147  2147 I UsbDeviceManager: 	at android.hardware.usb.gadget.V1_0.IUsbGadget.getService(IUsbGadget.java:44)
08-27 17:07:46.929  2147  2147 I UsbDeviceManager: 	at com.android.server.usb.UsbDeviceManager.<init>(UsbDeviceManager.java:267)
08-27 17:07:46.929  2147  2147 I UsbDeviceManager: 	at com.android.server.usb.UsbService.<init>(UsbService.java:139)
08-27 17:07:46.929  2147  2147 I UsbDeviceManager: 	at com.android.server.usb.UsbService$Lifecycle.onStart(UsbService.java:73)
08-27 17:07:46.929  2147  2147 I UsbDeviceManager: 	at com.android.server.SystemServiceManager.startService(SystemServiceManager.java:128)
08-27 17:07:46.929  2147  2147 I UsbDeviceManager: 	at com.android.server.SystemServiceManager.startService(SystemServiceManager.java:115)
08-27 17:07:46.929  2147  2147 I UsbDeviceManager: 	at com.android.server.SystemServiceManager.startService(SystemServiceManager.java:74)
08-27 17:07:46.929  2147  2147 I UsbDeviceManager: 	at com.android.server.SystemServer.startOtherServices(SystemServer.java:1383)
08-27 17:07:46.929  2147  2147 I UsbDeviceManager: 	at com.android.server.SystemServer.run(SystemServer.java:449)
08-27 17:07:46.929  2147  2147 I UsbDeviceManager: 	at com.android.server.SystemServer.main(SystemServer.java:312)
08-27 17:07:46.929  2147  2147 I UsbDeviceManager: 	at java.lang.reflect.Method.invoke(Native Method)
08-27 17:07:46.929  2147  2147 I UsbDeviceManager: 	at com.android.internal.os.RuntimeInit$MethodAndArgsCaller.run(RuntimeInit.java:493)
08-27 17:07:46.929  2147  2147 I UsbDeviceManager: 	at com.android.internal.os.ZygoteInit.main(ZygoteInit.java:1121)
08-27 17:07:46.929  2147  2147 E UsbDeviceManager: Failed to open control for mtp
08-27 17:07:46.929  2147  2147 E UsbDeviceManager: Failed to open control for mtp
08-27 17:07:46.936  2147  2234 D DnsManager: setDnsConfigurationForNetwork(100, [192.168.100.1, 112.4.0.55, 221.131.143.69], [], [1800, 25, 8, 64], , [192.168.100.1, 112.4.0.55, 221.131.143.69])
08-27 17:07:46.954  2147  2147 W UserManagerService: isUserUnlockingOrUnlocked: state = 0
08-27 17:07:46.956  2147  2234 D ConnectivityService: swHandleConnectChange mEthNetworkAgentInfo set
08-27 17:07:46.956  2147  2234 D ConnectivityService: swHandleConnectChange isConnect :true Ethernet
08-27 17:07:46.963  2147  2175 I UsbPortManager: Usb hal service started android.hardware.usb@1.0::IUsb default
08-27 17:07:46.971  2147  2147 W SystemServiceManager: Service com.android.server.usb.UsbService$Lifecycle took 55 ms in onStart
08-27 17:07:46.971  2147  2147 D SystemServerTiming: StartUsbService took to complete: 57ms
08-27 17:07:46.971  2147  2147 I SystemServer: StartSerialService
08-27 17:07:46.972  2147  2147 D SystemServerTiming: StartSerialService took to complete: 1ms
08-27 17:07:46.973  2147  2147 I SystemServer: StartHardwarePropertiesManagerService
08-27 17:07:46.976  2147  2147 D SystemServerTiming: StartHardwarePropertiesManagerService took to complete: 3ms
08-27 17:07:46.976  2147  2147 I SystemServer: StartTwilightService
08-27 17:07:46.976  2147  2147 I SystemServiceManager: Starting com.android.server.twilight.TwilightService
08-27 17:07:46.977  2147  2147 D SystemServerTiming: StartTwilightService took to complete: 0ms
08-27 17:07:46.977  2147  2147 I SystemServer: StartJobScheduler
08-27 17:07:46.977  2147  2147 I SystemServiceManager: Starting com.android.server.job.JobSchedulerService
08-27 17:07:46.982  2147  2147 I JobStore: Read 0 jobs
08-27 17:07:46.983  2147  2147 W UserManagerService: isUserUnlockingOrUnlocked: state = 0
08-27 17:07:46.989  2147  2147 D SystemServerTiming: StartJobScheduler took to complete: 12ms
08-27 17:07:46.989  2147  2147 I SystemServer: StartSoundTrigger
08-27 17:07:46.989  2147  2147 I SystemServiceManager: Starting com.android.server.soundtrigger.SoundTriggerService
08-27 17:07:46.991  2147  2147 D SystemServerTiming: StartSoundTrigger took to complete: 2ms
08-27 17:07:46.991  2147  2147 I SystemServer: StartTrustManager
08-27 17:07:46.991  2147  2147 I SystemServiceManager: Starting com.android.server.trust.TrustManagerService
08-27 17:07:46.994  2147  2147 D SystemServerTiming: StartTrustManager took to complete: 2ms
08-27 17:07:46.994  2147  2147 I SystemServer: StartBackupManager
08-27 17:07:46.994  2147  2147 I SystemServiceManager: Starting com.android.server.backup.BackupManagerService$Lifecycle
08-27 17:07:46.998  2147  2147 D SystemServerTiming: StartBackupManager took to complete: 3ms
08-27 17:07:46.998  2147  2147 I SystemServer: StartAppWidgerService
08-27 17:07:46.998  2147  2147 I SystemServiceManager: Starting com.android.server.appwidget.AppWidgetService
08-27 17:07:47.007  2147  2147 D SystemServerTiming: StartAppWidgerService took to complete: 10ms
08-27 17:07:47.008  2147  2147 I SystemServer: StartVoiceRecognitionManager
08-27 17:07:47.008  2147  2147 I SystemServiceManager: Starting com.android.server.voiceinteraction.VoiceInteractionManagerService
08-27 17:07:47.009  2147  2147 D SystemServerTiming: StartVoiceRecognitionManager took to complete: 1ms
08-27 17:07:47.009  2147  2147 I SystemServer: StartGestureLauncher
08-27 17:07:47.010  2147  2147 I SystemServiceManager: Starting com.android.server.GestureLauncherService
08-27 17:07:47.010  2147  2147 D SystemServerTiming: StartGestureLauncher took to complete: 0ms
08-27 17:07:47.010  2147  2147 I SystemServer: StartSensorNotification
08-27 17:07:47.010  2147  2147 I SystemServiceManager: Starting com.android.server.SensorNotificationService
08-27 17:07:47.010  2147  2147 D SystemServerTiming: StartSensorNotification took to complete: 1ms
08-27 17:07:47.010  2147  2147 I SystemServer: StartContextHubSystemService
08-27 17:07:47.010  2147  2147 I SystemServiceManager: Starting com.android.server.ContextHubSystemService
08-27 17:07:47.011  2147  2147 D SystemServerTiming: StartContextHubSystemService took to complete: 0ms
08-27 17:07:47.011  2147  2160 D SystemServerInitThreadPool: Started executing Init ContextHubSystemService
08-27 17:07:47.011  2147  2147 I SystemServer: StartDiskStatsService
08-27 17:07:47.017  2147  2160 D SystemServerInitThreadPool: Finished executing Init ContextHubSystemService
08-27 17:07:47.017  2147  2147 D SystemServerTiming: StartDiskStatsService took to complete: 6ms
08-27 17:07:47.017  2147  2147 I SystemServer: StartNetworkTimeUpdateService
08-27 17:07:47.021  2147  2147 D SystemServerTiming: StartNetworkTimeUpdateService took to complete: 4ms
08-27 17:07:47.021  2147  2147 I SystemServer: StartCommonTimeManagementService
08-27 17:07:47.023  2147  2147 D SystemServerTiming: StartCommonTimeManagementService took to complete: 2ms
08-27 17:07:47.023  2147  2147 I SystemServer: CertBlacklister
08-27 17:07:47.025  2147  2147 D SystemServerTiming: CertBlacklister took to complete: 1ms
08-27 17:07:47.025  2147  2147 I SystemServer: StartSWWuKongService
08-27 17:07:47.026  2147  2147 W UserManagerService: isUserUnlockingOrUnlocked: state = 0
08-27 17:07:47.026  2147  2147 W ActivityManager: Unable to start service Intent { cmp=net.sunniwell.wukong/.SWWuKongService } U=0: not found
08-27 17:07:47.026  2147  2147 I SystemServer: StartEmergencyAffordanceService
08-27 17:07:47.026  2147  2147 I SystemServiceManager: Starting com.android.server.emergency.EmergencyAffordanceService
08-27 17:07:47.027  2147  2147 D SystemServerTiming: StartEmergencyAffordanceService took to complete: 1ms
08-27 17:07:47.027  2147  2147 I SystemServer: StartDreamManager
08-27 17:07:47.027  2147  2147 I SystemServiceManager: Starting com.android.server.dreams.DreamManagerService
08-27 17:07:47.029  2147  2147 D SystemServerTiming: StartDreamManager took to complete: 2ms
08-27 17:07:47.029  2147  2147 I SystemServer: AddGraphicsStatsService
08-27 17:07:47.033  2147  2147 D SystemServerTiming: AddGraphicsStatsService took to complete: 4ms
08-27 17:07:47.035  2147  2147 I SystemServer: StartRestrictionManager
08-27 17:07:47.035  2147  2147 I SystemServiceManager: Starting com.android.server.restrictions.RestrictionsManagerService
08-27 17:07:47.037  2147  2147 D SystemServerTiming: StartRestrictionManager took to complete: 2ms
08-27 17:07:47.037  2147  2147 I SystemServer: StartMediaSessionService
08-27 17:07:47.037  2147  2147 I SystemServiceManager: Starting com.android.server.media.MediaSessionService
08-27 17:07:47.042  2147  2147 D SystemServerTiming: StartMediaSessionService took to complete: 5ms
08-27 17:07:47.042  2147  2147 I SystemServer: StartMediaUpdateService
08-27 17:07:47.042  2147  2147 I SystemServiceManager: Starting com.android.server.media.MediaUpdateService
08-27 17:07:47.043  2147  2147 D SystemServerTiming: StartMediaUpdateService took to complete: 0ms
08-27 17:07:47.043  2147  2147 I SystemServer: StartHdmiControlService
08-27 17:07:47.044  2147  2147 I SystemServiceManager: Starting com.android.server.hdmi.HdmiControlService
08-27 17:07:47.052  2147  2147 I HdmiControlService: mHdmiControlEnabled:true, mHdmiCECStandbyTime:0 min.
08-27 17:07:47.053  2147  2147 I HdmiControlService: mHdmiStandbyEnabled:false, mHdmiStandbyTime:10 min.
08-27 17:07:47.057  2147  2147 I HdmiControlService: initializeCec by:1
08-27 17:07:47.068  2147  2147 I HdmiControlService: Device does not support MHL-control.
08-27 17:07:47.834  2147  2169 D NetworkManagementService: NetdResponseCode.InterfaceAddressChange
08-27 17:07:47.835  2147  2169 D NetworkManagementService: InterfaceAddressChange iface =eth0 flags=128 scope=253 address=fe80::224b:22ff:fed9:ad4e/64
08-27 17:07:47.835  2147  2169 D NetworkManagementService: InterfaceAddressChange before notifyAddressUpdated iface=eth0 address=fe80::224b:22ff:fed9:ad4e/64
08-27 17:07:48.093  2147  2147 W SystemServiceManager: Service com.android.server.hdmi.HdmiControlService took 1042 ms in onStart
08-27 17:07:48.093  2147  2147 D SystemServerTiming: StartHdmiControlService took to complete: 1051ms
08-27 17:07:48.093  2147  2147 I SystemServer: StartTvInputManager
08-27 17:07:48.094  2147  2147 I SystemServiceManager: Starting com.android.server.tv.TvInputManagerService
08-27 17:07:48.111  2147  2147 D SystemServerTiming: StartTvInputManager took to complete: 17ms
08-27 17:07:48.111  2147  2147 I SystemServer: StartMediaResourceMonitor
08-27 17:07:48.111  2147  2147 I SystemServiceManager: Starting com.android.server.media.MediaResourceMonitorService
08-27 17:07:48.112  2147  2147 D SystemServerTiming: StartMediaResourceMonitor took to complete: 1ms
08-27 17:07:48.113  2147  2147 I SystemServer: StartMediaRouterService
08-27 17:07:48.115  2147  2147 D SystemServerTiming: StartMediaRouterService took to complete: 2ms
08-27 17:07:48.115  2147  2147 I SystemServer: StartBackgroundDexOptService
08-27 17:07:48.116  2147  2147 D SystemServerTiming: StartBackgroundDexOptService took to complete: 1ms
08-27 17:07:48.116  2147  2147 I SystemServer: StartPruneInstantAppsJobService
08-27 17:07:48.117  2147  2147 D SystemServerTiming: StartPruneInstantAppsJobService took to complete: 0ms
08-27 17:07:48.117  2147  2147 I SystemServer: StartShortcutServiceLifecycle
08-27 17:07:48.117  2147  2147 I SystemServiceManager: Starting com.android.server.pm.ShortcutService$Lifecycle
08-27 17:07:48.120  2147  2147 D SystemServerTiming: StartShortcutServiceLifecycle took to complete: 4ms
08-27 17:07:48.121  2147  2147 I SystemServer: StartLauncherAppsService
08-27 17:07:48.121  2147  2147 I SystemServiceManager: Starting com.android.server.pm.LauncherAppsService
08-27 17:07:48.122  2147  2147 D SystemServerTiming: StartLauncherAppsService took to complete: 1ms
08-27 17:07:48.122  2147  2147 I SystemServer: StartCrossProfileAppsService
08-27 17:07:48.122  2147  2147 I SystemServiceManager: Starting com.android.server.pm.CrossProfileAppsService
08-27 17:07:48.124  2147  2147 D SystemServerTiming: StartCrossProfileAppsService took to complete: 1ms
08-27 17:07:48.124  2147  2147 I SystemServer: StartMediaProjectionManager
08-27 17:07:48.124  2147  2147 I SystemServiceManager: Starting com.android.server.media.projection.MediaProjectionManagerService
08-27 17:07:48.129  2147  2147 D SystemServerTiming: StartMediaProjectionManager took to complete: 5ms
08-27 17:07:48.129  2147  2147 I SystemServer: StartSliceManagerService
08-27 17:07:48.129  2147  2147 I SystemServiceManager: Starting com.android.server.slice.SliceManagerService$Lifecycle
08-27 17:07:48.133  2147  2147 D SystemServerTiming: StartSliceManagerService took to complete: 4ms
08-27 17:07:48.133  2147  2147 I SystemServer: StartCameraServiceProxy
08-27 17:07:48.133  2147  2147 I SystemServiceManager: Starting com.android.server.camera.CameraServiceProxy
08-27 17:07:48.136  2147  2147 D SystemServerTiming: StartCameraServiceProxy took to complete: 4ms
08-27 17:07:48.137  2147  2147 I SystemServer: StartStatsCompanionService
08-27 17:07:48.137  2147  2147 I SystemServiceManager: Starting com.android.server.stats.StatsCompanionService$Lifecycle
08-27 17:07:48.139  2147  2147 I KernelUidCpuFreqTimeReader: mPerClusterTimesAvailable=false
08-27 17:07:48.140  2147  2147 D SystemServerTiming: StartStatsCompanionService took to complete: 4ms
08-27 17:07:48.141  2147  2147 I SystemServer: StartJitCompilation
08-27 17:07:48.141  2147  2147 D SystemServerTiming: StartJitCompilation took to complete: 0ms
08-27 17:07:48.141  2147  2147 I SystemServer: StartMmsService
08-27 17:07:48.141  2147  2147 I SystemServiceManager: Starting com.android.server.MmsServiceBroker
08-27 17:07:48.143  2147  2147 D SystemServerTiming: StartMmsService took to complete: 1ms
08-27 17:07:48.143  2147  2147 I SystemServer: MakeVibratorServiceReady
08-27 17:07:48.146  2147  2147 D SystemServerTiming: MakeVibratorServiceReady took to complete: 3ms
08-27 17:07:48.147  2147  2147 I SystemServer: MakeLockSettingsServiceReady
08-27 17:07:48.170  2147  2147 I SyntheticPasswordManager: Device does not support weaver
08-27 17:07:48.173  2147  2147 I LockSettingsService: Device doesn't implement AuthSecret HAL
08-27 17:07:48.175  2147  2147 E LockSettingsStorage: Cannot read file java.io.FileNotFoundException: /data/system/gatekeeper.password.key: open failed: ENOENT (No such file or directory)
08-27 17:07:48.176  2147  2147 E LockSettingsStorage: Cannot read file java.io.FileNotFoundException: /data/system/password.key: open failed: ENOENT (No such file or directory)
08-27 17:07:48.177  2147  2147 E LockSettingsStorage: Cannot read file java.io.FileNotFoundException: /data/system/gatekeeper.pattern.key: open failed: ENOENT (No such file or directory)
08-27 17:07:48.177  2147  2147 E LockSettingsStorage: Cannot read file java.io.FileNotFoundException: /data/system/gatekeeper.gesture.key: open failed: ENOENT (No such file or directory)
08-27 17:07:48.178  2147  2147 E LockSettingsStorage: Cannot read file java.io.FileNotFoundException: /data/system/gesture.key: open failed: ENOENT (No such file or directory)
08-27 17:07:48.178  2147  2147 D SystemServerTiming: MakeLockSettingsServiceReady took to complete: 31ms
08-27 17:07:48.178  2147  2147 I SystemServer: StartBootPhaseLockSettingsReady
08-27 17:07:48.178  2147  2147 I SystemServiceManager: Starting phase 480
08-27 17:07:48.178  2147  2147 D DisplayManagerService: PHASE_WAIT_FOR_DEFAULT_DISPLAY for kpi return
08-27 17:07:48.182  2147  2147 D SystemServerTiming: StartBootPhaseLockSettingsReady took to complete: 3ms
08-27 17:07:48.182  2147  2147 I SystemServer: StartBootPhaseSystemServicesReady
08-27 17:07:48.182  2147  2147 I SystemServiceManager: Starting phase 500
08-27 17:07:48.183  2147  2147 D DisplayManagerService: PHASE_WAIT_FOR_DEFAULT_DISPLAY for kpi return
08-27 17:07:48.184  2147  2147 D AppStandbyController: Setting app idle enabled state
08-27 17:07:48.192  2147  2147 I VrManagerService: No default vr listener service found.
08-27 17:07:48.200  2147  2147 D ConnectivityService: networkId null, isConnected true, isAvailable true
08-27 17:07:48.201  2147  2147 I WifiService: WifiService starting up with Wi-Fi enabled
08-27 17:07:48.201  2147  2147 I WifiService: WifiService starting up with AP disabled
08-27 17:07:48.202  2147  2147 I WifiService: WifiService starting up with save_state disabled
08-27 17:07:48.220  2147  2147 D WifiService: setWifiEnabled: true pid=2147, uid=1000, package=android
08-27 17:07:48.237  2147  2147 W UserManagerService: isUserUnlockingOrUnlocked: state = 0
08-27 17:07:48.238  2147  2147 W UserManagerService: isUserUnlockingOrUnlocked: state = 0
08-27 17:07:48.239  2147  2147 D ZenLog  : config: cleanUpZenRules,ZenModeConfig[user=0,allowAlarms=true,allowMedia=true,allowSystem=false,allowReminders=false,allowEvents=false,allowCalls=true,allowRepeatCallers=true,allowMessages=false,allowCallsFrom=stars,allowMessagesFrom=contacts,suppressedVisualEffects=511,areChannelsBypassingDnd=false,automaticRules={EVENTS_DEFAULT_RULE=ZenRule[enabled=false,snoozing=false,name=活动,zenMode=ZEN_MODE_IMPORTANT_INTERRUPTIONS,conditionId=condition://android/event?userId=-10000&calendar=&reply=1,condition=Condition[id=condition://android/event?userId=-10000&calendar=&reply=1,summary=...,line1=...,line2=...,icon=0,state=STATE_FALSE,flags=2],component=ComponentInfo{android/com.android.server.notification.EventConditionProvider},id=EVENTS_DEFAULT_RULE,creationTime=1230739200803,enabler=null], EVERY_NIGHT_DEFAULT_RULE=ZenRule[enabled=false,snoozing=false,name=睡眠,zenMode=ZEN_MODE_IMPORTANT_INTERRUPTIONS,conditionId=condition://android/schedule?days=1.2.3.4.5.6.7&start=22.0&end=7.0&exitAtAlarm=true,condition=Condition[id=condition://android/schedule?days=1.2.3.4.5.6.7&start=22.0&end=7.0&exitAtAlarm=true,summary=...,line1=...,line2=...,icon=0,state=STATE_FALSE,flags=2],component=ComponentInfo{android/com.android.server.notification.ScheduleConditionProvider},id=EVERY_NIGHT_DEFAULT_RULE,creationTime=1230739200803,enabler=null]},manualRule=null],Diff[]
08-27 17:07:48.240  2147  2147 D ZenLog  : set_zen_mode: off,onSystemReady
08-27 17:07:48.247  2147  2147 W SoundTriggerHelper: listModules status=0, # of modules=0
08-27 17:07:48.256  2147  2147 D SystemServerTiming: StartBootPhaseSystemServicesReady took to complete: 74ms
08-27 17:07:48.256  2147  2147 I SystemServer: MakeWindowManagerServiceReady
08-27 17:07:48.262  2147  2147 D SystemServerTiming: MakeWindowManagerServiceReady took to complete: 6ms
08-27 17:07:48.263  2147  2147 I SystemServer: MakePowerManagerServiceReady
08-27 17:07:48.283  2147  2173 W KeyguardServiceDelegate: onScreenTurningOn(): no keyguard service!
08-27 17:07:48.290  2147  2147 D SystemServerTiming: MakePowerManagerServiceReady took to complete: 26ms
08-27 17:07:48.290  2147  2147 I SystemServer: MakePackageManagerServiceReady
08-27 17:07:48.310  2147  2147 W UserManagerService: isUserUnlockingOrUnlocked: state = 0
08-27 17:07:48.312  2147  2147 W UserManagerService: isUserUnlockingOrUnlocked: state = 0
08-27 17:07:48.318  2147  2147 V UserDataPreparer: Found /data/user_de/0 with serial number 0
08-27 17:07:48.318  2147  2147 V UserDataPreparer: Found /data/user/0 with serial number 0
08-27 17:07:48.318  2147  2147 V UserDataPreparer: Found /data/system_de/0 with serial number 0
08-27 17:07:48.318  2147  2147 V UserDataPreparer: Found /data/system_ce/0 with serial number 0
08-27 17:07:48.318  2147  2147 V UserDataPreparer: Found /data/misc_ce/0 with serial number 0
08-27 17:07:48.319  2147  2147 D SystemServerTiming: MakePackageManagerServiceReady took to complete: 29ms
08-27 17:07:48.319  2147  2147 I SystemServer: MakeDisplayManagerServiceReady
08-27 17:07:48.320  2147  2147 D SystemServerTiming: MakeDisplayManagerServiceReady took to complete: 1ms
08-27 17:07:48.320  2147  2147 I SystemServer: Start os DisplayService
08-27 17:07:48.320  2147  2147 I SystemServiceManager: Starting com.android.server.DisplayService
08-27 17:07:50.039  2147  2234 D DnsManager: setDnsConfigurationForNetwork(100, [192.168.100.1, 112.4.0.55, 221.131.143.69, fd8c:7a7c:278b::1], [], [1800, 25, 8, 64], , [192.168.100.1, 112.4.0.55, 221.131.143.69, fd8c:7a7c:278b::1])
08-27 17:07:50.118  2147  2147 D SystemServerTiming: Start os DisplayService took to complete: 1798ms
08-27 17:07:50.119  2147  2147 I SystemServer: StartDeviceSpecificServices
08-27 17:07:50.119  2147  2147 D SystemServerTiming: StartDeviceSpecificServices took to complete: 0ms
08-27 17:07:50.119  2147  2147 I SystemServer: StartBootPhaseDeviceSpecificServicesReady
08-27 17:07:50.119  2147  2147 I SystemServiceManager: Starting phase 520
08-27 17:07:50.119  2147  2147 D DisplayManagerService: PHASE_WAIT_FOR_DEFAULT_DISPLAY for kpi return
08-27 17:07:50.119  2147  2147 D SystemServerTiming: StartBootPhaseDeviceSpecificServicesReady took to complete: 1ms
08-27 17:07:50.120  2147  2147 D ActivityManager: start system delay_time:0
08-27 17:07:50.121  2147  2147 W UsageStatsService: Event reported without a package name
08-27 17:07:50.121  2147  2147 W UserManagerService: isUserUnlockingOrUnlocked: state = 0
08-27 17:07:50.126  2147  2147 I chatty  : uid=1000 system_server identical 30 lines
08-27 17:07:50.126  2147  2147 W UserManagerService: isUserUnlockingOrUnlocked: state = 0
08-27 17:07:50.128  2147  2147 I ActivityManager: System now ready
08-27 17:07:50.135  2147  2147 I SystemServer: Making services ready
08-27 17:07:50.136  2147  2147 I SystemServer: StartActivityManagerReadyPhase
08-27 17:07:50.136  2147  2147 I SystemServiceManager: Starting phase 550
08-27 17:07:50.136  2147  2147 D DisplayManagerService: PHASE_WAIT_FOR_DEFAULT_DISPLAY for kpi return
08-27 17:07:50.138  2147  2147 W UserManagerService: isUserUnlockingOrUnlocked: state = 0
08-27 17:07:50.139  2147  2147 W ActivityManager: Unable to start service Intent { act=com.android.ITelecomService cmp=com.android.server.telecom/.components.TelecomService } U=0: not found
08-27 17:07:50.175  2147  2147 D BluetoothManagerService: Bluetooth boot completed
08-27 17:07:50.177  2147  2147 D BluetoothManagerService: Auto-enabling Bluetooth.
08-27 17:07:50.178  2147  2170 D BluetoothManagerService: MESSAGE_ENABLE(0): mBluetooth = null
08-27 17:07:50.179  2147  2170 W UserManagerService: isUserUnlockingOrUnlocked: state = 0
08-27 17:07:50.180  2147  2170 W UserManagerService: isUserUnlockingOrUnlocked: state = 0
08-27 17:07:50.182  2147  2170 I ActivityManager: startProcessLocked ProcessRecord{11ee18d 0:com.android.bluetooth/1002}
08-27 17:07:50.183  2147  2170 W UserManagerService: isUserUnlockingOrUnlocked: state = 0
08-27 17:07:50.189  2147  2147 W UserManagerService: isUserUnlockingOrUnlocked: state = 0
08-27 17:07:50.195  2147  2147 I chatty  : uid=1000 system_server identical 1 line
08-27 17:07:50.203  2147  2147 W UserManagerService: isUserUnlockingOrUnlocked: state = 0
08-27 17:07:50.203  2147  2164 I ActivityManager: Start proc 2312:com.android.bluetooth/1002 for service com.android.bluetooth/.btservice.AdapterService
08-27 17:07:50.205  2147  2147 W UserManagerService: isUserUnlockingOrUnlocked: state = 0
08-27 17:07:50.247  2147  2198 W UserManagerService: isUserUnlockingOrUnlocked: state = 0
08-27 17:07:50.265  2147  2147 W UserManagerService: isUserUnlockingOrUnlocked: state = 0
08-27 17:07:50.272  2147  2147 I chatty  : uid=1000 system_server identical 7 lines
08-27 17:07:50.273  2147  2147 W UserManagerService: isUserUnlockingOrUnlocked: state = 0
08-27 17:07:50.274  2147  2147 I ActivityManager: startProcessLocked ProcessRecord{d33ecf2 0:com.goke.android.inputmethod.remote/u0a22}
08-27 17:07:50.275  2147  2147 W UserManagerService: isUserUnlockingOrUnlocked: state = 0
08-27 17:07:50.278  2147  2147 W SystemServiceManager: Service com.android.server.InputMethodManagerService$Lifecycle took 92 ms in onBootPhase
08-27 17:07:50.279  2147  2223 D StorageManagerService: Thinking about init, mSystemReady=true, mDaemonConnected=true
08-27 17:07:50.279  2147  2223 D StorageManagerService: Setting up emulation state, initlocked=false
08-27 17:07:50.280  1798  1806 D vold    : e4crypt_unlock_user_key 0 serial=0 token_present=0
08-27 17:07:50.281  2147  2223 D StorageManagerService: Thinking about reset, mSystemReady=true, mDaemonConnected=true
08-27 17:07:50.282  2147  2162 I ActivityManager: Force stopping com.android.providers.media appid=10002 user=-1: vold reset
08-27 17:07:50.285  2147  2198 V StorageManagerService: Found primary storage at VolumeInfo{emulated}:
08-27 17:07:50.285  2147  2198 V StorageManagerService:     type=EMULATED diskId=null partGuid= mountFlags=0 mountUserId=-1 
08-27 17:07:50.285  2147  2198 V StorageManagerService:     state=UNMOUNTED 
08-27 17:07:50.285  2147  2198 V StorageManagerService:     fsType=null fsUuid=null fsLabel=null 
08-27 17:07:50.285  2147  2198 V StorageManagerService:     path=null internalPath=null 
08-27 17:07:50.287  2147  2147 I WallpaperManagerService: No static wallpaper imagery; defaults will be shown
08-27 17:07:50.291  2147  2147 W WallpaperManagerService: Invalid wallpaper data
08-27 17:07:50.291  2147  2147 E WallpaperManagerService: Unable to apply new wallpaper
08-27 17:07:50.292  1798  1806 V vold    : Waiting for FUSE to spin up...
08-27 17:07:50.299  2147  2147 D SystemServerTiming: StartActivityManagerReadyPhase took to complete: 163ms
08-27 17:07:50.300  2147  2147 I SystemServer: StartObservingNativeCrashes
08-27 17:07:50.302  2147  2249 D BluetoothManagerService: Creating new ProfileServiceConnections object for profile: 1
08-27 17:07:50.303  2147  2249 W UserManagerService: isUserUnlockingOrUnlocked: state = 0
08-27 17:07:50.303  2147  2249 E BluetoothManagerService: Fail to bind to: Intent { act=android.bluetooth.IBluetoothHeadset }
08-27 17:07:50.304  2147  2249 W BluetoothManagerService: Unable to bind with intent: Intent { act=android.bluetooth.IBluetoothHeadset }
08-27 17:07:50.305  2147  2249 W UserManagerService: isUserUnlockingOrUnlocked: state = 0
08-27 17:07:50.306  2147  2164 I ActivityManager: Start proc 2330:com.goke.android.inputmethod.remote/u0a22 for service com.goke.android.inputmethod.remote/.RemoteIME
08-27 17:07:50.307  2147  2147 D SystemServerTiming: StartObservingNativeCrashes took to complete: 8ms
08-27 17:07:50.309  2147  2175 E UsbPortManager: port status enquiry failed
08-27 17:07:50.312  2147  2147 I SystemServer: StartSystemUI
08-27 17:07:50.313  2147  2147 W UserManagerService: isUserUnlockingOrUnlocked: state = 0
08-27 17:07:50.315  2147  2195 D SystemServerInitThreadPool: Started executing WebViewFactoryPreparation
08-27 17:07:50.315  2147  2195 I SystemServer: WebViewFactoryPreparation
08-27 17:07:50.316  2147  2249 W UserManagerService: isUserUnlockingOrUnlocked: state = 0
08-27 17:07:50.318  2147  2195 W UserManagerService: isUserUnlockingOrUnlocked: state = 0
08-27 17:07:50.318  2147  2147 I ActivityManager: startProcessLocked ProcessRecord{b708e1c 0:com.android.systemui/u0a6}
08-27 17:07:50.319  2147  2195 W UserManagerService: isUserUnlockingOrUnlocked: state = 0
08-27 17:07:50.319  2147  2147 W UserManagerService: isUserUnlockingOrUnlocked: state = 0
08-27 17:07:50.321  2147  2249 W UserManagerService: isUserUnlockingOrUnlocked: state = 0
08-27 17:07:50.323  2147  2195 W UserManagerService: isUserUnlockingOrUnlocked: state = 0
08-27 17:07:50.323  2147  2147 W UserManagerService: isUserUnlockingOrUnlocked: state = 0
08-27 17:07:50.324  2147  2147 W ActivityManager: Unable to start service Intent { flg=0x100 cmp=com.android.systemui/.keyguard.KeyguardService } U=0: not found
08-27 17:07:50.324  2147  2147 D SystemServerTiming: StartSystemUI took to complete: 11ms
08-27 17:07:50.324  2147  2147 I SystemServer: MakeNetworkManagementServiceReady
08-27 17:07:50.325  2147  2147 D NetworkManagementService: enabling bandwidth control
08-27 17:07:50.326  2147  2249 W UserManagerService: isUserUnlockingOrUnlocked: state = 0
08-27 17:07:50.337  2147  2195 I ActivityManager: startProcessLocked ProcessRecord{49684b4 0:WebViewLoader-armeabi-v7a/1037}
08-27 17:07:50.342  2147  2195 D SystemServerTimingAsync: WebViewFactoryPreparation took to complete: 27ms
08-27 17:07:50.342  2147  2195 D SystemServerInitThreadPool: Finished executing WebViewFactoryPreparation
08-27 17:07:50.343  1798  1806 V vold    : Waiting for FUSE to spin up...
08-27 17:07:50.350  2328  2328 W sdcard  : User explicitly enabled sdcardfs
08-27 17:07:50.351  2147  2164 I ActivityManager: Start proc 2346:com.android.systemui/u0a6 for service com.android.systemui/.SystemUIService
08-27 17:07:50.367  2147  2147 D SystemServerTiming: MakeNetworkManagementServiceReady took to complete: 43ms
08-27 17:07:50.367  2147  2147 I SystemServer: MakeIpSecServiceReady
08-27 17:07:50.369  2147  2147 D IpSecService: IpSecService is ready
08-27 17:07:50.369  2147  2147 D SystemServerTiming: MakeIpSecServiceReady took to complete: 2ms
08-27 17:07:50.369  2147  2147 I SystemServer: MakeNetworkStatsServiceReady
08-27 17:07:50.375  2147  2228 W NetworkPolicy: unable to apply policy to UID 1000; ignoring
08-27 17:07:50.376  2147  2228 W UserManagerService: isUserUnlockingOrUnlocked: state = 0
08-27 17:07:50.383  2147  2327 W UserManagerService: isUserUnlockingOrUnlocked: state = 0
08-27 17:07:50.386  2147  2228 W NetworkPolicy: setRestrictBackgroundUL: already false
08-27 17:07:50.393  2147  2164 I ActivityManager: Start proc 2355:WebViewLoader-armeabi-v7a/1037 [android.webkit.WebViewLibraryLoader$RelroFileCreator] for 
08-27 17:07:50.395  2147  2198 W UserManagerService: isUserUnlockingOrUnlocked: state = 0
08-27 17:07:50.411  2147  2162 W BroadcastQueue: Permission Denial: broadcasting Intent { act=android.net.conn.CONNECTIVITY_CHANGE flg=0x44200010 (has extras) } from null (pid=-1, uid=-1) requires android.permission.CONNECTIVITY_INTERNAL due to registered receiver BroadcastFilter{f5b4680 u0 ReceiverList{7b1f703 2147 system/1000/u0 local:e98dbb2}}
08-27 17:07:50.414  2147  2214 W UserManagerService: isUserUnlockingOrUnlocked: state = 0
08-27 17:07:50.420  2147  2228 W UserManagerService: isUserUnlockingOrUnlocked: state = 0
08-27 17:07:50.425  2147  2147 D SystemServerTiming: MakeNetworkStatsServiceReady took to complete: 57ms
08-27 17:07:50.426  2147  2147 I SystemServer: MakeConnectivityServiceReady
08-27 17:07:50.430  2147  2147 W UserManagerService: isUserUnlockingOrUnlocked: state = 0
08-27 17:07:50.435  2147  2147 W UserManagerService: isUserUnlockingOrUnlocked: state = 0
08-27 17:07:50.449  2147  2234 W UserManagerService: isUserUnlockingOrUnlocked: state = 0
08-27 17:07:50.457  2147  2147 D SystemServerTiming: MakeConnectivityServiceReady took to complete: 31ms
08-27 17:07:50.457  2147  2147 I SystemServer: MakeNetworkPolicyServiceReady
08-27 17:07:50.457  2147  2147 D SystemServerTiming: MakeNetworkPolicyServiceReady took to complete: 0ms
08-27 17:07:50.457  2147  2147 I SystemServer: StartWatchdog
08-27 17:07:50.458  2147  2147 D SystemServerTiming: StartWatchdog took to complete: 1ms
08-27 17:07:50.459  2147  2147 I SystemServer: PhaseThirdPartyAppsCanStart
08-27 17:07:50.459  2147  2147 I SystemServiceManager: Starting phase 600
08-27 17:07:50.461  2147  2147 D DisplayManagerService: PHASE_WAIT_FOR_DEFAULT_DISPLAY for kpi return
08-27 17:07:50.469  2147  2147 V WallpaperManagerService: bindWallpaperComponentLocked: componentName=ComponentInfo{com.android.systemui/com.android.systemui.ImageWallpaper}
08-27 17:07:50.469  2147  2147 W UserManagerService: isUserUnlockingOrUnlocked: state = 0
08-27 17:07:50.472  2147  2147 W UserManagerService: isUserUnlockingOrUnlocked: state = 0
08-27 17:07:50.494  2147  2198 W UserManagerService: isUserUnlockingOrUnlocked: state = 0
08-27 17:07:50.510  2147  2327 W UserManagerService: isUserUnlockingOrUnlocked: state = 0
08-27 17:07:50.513  2147  2158 W UserManagerService: isUserUnlockingOrUnlocked: state = 0
08-27 17:07:50.517  2147  2147 W UserManagerService: isUserUnlockingOrUnlocked: state = 0
08-27 17:07:50.521  2147  2198 W UserManagerService: isUserUnlockingOrUnlocked: state = 0
08-27 17:07:50.524  2147  2147 W UserManagerService: isUserUnlockingOrUnlocked: state = 0
08-27 17:07:50.526  2147  2147 I chatty  : uid=1000 system_server identical 1 line
08-27 17:07:50.552  2147  2147 W UserManagerService: isUserUnlockingOrUnlocked: state = 0
08-27 17:07:50.552  2147  2198 W UserManagerService: isUserUnlocked: state = 0
08-27 17:07:50.560  2147  2147 I StatsCompanionService: Told statsd that StatsCompanionService is alive.
08-27 17:07:50.560  2147  2147 D SystemServerTiming: PhaseThirdPartyAppsCanStart took to complete: 102ms
08-27 17:07:50.560  2147  2147 I SystemServer: MakeLocationServiceReady
08-27 17:07:50.572  2147  2147 W UserManagerService: isUserUnlockingOrUnlocked: state = 0
08-27 17:07:50.574  2147  2147 I chatty  : uid=1000 system_server identical 2 lines
08-27 17:07:50.575  2147  2147 W UserManagerService: isUserUnlockingOrUnlocked: state = 0
08-27 17:07:50.576  2147  2147 W LocationManagerService: no network location provider found
08-27 17:07:50.576  2147  2147 W UserManagerService: isUserUnlockingOrUnlocked: state = 0
08-27 17:07:50.581  2147  2147 I chatty  : uid=1000 system_server identical 3 lines
08-27 17:07:50.585  2147  2147 W UserManagerService: isUserUnlockingOrUnlocked: state = 0
08-27 17:07:50.585  2147  2147 E LocationManagerService: no geocoder provider found
08-27 17:07:50.586  2147  2147 W UserManagerService: isUserUnlockingOrUnlocked: state = 0
08-27 17:07:50.589  2147  2147 W UserManagerService: isUserUnlockingOrUnlocked: state = 0
08-27 17:07:50.591  2147  2147 D LocationManagerService: Unable to bind FLP Geofence proxy.
08-27 17:07:50.591  2147  2147 D LocationManagerService: Hardware Activity-Recognition not supported.
08-27 17:07:50.591  2147  2147 W UserManagerService: isUserUnlockingOrUnlocked: state = 0
08-27 17:07:50.593  2147  2147 D LocationManagerService: Unable to bind ActivityRecognitionProxy.
08-27 17:07:50.593  2147  2147 W UserManagerService: isUserUnlockingOrUnlocked: state = 0
08-27 17:07:50.594  2147  2147 W UserManagerService: isUserUnlockingOrUnlocked: state = 0
08-27 17:07:50.597  2147  2147 D SystemServerTiming: MakeLocationServiceReady took to complete: 36ms
08-27 17:07:50.597  2147  2147 I SystemServer: MakeCountryDetectionServiceReady
08-27 17:07:50.597  2147  2147 D SystemServerTiming: MakeCountryDetectionServiceReady took to complete: 0ms
08-27 17:07:50.597  2147  2147 I SystemServer: MakeNetworkTimeUpdateReady
08-27 17:07:50.610  2147  2147 D SystemServerTiming: MakeNetworkTimeUpdateReady took to complete: 13ms
08-27 17:07:50.610  2147  2147 I SystemServer: MakeCommonTimeManagementServiceReady
08-27 17:07:50.611  2147  2147 D SystemServerTiming: MakeCommonTimeManagementServiceReady took to complete: 1ms
08-27 17:07:50.613  2147  2147 I SystemServer: MakeInputManagerServiceReady
08-27 17:07:50.618  2147  2147 D SystemServerTiming: MakeInputManagerServiceReady took to complete: 4ms
08-27 17:07:50.618  2147  2147 I SystemServer: MakeTelephonyRegistryReady
08-27 17:07:50.621  2147  2158 W UserManagerService: isUserUnlockingOrUnlocked: state = 0
08-27 17:07:50.624  2147  2147 D SystemServerTiming: MakeTelephonyRegistryReady took to complete: 5ms
08-27 17:07:50.624  2147  2147 I SystemServer: MakeMediaRouterServiceReady
08-27 17:07:50.624  2147  2147 D SystemServerTiming: MakeMediaRouterServiceReady took to complete: 1ms
08-27 17:07:50.625  2147  2147 I SystemServer: MakeMmsServiceReady
08-27 17:07:50.626  2147  2147 I MmsServiceBroker: Delay connecting to MmsService until an API is called
08-27 17:07:50.626  2147  2147 D SystemServerTiming: MakeMmsServiceReady took to complete: 0ms
08-27 17:07:50.626  2147  2147 I SystemServer: IncidentDaemonReady
08-27 17:07:50.628  2147  2147 D SystemServerTiming: IncidentDaemonReady took to complete: 3ms
08-27 17:07:50.628  2147  2158 W UserManagerService: isUserUnlockingOrUnlocked: state = 0
08-27 17:07:50.629  2147  2147 D SystemServerTiming: PhaseActivityManagerReady took to complete: 509ms
08-27 17:07:50.629  2147  2147 I SystemServiceManager: Calling onStartUser u0
08-27 17:07:50.635  2147  2158 W UserManagerService: isUserUnlockingOrUnlocked: state = 0
08-27 17:07:50.637  2147  2147 W VoiceInteractionManagerService: no available voice interaction services found for user 0
08-27 17:07:50.637  2147  2147 W VoiceInteractionManagerService: no available voice recognition services found for user 0
08-27 17:07:50.640  2147  2198 W UserManagerService: isUserUnlockingOrUnlocked: state = 0
08-27 17:07:50.643  2147  2147 I ActivityManager: startProcessLocked ProcessRecord{94ec206 0:com.goke.android.gkRMService/1000}
08-27 17:07:50.643  2147  2147 W UserManagerService: isUserUnlockingOrUnlocked: state = 0
08-27 17:07:50.644  2147  2147 D ActivityManager: startHomeActivityLocked telecom
08-27 17:07:50.644  2147  2147 E ActivityManager: startNativeLauncher systemReady
08-27 17:07:50.644  2147  2147 I ActivityManager: persist.sys.launcher.pkgName = 
08-27 17:07:50.644  2147  2147 W UserManagerService: isUserUnlockingOrUnlocked: state = 0
08-27 17:07:50.645  2147  2147 I ActivityManager: launchPackageName = net.sunniwell.app.guide
08-27 17:07:50.646  2147  2147 D ActivityManager: launcher classname:net.sunniwell.app.guide.common.page.InitiaActivity
08-27 17:07:50.646  2147  2147 W UserManagerService: isUserUnlockingOrUnlocked: state = 0
08-27 17:07:50.649  2147  2198 W UserManagerService: isUserUnlockingOrUnlocked: state = 0
08-27 17:07:50.652  2147  2147 I ActivityManager: START u0 {act=android.intent.action.MAIN cat=[android.intent.category.HOME] flg=0x10000000 cmp=net.sunniwell.app.guide/.common.page.InitiaActivity} from uid 0
08-27 17:07:50.653  2147  2147 W UserManagerService: isUserUnlockingOrUnlocked: state = 0
08-27 17:07:50.663  2147  2327 W UserManagerService: isUserUnlockingOrUnlocked: state = 0
08-27 17:07:50.668  2147  2147 I ActivityManager: Loaded persisted task ids for user 0
08-27 17:07:50.685  2147  2147 I ActivityManager: startProcessLocked ProcessRecord{35d1f19 0:net.sunniwell.app.guide/1000}
08-27 17:07:50.686  2147  2147 W UserManagerService: isUserUnlockingOrUnlocked: state = 0
12-24 20:19:32.905  2147  2147 D SystemServerTiming: ActivityManagerStartApps took to complete: 67ms
12-24 20:19:32.905  2147  2147 D SystemServerTiming: StartSWWuKongService took to complete: 3671ms
12-24 20:19:32.918  2147  2147 D SystemServerInitThreadPool: Shutdown successful
12-24 20:19:32.919  2147  2147 D SystemServerTiming: StartServices took to complete: 6591ms
12-24 20:19:32.922  2147  2161 W UserManagerService: isUserUnlocked: state = 0
12-24 20:19:32.922  2147  2161 W UserManagerService: isUserUnlockingOrUnlocked: state = 0
12-24 20:19:32.927  2147  2147 W Looper  : Slow delivery took 4945ms main h=android.os.Handler c=com.android.server.-$$Lambda$BatteryService$2x73lvpB0jctMSVP4qb9sHAqRPw@a9793d5 m=0
12-24 20:19:32.936  2147  2161 W UserManagerService: isUserUnlockingOrUnlocked: state = 0
12-24 20:19:32.936  2147  2214 W UserManagerService: isUserUnlockingOrUnlocked: state = 0
12-24 20:19:32.937  2147  2164 I ActivityManager: Start proc 2416:com.goke.android.gkRMService/1000 for added application com.goke.android.gkRMService
12-24 20:19:33.056  2147  2147 W UserManagerService: isUserUnlockingOrUnlocked: state = 0
12-24 20:19:33.056  2147  2147 V SettingsProvider: Notifying for 0: content://settings/global/hidden_api_policy_pre_p_apps
12-24 20:19:33.056  2147  2147 W Looper  : Slow dispatch took 127ms main h=com.android.providers.settings.SettingsProvider$SettingsRegistry$MyHandler c=null m=1
12-24 20:19:33.058  2147  2147 W UserManagerService: isUserUnlockingOrUnlocked: state = 0
12-24 20:19:33.059  2147  2147 V SettingsProvider: Notifying for 0: content://settings/global/hidden_api_policy_p_apps
12-24 20:19:33.059  2147  2147 D ConditionProviders.SCP: onConnected
12-24 20:19:33.060  2147  2159 I ActivityManager: Process WebViewLoader-armeabi-v7a (pid 2355) has died: psvc PER 
12-24 20:19:33.062  2147  2147 D ZenLog  : set_zen_mode: off,readXml
12-24 20:19:33.064  2147  2147 D ConditionProviders: Subscribing to condition://android/event?userId=-10000&calendar=&reply=1 with ComponentInfo{android/com.android.server.notification.EventConditionProvider}
12-24 20:19:33.064  2147  2147 D ZenLog  : subscribe: condition://android/event?userId=-10000&calendar=&reply=1,ok
12-24 20:19:33.065  2147  2147 D ConditionProviders: Subscribing to condition://android/schedule?days=1.2.3.4.5.6.7&start=22.0&end=7.0&exitAtAlarm=true with ComponentInfo{android/com.android.server.notification.ScheduleConditionProvider}
12-24 20:19:33.065  2147  2147 D ZenLog  : subscribe: condition://android/schedule?days=1.2.3.4.5.6.7&start=22.0&end=7.0&exitAtAlarm=true,ok
12-24 20:19:33.069  2147  2425 W UserManagerService: isUserUnlockingOrUnlocked: state = 0
12-24 20:19:33.074  2147  2161 I UsageStatsService: Time changed in UsageStats by 41829102 seconds
12-24 20:19:33.074  2147  2198 W UserManagerService: isUserUnlockingOrUnlocked: state = 0
12-24 20:19:33.074  2147  2161 I UsageStatsService: User[0] Flushing usage stats to disk
12-24 20:19:33.096  2147  2164 I ActivityManager: Start proc 2454:net.sunniwell.app.guide/1000 for activity net.sunniwell.app.guide/.common.page.InitiaActivity
12-24 20:19:33.103  2147  2147 D ConnectivityService: networkId null, isConnected true, isAvailable true
12-24 20:19:33.104  2147  2147 D ZenLog  : set_zen_mode: off,cleanUpZenRules
12-24 20:19:33.109  2147  2198 W UserManagerService: isUserUnlockingOrUnlocked: state = 0
12-24 20:19:33.112  2147  2147 W UserManagerService: isUserUnlockingOrUnlocked: state = 0
12-24 20:19:33.112  2147  2147 V SettingsProvider: Notifying for 0: content://settings/secure/location_providers_allowed
12-24 20:19:33.113  2147  2147 W UserManagerService: isUserUnlockingOrUnlocked: state = 0
12-24 20:19:33.113  2147  2198 W UserManagerService: isUserUnlockingOrUnlocked: state = 0
12-24 20:19:33.114  2147  2147 V SettingsProvider: Notifying for 0: content://settings/global/location_global_kill_switch
12-24 20:19:33.115  2147  2233 E WifiP2pService: Unexpected disable request when WifiChannel is null
12-24 20:19:33.115  2147  2147 W UserManagerService: isUserUnlockingOrUnlocked: state = 0
12-24 20:19:33.115  2147  2147 E HdmiControlService: Failed to allocate address:[device_type:4]
12-24 20:19:33.117  2147  2169 D NetworkManagementService: NetdResponseCode.InterfaceAddressChange
12-24 20:19:33.117  2147  2169 D NetworkManagementService: InterfaceAddressChange iface =eth0 flags=0 scope=0 address=fd8c:7a7c:278b::2bc/64
12-24 20:19:33.117  2147  2169 D NetworkManagementService: InterfaceAddressChange before notifyAddressUpdated iface=eth0 address=fd8c:7a7c:278b::2bc/64
12-24 20:19:33.123  2147  2147 D ConnectivityService: networkId null, isConnected true, isAvailable true
12-24 20:19:33.131  2147  2425 W UserManagerService: isUserUnlockingOrUnlocked: state = 0
12-24 20:19:33.133  2147  2147 I SyncManager: Loaded persisted syncs: 0 periodic syncs, 0 oneshot syncs, 7 total system server jobs, JobStats: FirstLoad: 0/0/0 LastSave: -1/-1/-1
12-24 20:19:33.133  2147  2425 W UserManagerService: isUserUnlockingOrUnlocked: state = 0
12-24 20:19:33.135  2147  2147 W ContextImpl: Calling a method in the system process without a qualified user: android.app.ContextImpl.startService:1534 com.android.server.content.SyncManager$14.run:756 android.os.Handler.handleCallback:873 android.os.Handler.dispatchMessage:99 android.os.Looper.loop:193 
12-24 20:19:33.136  2147  2147 W UserManagerService: isUserUnlockingOrUnlocked: state = 0
12-24 20:19:33.142  2147  2147 W UserManagerService: isUserUnlockingOrUnlocked: state = 0
12-24 20:19:33.143  2147  2147 V SettingsProvider: Notifying for 0: content://settings/global/boot_count
12-24 20:19:33.144  2147  2425 W UserManagerService: isUserUnlockingOrUnlocked: state = 0
12-24 20:19:33.186  2147  2147 W UserManagerService: isUserUnlockingOrUnlocked: state = 0
12-24 20:19:33.188  2147  2161 I UsageStatsDatabase: Time changed by +484d3h11m42s210ms. files deleted: 0 files moved: 4
12-24 20:19:33.190  2147  2425 W UserManagerService: isUserUnlockingOrUnlocked: state = 0
12-24 20:19:33.192  2147  2198 W UserManagerService: isUserUnlockingOrUnlocked: state = 0
12-24 20:19:33.209  2147  2198 W UserManagerService: isUserUnlockingOrUnlocked: state = 0
12-24 20:19:33.210  2147  2425 W UserManagerService: isUserUnlockingOrUnlocked: state = 0
12-24 20:19:33.214  2147  2425 W UserManagerService: isUserUnlockingOrUnlocked: state = 0
12-24 20:19:33.240  2147  2198 W UserManagerService: isUserUnlockingOrUnlocked: state = 0
12-24 20:19:33.242  2147  2147 V WiredAccessoryManager: init()
12-24 20:19:33.244  2147  2198 W UserManagerService: isUserUnlockingOrUnlocked: state = 0
12-24 20:19:33.245  2147  2147 V WiredAccessoryManager: newName=hdmi newState=16 headsetState=16 prev headsetState=0
12-24 20:19:33.248  2147  2147 V DisplayService: handleMessage com.android.server.hdmi.HdmiControlService$LocalHdmiService@e2bf6a4
12-24 20:19:33.261  2147  2161 I UsageStatsService: User[0] Rollover scheduled @ 2025-12-25 20:19:33(1766665173074)
12-24 20:19:33.284  2147  2198 W UserManagerService: isUserUnlockingOrUnlocked: state = 0
12-24 20:19:33.289  2147  2198 W UserManagerService: isUserUnlockingOrUnlocked: state = 0
12-24 20:19:33.293  2346  2346 D SystemUIBootTiming: StartServicescom.android.systemui.Dependency took to complete: 49ms
12-24 20:19:33.294  2147  2198 W UserManagerService: isUserUnlockingOrUnlocked: state = 0
12-24 20:19:33.297  2147  2198 I chatty  : uid=1000(system) Binder:2147_3 identical 1 line
12-24 20:19:33.299  2147  2198 W UserManagerService: isUserUnlockingOrUnlocked: state = 0
12-24 20:19:33.301  2147  2147 W UserManagerService: isUserUnlockingOrUnlocked: state = 0
12-24 20:19:33.302  2147  2425 W UserManagerService: isUserUnlockingOrUnlocked: state = 0
12-24 20:19:33.303  2147  2198 W UserManagerService: isUserUnlockingOrUnlocked: state = 0
