--------- beginning of system
01-01 08:00:03.484  1798  1798 I vold    : Vold 3.0 (the awakening) firing up
01-01 08:00:03.485  1798  1798 V vold    : Detected support for: ext4 vfat
01-01 08:00:03.492  1798  1798 W vold    : Failed to LOOP_GET_STATUS64 /dev/block/loop3: No such device or address
01-01 08:00:03.492  1798  1798 W vold    : Failed to LOOP_GET_STATUS64 /dev/block/loop0: No such device or address
01-01 08:00:03.492  1798  1798 W vold    : Failed to LOOP_GET_STATUS64 /dev/block/loop2: No such device or address
01-01 08:00:03.492  1798  1798 W vold    : Failed to LOOP_GET_STATUS64 /dev/block/loop8: No such device or address
01-01 08:00:03.492  1798  1798 W vold    : Failed to LOOP_GET_STATUS64 /dev/block/loop13: No such device or address
01-01 08:00:03.492  1798  1798 W vold    : Failed to LOOP_GET_STATUS64 /dev/block/loop9: No such device or address
01-01 08:00:03.492  1798  1798 W vold    : Failed to LOOP_GET_STATUS64 /dev/block/loop5: No such device or address
01-01 08:00:03.492  1798  1798 W vold    : Failed to LOOP_GET_STATUS64 /dev/block/loop14: No such device or address
01-01 08:00:03.492  1798  1798 W vold    : Failed to LOOP_GET_STATUS64 /dev/block/loop7: No such device or address
01-01 08:00:03.492  1798  1798 W vold    : Failed to LOOP_GET_STATUS64 /dev/block/loop12: No such device or address
01-01 08:00:03.492  1798  1798 W vold    : Failed to LOOP_GET_STATUS64 /dev/block/loop6: No such device or address
01-01 08:00:03.492  1798  1798 W vold    : Failed to LOOP_GET_STATUS64 /dev/block/loop11: No such device or address
01-01 08:00:03.493  1798  1798 W vold    : Failed to LOOP_GET_STATUS64 /dev/block/loop4: No such device or address
01-01 08:00:03.493  1798  1798 W vold    : Failed to LOOP_GET_STATUS64 /dev/block/loop10: No such device or address
01-01 08:00:03.493  1798  1798 W vold    : Failed to LOOP_GET_STATUS64 /dev/block/loop15: No such device or address
01-01 08:00:03.493  1798  1798 W vold    : Failed to LOOP_GET_STATUS64 /dev/block/loop1: No such device or address
01-01 08:00:03.497  1798  1798 D vold    : VoldNativeService::start() completed OK
01-01 08:00:03.500  1798  1806 D vold    : e4crypt_init_user0
01-01 08:00:03.501  1798  1806 D vold    : e4crypt_prepare_user_storage for volume null, user 0, serial 0, flags 1
01-01 08:00:03.501  1798  1806 D vold    : Preparing: /data/system/users/0
01-01 08:00:03.501  1798  1806 D vold    : Preparing: /data/misc/profiles/cur/0
01-01 08:00:03.502  1798  1806 D vold    : Preparing: /data/system_de/0
01-01 08:00:03.502  1798  1806 D vold    : Preparing: /data/misc_de/0
01-01 08:00:03.503  1798  1806 D vold    : Preparing: /data/vendor_de/0
01-01 08:00:03.503  1798  1806 D vold    : Preparing: /data/user_de/0
01-01 08:00:03.504  1798  1806 V vold    : /system/bin/vold_prepare_subdirs
01-01 08:00:03.504  1798  1806 V vold    :     prepare
01-01 08:00:03.504  1798  1806 V vold    :     
01-01 08:00:03.504  1798  1806 V vold    :     0
01-01 08:00:03.504  1798  1806 V vold    :     1
01-01 08:00:03.560  1798  1806 D vold    : e4crypt_unlock_user_key 0 serial=0 token_present=0
01-01 08:00:04.536  1895  1895 I android.hardware.wifi@1.0-service: Wifi Hal is booting up...
01-01 08:00:04.887  1934  1934 I installd: installd firing up
01-01 08:00:05.365  1950  1950 I wificond: wificond is starting up...
01-01 08:00:05.365  1950  1950 I wificond: InitializeIcuOrDie...
01-01 08:00:05.399  1950  1950 I wificond: InitializeIcuOrDie finished...
01-01 08:00:05.401  1950  1950 I wificond: wifigbk_init...
01-01 08:00:06.416  1878  1878 D Zygote32Timing: BeginIcuCachePinning took to complete: 75ms
01-01 08:00:06.533  1878  1878 D Zygote32Timing: PreloadClasses took to complete: 117ms
01-01 08:00:07.230  1878  1878 D Zygote32Timing: PreloadResources took to complete: 697ms
01-01 08:00:08.291  1878  1878 D Zygote32Timing: ZygotePreload took to complete: 1950ms
01-01 08:00:08.400  1878  1878 D Zygote32Timing: PostZygoteInitGC took to complete: 109ms
01-01 08:00:08.400  1878  1878 D Zygote32Timing: ZygoteInit took to complete: 2060ms
01-01 08:00:08.659  2147  2147 I SystemServer: InitBeforeStartServices
01-01 08:00:08.659  2147  2147 W SystemServer: System clock is before 1970; setting to 1970.
01-01 08:00:08.666  2147  2147 I SystemServer: Entered the Android system server!
01-01 08:00:09.052  2147  2147 D SystemServerTiming: InitBeforeStartServices took to complete: 393ms
01-01 08:00:09.052  2147  2147 I SystemServer: StartServices
01-01 08:00:09.052  2147  2147 I SystemServer: Reading configuration...
01-01 08:00:09.052  2147  2147 I SystemServer: ReadingSystemConfig
01-01 08:00:09.054  2147  2147 D SystemServerTiming: ReadingSystemConfig took to complete: 0ms
01-01 08:00:09.054  2147  2147 I SystemServer: StartInstaller
01-01 08:00:09.054  2147  2147 I SystemServiceManager: Starting com.android.server.pm.Installer
01-01 08:00:09.063  2147  2160 D SystemServerInitThreadPool: Started executing ReadingSystemConfig
01-01 08:00:09.067  2147  2147 D SystemServerTiming: StartInstaller took to complete: 13ms
01-01 08:00:09.067  2147  2147 I SystemServer: DeviceIdentifiersPolicyService
01-01 08:00:09.068  2147  2147 I SystemServiceManager: Starting com.android.server.os.DeviceIdentifiersPolicyService
01-01 08:00:09.069  2147  2147 D SystemServerTiming: DeviceIdentifiersPolicyService took to complete: 2ms
01-01 08:00:09.069  2147  2147 I SystemServer: StartActivityManager
01-01 08:00:09.069  2147  2147 I SystemServiceManager: Starting com.android.server.am.ActivityManagerService$Lifecycle
01-01 08:00:09.112  2147  2160 D SystemServerInitThreadPool: Finished executing ReadingSystemConfig
01-01 08:00:09.116  2147  2147 I ActivityManager: Memory class: 256
01-01 08:00:09.159  2147  2147 D BatteryStatsImpl: Reading daily items from /data/system/batterystats-daily.xml
01-01 08:00:09.191  2147  2166 E BatteryExternalStatsWorker: no controller energy info supplied for telephony
01-01 08:00:09.194  2147  2166 I KernelUidCpuFreqTimeReader: mPerClusterTimesAvailable=false
01-01 08:00:09.204  2147  2166 W KernelCpuProcReader: File not exist: /proc/uid_cpupower/time_in_state
01-01 08:00:09.205  2147  2166 W KernelCpuProcReader: File not exist: /proc/uid_cpupower/concurrent_active_time
01-01 08:00:09.205  2147  2166 W KernelCpuProcReader: File not exist: /proc/uid_cpupower/concurrent_policy_time
01-01 08:00:09.330  2147  2147 W AppOps  : Unknown attribute in 'op' tag: n
01-01 08:00:09.337  2147  2147 I chatty  : uid=1000 system_server identical 104 lines
01-01 08:00:09.337  2147  2147 W AppOps  : Unknown attribute in 'op' tag: n
01-01 08:00:09.367  2147  2147 I IntentFirewall: Read new rules (A:0 B:0 S:0)
01-01 08:00:09.380  2147  2147 D ActivityManager: processes==:com.android.chinamobile.zj.ott.adpro
01-01 08:00:09.380  2147  2147 D ActivityManager: processes==:com.android.silenceinstaller
01-01 08:00:09.380  2147  2147 D ActivityManager: processes==:com.icss.mpms
01-01 08:00:09.380  2147  2147 D ActivityManager: processes==:com.ain.ipc.hall
01-01 08:00:09.380  2147  2147 D ActivityManager: processes==:tv.ysten.xinba.ah.movie 
01-01 08:00:09.393  2147  2147 D AppOps  : AppOpsService published
01-01 08:00:09.393  2147  2147 D SystemServerTiming: StartActivityManager took to complete: 324ms
01-01 08:00:09.393  2147  2147 I SystemServer: StartPowerManager
01-01 08:00:09.393  2147  2147 I SystemServiceManager: Starting com.android.server.power.PowerManagerService
01-01 08:00:09.410  2147  2147 D SystemServerTiming: StartPowerManager took to complete: 17ms
01-01 08:00:09.410  2147  2147 I SystemServer: InitPowerManagement
01-01 08:00:09.415  2147  2147 D SystemServerTiming: InitPowerManagement took to complete: 5ms
01-01 08:00:09.415  2147  2147 I SystemServer: StartRecoverySystemService
01-01 08:00:09.415  2147  2147 I SystemServiceManager: Starting com.android.server.RecoverySystemService
01-01 08:00:09.417  2147  2147 D SystemServerTiming: StartRecoverySystemService took to complete: 2ms
01-01 08:00:09.417  2147  2147 V RescueParty: Disabled because of eng build
01-01 08:00:09.417  2147  2147 I SystemServer: StartLightsService
01-01 08:00:09.417  2147  2147 I SystemServiceManager: Starting com.android.server.lights.LightsService
01-01 08:00:09.422  2147  2147 D SystemServerTiming: StartLightsService took to complete: 5ms
01-01 08:00:09.423  2147  2147 I SystemServer: StartSidekickService
01-01 08:00:09.423  2147  2147 D SystemServerTiming: StartSidekickService took to complete: 0ms
01-01 08:00:09.423  2147  2147 I SystemServer: StartDisplayManager
01-01 08:00:09.423  2147  2147 I SystemServiceManager: Starting com.android.server.display.DisplayManagerService
01-01 08:00:09.438  2147  2147 D SystemServerTiming: StartDisplayManager took to complete: 15ms
01-01 08:00:09.438  2147  2147 I SystemServer: WaitForDisplay
01-01 08:00:09.438  2147  2147 I SystemServiceManager: Starting phase 100
01-01 08:00:09.439  2147  2147 D DisplayManagerService: PHASE_WAIT_FOR_DEFAULT_DISPLAY for kpi return
01-01 08:00:09.439  2147  2147 D SystemServerTiming: WaitForDisplay took to complete: 1ms
01-01 08:00:09.440  2147  2147 I SystemServer: StartPackageManagerService
01-01 08:00:09.440  2147  2171 W LocalDisplayAdapter: info not ready !
01-01 08:00:09.456  2147  2171 I LocalDisplayAdapter: hdmi enable : 1
01-01 08:00:09.468  2147  2171 I DisplayManagerService: handleDisplayDeviceAddedLocked device : com.android.server.display.LocalDisplayAdapter$LocalDisplayDevice@43c8006
01-01 08:00:09.473  2147  2171 I LocalDisplayAdapter: hdmi enable : 1
01-01 08:00:09.484  2147  2171 I chatty  : uid=1000(system) android.display identical 3 lines
01-01 08:00:09.492  2147  2171 I LocalDisplayAdapter: hdmi enable : 1
01-01 08:00:09.492  2147  2171 I DisplayManagerService: Display device changed state: "HDMI 屏幕", ON
01-01 08:00:09.496  2147  2171 I LocalDisplayAdapter: hdmi enable : 1
01-01 08:00:09.523  2147  2147 D SELinuxMMAC: Using policy file /system/etc/selinux/plat_mac_permissions.xml
01-01 08:00:09.526  2147  2147 D SELinuxMMAC: Using policy file /vendor/etc/selinux/vendor_mac_permissions.xml
01-01 08:00:09.708  2147  2147 V PackageManager: MASK_APPS_APK_NAME =/system/etc/limitApplications_ott.xml
01-01 08:00:09.715  2147  2147 W PackageManager: Failed to parse /system/framework/arm: Missing base APK in /system/framework/arm
01-01 08:00:09.716  2147  2147 W PackageManager: Failed to parse /system/framework/oat: Missing base APK in /system/framework/oat
01-01 08:00:09.819  2147  2181 I PackageParser: Parse times for '/system/framework/framework-res.apk': parse=105ms, update_cache=0 ms
01-01 08:00:09.824  2147  2147 E PackageManager: Veritify signature file use pub_keys.txt!
01-01 08:00:09.883  2147  2147 I chatty  : uid=1000 system_server identical 4 lines
01-01 08:00:09.889  2147  2147 E PackageManager: Veritify signature file use pub_keys.txt!
01-01 08:00:09.903  2147  2186 W PackageParser: Ignoring duplicate uses-permissions/uses-permissions-sdk-m: android.permission.CHANGE_CONFIGURATION in package: net.sunniwell.app.api at: Binary XML file line #41
01-01 08:00:09.908  2147  2147 E PackageManager: Veritify signature file use pub_keys.txt!
01-01 08:00:09.913  2147  2185 W PackageParser: Ignoring duplicate uses-permissions/uses-permissions-sdk-m: android.permission.INSTALL_GRANT_RUNTIME_PERMISSIONS in package: com.android.shell at: Binary XML file line #111
01-01 08:00:09.924  2147  2147 E PackageManager: Veritify signature file use pub_keys.txt!
01-01 08:00:10.009  2147  2186 W PackageParser: Ignoring duplicate uses-permissions/uses-permissions-sdk-m: android.permission.CONFIGURE_WIFI_DISPLAY in package: com.android.systemui at: Binary XML file line #134
01-01 08:00:10.026  2147  2186 I PackageParser: Parse times for '/system/priv-app/SystemUI': parse=121ms, update_cache=0 ms
01-01 08:00:10.027  2147  2147 E PackageManager: Veritify signature file use pub_keys.txt!
01-01 08:00:10.059  2147  2187 W PackageParser: Ignoring duplicate uses-permissions/uses-permissions-sdk-m: android.permission.READ_CONTACTS in package: com.android.bluetooth at: Binary XML file line #61
01-01 08:00:10.065  2147  2187 W PackageParser: No actions in intent filter at /system/app/Bluetooth/Bluetooth.apk Binary XML file line #227
01-01 08:00:10.065  2147  2190 W PackageParser: Ignoring duplicate uses-permissions/uses-permissions-sdk-m: android.permission.READ_EXTERNAL_STORAGE in package: com.dangbei.tvlauncher at: Binary XML file line #33
01-01 08:00:10.066  2147  2190 W PackageParser: Unknown element under <manifest>: meta-data at /system/app/Dangbei.apk Binary XML file line #34
01-01 08:00:10.073  2147  2147 E PackageManager: Veritify signature file use pub_keys.txt!
01-01 08:00:10.078  2147  2147 W PackageManager: Failed to scan /system/app/Dangbei.apk: Package com.dangbei.tvlauncher at /system/app/Dangbei.apk ignored: updated version 55 better than this 55
01-01 08:00:10.084  2147  2147 E PackageManager: Veritify signature file use pub_keys.txt!
01-01 08:00:10.118  2147  2147 I chatty  : uid=1000 system_server identical 4 lines
01-01 08:00:10.134  2147  2147 E PackageManager: Veritify signature file use pub_keys.txt!
01-01 08:00:10.141  2147  2189 W PackageParser: Ignoring duplicate uses-permissions/uses-permissions-sdk-m: android.permission.INTERNET in package: net.sunniwell.app.localplayer.sh at: Binary XML file line #20
01-01 08:00:10.142  2147  2189 W PackageParser: Ignoring duplicate uses-permissions/uses-permissions-sdk-m: android.permission.WRITE_EXTERNAL_STORAGE in package: net.sunniwell.app.localplayer.sh at: Binary XML file line #25
01-01 08:00:10.142  2147  2189 W PackageParser: Ignoring duplicate uses-permissions/uses-permissions-sdk-m: android.permission.READ_EXTERNAL_STORAGE in package: net.sunniwell.app.localplayer.sh at: Binary XML file line #27
01-01 08:00:10.143  2147  2147 E PackageManager: Veritify signature file use pub_keys.txt!
01-01 08:00:10.143  2147  2189 W PackageParser: No actions in intent filter at /system/app/SWLocalFileManager_app/SWLocalFileManager_app.apk Binary XML file line #73
01-01 08:00:10.148  2147  2147 E PackageManager: Veritify signature file use pub_keys.txt!
01-01 08:00:10.159  2147  2147 I chatty  : uid=1000 system_server identical 3 lines
01-01 08:00:10.176  2147  2147 E PackageManager: Veritify signature file use pub_keys.txt!
01-01 08:00:10.176  2147  2147 D PackageManager: parsed PublicKey2 = c07102d02997c1a76011acc88ece5f373575fc6da3e1621645538c526988ca0b74cd68c89bfc2169f0e684cad9bd63394744f7e77d32925505d1ab33035dd1487eed95d76c3845af362bcb927356fbfc0231e81c5330a5d5f4eb48d63246c9ce8cee2888eb10fd831510c355795c3b0cdd499ced1408528a02583385198ad87cbdd47254d0c1c5a9819b2736c6497e94ac0b2c92e96c6c2998e0cd7ea6e01d7bcdb1eeda341da1d3fcf35a1d59a75c8c78de6bf4ea8583d9789ba7cc8ca3ed855ae7d52403e26e8513dc210ad9d9f68b8b206aa56bd5500a76e165ae9afcf84350a367a21a72897ca39dbfc3ba68e8c232f2fcb0d357d8399dc6ba4ac57649f5
01-01 08:00:10.178  2147  2147 I PackageManager: verifyResult2 = 1
01-01 08:00:10.178  2147  2147 D PackageManager: com.iflytek.xiri2.system 'public key is pub_keys.txt key! 
01-01 08:00:10.187  2147  2147 W PackageManager: Expecting better updated system app for com.dangbei.tvlauncher; removing system app.  Last known codePath=/data/app/com.dangbei.tvlauncher-XamWAouQquBaxmTtXO5oPQ==, versionCode=55; scanned versionCode=55
01-01 08:00:10.191  2147  2147 I PackageManager: Finished scanning system apps. Time: 485 ms, packageCount: 34 , timePerPackage: 14 , cached: 0
01-01 08:00:10.251  2147  2194 W PackageParser: Unknown element under <manifest>: queries at /data/app/com.onetv-dhzYtTgGHRtaPsRViURKSw==/base.apk Binary XML file line #33
01-01 08:00:10.251  2147  2193 W PackageParser: Unknown element under <manifest>: queries at /data/app/com.github.mytv.android-t-tuN49TB4iESJOifKQPPg==/base.apk Binary XML file line #18
01-01 08:00:10.255  2147  2192 W PackageParser: Unknown element under <manifest>: module at /data/app/com.android.cmremote-rfowcjwCvXqIIpd5xshwiw==/base.apk Binary XML file line #13
01-01 08:00:10.256  2147  2192 W PackageParser: Ignoring duplicate uses-permissions/uses-permissions-sdk-m: android.permission.BLUETOOTH in package: com.android.cmremote at: Binary XML file line #27
01-01 08:00:10.256  2147  2192 W PackageParser: Ignoring duplicate uses-permissions/uses-permissions-sdk-m: android.permission.FOREGROUND_SERVICE in package: com.android.cmremote at: Binary XML file line #34
01-01 08:00:10.259  2147  2147 W PackageManager: Skipping provider name com.onetv.provider (in package com.onetv): name already used by com.onetv
01-01 08:00:10.298  2147  2147 E PackageManager: Veritify signature file use pub_keys.txt!
01-01 08:00:10.299  2147  2147 D PackageManager: parsed PublicKey2 = 9c780592ac0d5d381cdeaa65ecc8a6006e36480c6d7207b12011be50863aabe2b55d009adf7146d6f2202280c7cd4d7bdb26243b8a806c26b34b137523a49268224904dc01493e7c0acf1a05c874f69b037b60309d9074d24280e16bad2a8734361951eaf72a482d09b204b1875e12ac98c1aa773d6800b9eafde56d58bed8e8da16f9a360099c37a834a6dfedb7b6b44a049e07a269fccf2c5496f2cf36d64df90a3b8d8f34a3baab4cf53371ab27719b3ba58754ad0c53fc14e1db45d51e234fbbe93c9ba4edf9ce54261350ec535607bf69a2ff4aa07db5f7ea200d09a6c1b49e21402f89ed1190893aab5a9180f152e82f85a45753cf5fc19071c5eec827
01-01 08:00:10.300  2147  2147 I PackageManager: verifyResult2 = 1
01-01 08:00:10.300  2147  2147 D PackageManager: com.peasun.TVManager 'public key is pub_keys.txt key! 
01-01 08:00:10.302  2147  2193 W PackageParser: Ignoring duplicate uses-permissions/uses-permissions-sdk-m: android.permission.READ_EXTERNAL_STORAGE in package: com.dangbei.tvlauncher at: Binary XML file line #34
01-01 08:00:10.303  2147  2193 W PackageParser: Unknown element under <manifest>: meta-data at /data/app/com.dangbei.tvlauncher-XamWAouQquBaxmTtXO5oPQ==/base.apk Binary XML file line #35
01-01 08:00:10.304  2147  2192 W PackageParser: Unknown element under <manifest>: queries at /data/app/com.peasun.aispeech-GEM6dGRMNn5PInC5ZfEXXA==/base.apk Binary XML file line #78
01-01 08:00:10.304  2147  2192 W PackageParser: Unknown element under <manifest>: queries at /data/app/com.peasun.aispeech-GEM6dGRMNn5PInC5ZfEXXA==/base.apk Binary XML file line #89
01-01 08:00:10.304  2147  2192 W PackageParser: Unknown element under <manifest>: queries at /data/app/com.peasun.aispeech-GEM6dGRMNn5PInC5ZfEXXA==/base.apk Binary XML file line #96
01-01 08:00:10.312  2147  2191 I PackageParser: Parse times for '/data/app/com.iflytek.xiri-SNl0u1aaAu70fo5u4F_MoA==': parse=120ms, update_cache=0 ms
01-01 08:00:10.315  2147  2147 W PackageManager: Relax SCAN_REQUIRE_KNOWN requirement for package com.dangbei.tvlauncher
01-01 08:00:10.320  2147  2147 I PackageManager: Finished scanning non-system apps. Time: 129 ms, packageCount: 7 , timePerPackage: 18 , cached: 0
01-01 08:00:10.322  2147  2147 E PackageManager: There should probably be exactly one setup wizard; found 0: matches=[]
01-01 08:00:10.324  2147  2147 W UserManagerService: isUserUnlockingOrUnlocked: state = 0
01-01 08:00:10.324  2147  2147 W UserManagerService: isUserUnlockingOrUnlocked: state = 0
01-01 08:00:10.327  2147  2147 I PackageManager: Time to scan packages: 0.621 seconds
01-01 08:00:10.343  2147  2147 V PackageManager: reconcileAppsData for null u0 0x3 migrateAppData=true
01-01 08:00:10.344  2147  2147 W PackageManager: Destroying /data/user/0/tv.yuyin.c_daemon due to: com.android.server.pm.PackageManagerException: Package tv.yuyin.c_daemon is unknown
01-01 08:00:10.440  2147  2147 V PackageManager: reconcileAppsData finished 9 packages
01-01 08:00:10.442  2147  2195 D SystemServerInitThreadPool: Started executing prepareAppData
01-01 08:00:10.496  2147  2195 D SystemServerTimingAsync: AppDataFixup took to complete: 54ms
01-01 08:00:10.518  2147  2147 D PackageManager: Ephemeral resolver NOT found; no matching intent filters
01-01 08:00:10.518  2147  2147 D PackageManager: Instant App installer not found with android.intent.action.INSTALL_INSTANT_APP_PACKAGE_TEST
01-01 08:00:10.518  2147  2147 D PackageManager: Instant App installer not found with android.intent.action.INSTALL_INSTANT_APP_PACKAGE
01-01 08:00:10.518  2147  2147 D PackageManager: Clear ephemeral installer activity
01-01 08:00:10.518  2147  2147 W UserManagerService: isUserUnlockingOrUnlocked: state = 0
01-01 08:00:10.617  2147  2147 D SystemServerTiming: StartPackageManagerService took to complete: 1177ms
01-01 08:00:10.618  2147  2147 I SystemServer: StartOtaDexOptService
01-01 08:00:10.619  2147  2147 D OTADexopt: No upgrade, skipping A/B artifacts check.
01-01 08:00:10.619  2147  2147 D SystemServerTiming: StartOtaDexOptService took to complete: 1ms
01-01 08:00:10.620  2147  2147 I SystemServer: StartUserManagerService
01-01 08:00:10.620  2147  2147 I SystemServiceManager: Starting com.android.server.pm.UserManagerService$LifeCycle
01-01 08:00:10.621  2147  2147 D SystemServerTiming: StartUserManagerService took to complete: 1ms
01-01 08:00:10.621  2147  2147 I SystemServer: InitAttributerCache
01-01 08:00:10.622  2147  2147 D SystemServerTiming: InitAttributerCache took to complete: 1ms
01-01 08:00:10.622  2147  2147 I SystemServer: SetSystemProcess
01-01 08:00:10.636  2147  2159 W UserManagerService: isUserUnlockingOrUnlocked: state = 0
01-01 08:00:10.637  2147  2147 W UserManagerService: isUserUnlockingOrUnlocked: state = 0
01-01 08:00:10.641  1949  2065 I storaged: storaged: Start
01-01 08:00:10.642  1949  2065 E storaged: getDiskStats failed with result NOT_SUPPORTED and size 0
01-01 08:00:10.644  2147  2147 D ActivityManager: /system/etc/swprotect_processes.txt does not exists!
01-01 08:00:10.654  2147  2147 D SystemServerTiming: SetSystemProcess took to complete: 32ms
01-01 08:00:10.663  2147  2147 I SystemServer: StartOverlayManagerService
01-01 08:00:10.665  2147  2147 D SystemServerTiming: StartOverlayManagerService took to complete: 2ms
01-01 08:00:10.666  2147  2204 D SystemServerInitThreadPool: Started executing Init OverlayManagerService
01-01 08:00:10.666  2147  2147 I SystemServer: StartBatteryService
01-01 08:00:10.667  2147  2147 I SystemServiceManager: Starting com.android.server.BatteryService
01-01 08:00:10.667  2147  2205 D SystemServerInitThreadPool: Started executing StartSensorService
01-01 08:00:10.683  2147  2205 D SystemServerTimingAsync: StartSensorService took to complete: 16ms
01-01 08:00:10.684  2147  2205 D SystemServerInitThreadPool: Finished executing StartSensorService
01-01 08:00:10.691  2147  2204 D SystemServerInitThreadPool: Finished executing Init OverlayManagerService
01-01 08:00:10.705  2147  2147 I HealthServiceWrapper: health: HealthServiceWrapper listening to instance default
01-01 08:00:10.705  2147  2147 I BatteryService: health: Waited 0ms and received the update.
01-01 08:00:10.707  2147  2147 D SystemServerTiming: StartBatteryService took to complete: 40ms
01-01 08:00:10.708  2147  2147 I SystemServer: StartUsageService
01-01 08:00:10.708  2147  2147 I SystemServiceManager: Starting com.android.server.usage.UsageStatsService
01-01 08:00:10.741  2147  2147 I UsageStatsService: User[0] Rollover scheduled @ 1970-01-02 08:00:10(86410728)
01-01 08:00:10.741  2147  2147 D SystemServerTiming: StartUsageService took to complete: 33ms
01-01 08:00:10.741  2147  2147 I SystemServer: StartWebViewUpdateService
01-01 08:00:10.741  2147  2147 I SystemServiceManager: Starting com.android.server.webkit.WebViewUpdateService
01-01 08:00:10.750  2147  2147 D SystemServerTiming: StartWebViewUpdateService took to complete: 9ms
01-01 08:00:10.750  2147  2147 I SystemServer: StartBinderCallsStatsService
01-01 08:00:10.751  2147  2147 D SystemServerTiming: StartBinderCallsStatsService took to complete: 1ms
01-01 08:00:10.752  2147  2160 D SystemServerInitThreadPool: Started executing SecondaryZygotePreload
01-01 08:00:10.753  2147  2160 I SystemServer: SecondaryZygotePreload
01-01 08:00:10.754  2147  2147 I SystemServer: StartKeyAttestationApplicationIdProviderService
01-01 08:00:10.758  2147  2147 D SystemServerTiming: StartKeyAttestationApplicationIdProviderService took to complete: 4ms
01-01 08:00:10.758  2147  2147 I SystemServer: StartKeyChainSystemService
01-01 08:00:10.758  2147  2147 I SystemServiceManager: Starting com.android.server.security.KeyChainSystemService
01-01 08:00:10.759  2147  2147 D SystemServerTiming: StartKeyChainSystemService took to complete: 1ms
01-01 08:00:10.759  2147  2147 I SystemServer: StartSchedulingPolicyService
01-01 08:00:10.760  2147  2205 D SystemServerInitThreadPool: Started executing SchedulingPolicyService.<init>
01-01 08:00:10.761  2147  2147 D SystemServerTiming: StartSchedulingPolicyService took to complete: 2ms
01-01 08:00:10.761  2147  2147 I SystemServer: StartTelecomLoaderService
01-01 08:00:10.761  2147  2147 I SystemServiceManager: Starting com.android.server.telecom.TelecomLoaderService
01-01 08:00:10.762  2147  2147 D SystemServerTiming: StartTelecomLoaderService took to complete: 1ms
01-01 08:00:10.762  2147  2147 I SystemServer: StartTelephonyRegistry
01-01 08:00:10.765  2147  2147 D SystemServerTiming: StartTelephonyRegistry took to complete: 3ms
01-01 08:00:10.765  2147  2147 I SystemServer: StartEntropyMixer
01-01 08:00:10.769  2147  2147 I EntropyMixer: Writing entropy...
01-01 08:00:10.770  2147  2205 D SystemServerInitThreadPool: Finished executing SchedulingPolicyService.<init>
01-01 08:00:10.777  2147  2147 D SystemServerTiming: StartEntropyMixer took to complete: 12ms
01-01 08:00:10.778  2147  2147 I SystemServer: StartAccountManagerService
01-01 08:00:10.778  2147  2147 I SystemServiceManager: Starting com.android.server.accounts.AccountManagerService$Lifecycle
01-01 08:00:10.785  2147  2147 D SystemServerTiming: StartAccountManagerService took to complete: 7ms
01-01 08:00:10.785  2147  2147 I SystemServer: StartContentService
01-01 08:00:10.785  2147  2160 E SystemServer: Unable to preload default resources
01-01 08:00:10.785  2147  2160 D SystemServerTimingAsync: SecondaryZygotePreload took to complete: 32ms
01-01 08:00:10.785  2147  2160 D SystemServerInitThreadPool: Finished executing SecondaryZygotePreload
01-01 08:00:10.785  2147  2147 I SystemServiceManager: Starting com.android.server.content.ContentService$Lifecycle
01-01 08:00:10.794  2147  2147 D SystemServerTiming: StartContentService took to complete: 9ms
01-01 08:00:10.813  2147  2147 I SystemServer: InstallSystemProviders
01-01 08:00:10.813  2147  2147 W UserManagerService: isUserUnlockingOrUnlocked: state = 0
01-01 08:00:10.814  2147  2147 W UserManagerService: isUserUnlockingOrUnlocked: state = 0
01-01 08:00:10.837  2147  2147 D SettingsProvider: the /system/etc/swkeyparamtable.txt does not exit !!!!!!
01-01 08:00:10.837  2147  2147 D SettingsProvider: key para in System table:
01-01 08:00:10.837  2147  2147 D SettingsProvider: key para in Secure table:
01-01 08:00:10.837  2147  2147 D SettingsProvider: key para in Global table:
01-01 08:00:10.837  2147  2147 D SettingsProvider: key para in other table:
01-01 08:00:10.839  2147  2195 D SystemServerTimingAsync: AppDataPrepare took to complete: 343ms
01-01 08:00:10.839  2147  2195 I PackageManager: Deferred reconcileAppsData finished 32 packages
01-01 08:00:10.839  2147  2195 D SystemServerInitThreadPool: Finished executing prepareAppData
01-01 08:00:10.845  2147  2147 W UserManagerService: isUserUnlockingOrUnlocked: state = 0
01-01 08:00:10.897  2147  2147 W SettingsProvider: the params [#表示本次升级参数的参数版本号 ]is valid!
01-01 08:00:10.898  2147  2147 W SettingsProvider: the params [#数据存放到system表中 ]is valid!
01-01 08:00:10.899  2147  2147 W SettingsProvider: the params [#数据存放到secure表中 ]is valid!
01-01 08:00:10.899  2147  2147 W SettingsProvider: the params [#数据存放到global表中 ]is valid!
01-01 08:00:10.916  2147  2147 D SystemServerTiming: InstallSystemProviders took to complete: 103ms
01-01 08:00:10.916  2147  2147 I SystemServer: StartDropBoxManager
01-01 08:00:10.916  2147  2147 I SystemServiceManager: Starting com.android.server.DropBoxManagerService
01-01 08:00:10.917  2147  2147 D SystemServerTiming: StartDropBoxManager took to complete: 1ms
01-01 08:00:10.917  2147  2147 I SystemServer: StartVibratorService
01-01 08:00:10.927  2147  2147 D SystemServerTiming: StartVibratorService took to complete: 10ms
01-01 08:00:10.927  2147  2147 I SystemServer: StartConsumerIrService
01-01 08:00:10.931  2147  2147 D SystemServerTiming: StartConsumerIrService took to complete: 3ms
01-01 08:00:10.931  2147  2147 I SystemServer: StartAlarmManagerService
01-01 08:00:10.931  2147  2147 I SystemServiceManager: Starting com.android.server.AlarmManagerService
01-01 08:00:10.933  2147  2147 I AlarmManager: Current time only 10933, advancing to build time 1724749666000
08-27 17:07:46.000  2147  2147 W UserManagerService: isUserUnlockingOrUnlocked: state = 0
08-27 17:07:46.004  2147  2147 D SystemServerTiming: StartAlarmManagerService took to complete: 7ms
08-27 17:07:46.005  2147  2147 I SystemServer: InitWatchdog
08-27 17:07:46.005  2147  2147 D SystemServerTiming: InitWatchdog took to complete: 0ms
08-27 17:07:46.005  2147  2147 I SystemServer: StartInputManagerService
08-27 17:07:46.007  2147  2147 I InputManager: Initializing input manager, mUseDevInputEventForAudioJack=false
08-27 17:07:46.008  2147  2147 D SystemServerTiming: StartInputManagerService took to complete: 2ms
08-27 17:07:46.008  2147  2147 I SystemServer: StartWindowManagerService
08-27 17:07:46.019  2147  2171 I WindowManager: No existing display settings /data/system/display_settings.xml; starting empty
08-27 17:07:46.039  2147  2147 D SystemServerTiming: StartWindowManagerService took to complete: 32ms
08-27 17:07:46.039  2147  2147 I SystemServer: SetWindowManagerService
08-27 17:07:46.086  2147  2147 D SystemServerTiming: SetWindowManagerService took to complete: 46ms
08-27 17:07:46.086  2147  2147 I SystemServer: WindowManagerServiceOnInitReady
08-27 17:07:46.131  2147  2147 D SystemServerTiming: WindowManagerServiceOnInitReady took to complete: 45ms
08-27 17:07:46.131  2147  2204 D SystemServerInitThreadPool: Started executing StartHidlServices
08-27 17:07:46.131  2147  2147 I SystemServer: StartVrManagerService
08-27 17:07:46.131  2147  2147 I SystemServiceManager: Starting com.android.server.vr.VrManagerService
08-27 17:07:46.135  2147  2204 D SystemServerTimingAsync: StartHidlServices took to complete: 3ms
08-27 17:07:46.135  2147  2204 D SystemServerInitThreadPool: Finished executing StartHidlServices
08-27 17:07:46.138  2147  2147 D SystemServerTiming: StartVrManagerService took to complete: 6ms
08-27 17:07:46.138  2147  2147 I SystemServer: StartInputManager
08-27 17:07:46.138  2147  2147 I InputManager: Starting input manager
08-27 17:07:46.141  2147  2147 D SystemServerTiming: StartInputManager took to complete: 2ms
08-27 17:07:46.141  2147  2147 I SystemServer: DisplayManagerWindowManagerAndInputReady
08-27 17:07:46.141  2147  2147 D SystemServerTiming: DisplayManagerWindowManagerAndInputReady took to complete: 0ms
08-27 17:07:46.142  2147  2147 I SystemServer: StartBluetoothService
08-27 17:07:46.142  2147  2147 I SystemServiceManager: Starting com.android.server.BluetoothService
08-27 17:07:46.143  2147  2147 D BluetoothManagerService: Loading stored name and address
08-27 17:07:46.144  2147  2147 D BluetoothManagerService: Stored bluetooth Name=CM311-5s-ZG,Address=2C:B0:FD:C5:60:43
08-27 17:07:46.144  2147  2147 D BluetoothManagerService: Bluetooth persisted state: 1
08-27 17:07:46.144  2147  2147 D BluetoothManagerService: Startup: Bluetooth persisted state is ON.
08-27 17:07:46.145  2147  2147 W UserManagerService: isUserUnlockingOrUnlocked: state = 0
08-27 17:07:46.145  2147  2147 D BluetoothManagerService: Detected SystemUiUid: 10006
08-27 17:07:46.145  2147  2147 D SystemServerTiming: StartBluetoothService took to complete: 4ms
08-27 17:07:46.145  2147  2147 I SystemServer: NetworkWatchlistService
08-27 17:07:46.145  2147  2147 I SystemServiceManager: Starting com.android.server.net.watchlist.NetworkWatchlistService$Lifecycle
08-27 17:07:46.154  2147  2147 I WatchlistSettings: Reload watchlist settings done
08-27 17:07:46.156  2147  2147 D SystemServerTiming: NetworkWatchlistService took to complete: 10ms
08-27 17:07:46.156  2147  2147 I SystemServer: PinnerService
08-27 17:07:46.156  2147  2222 I WatchlistLoggingHandler: No need to aggregate record yet.
08-27 17:07:46.156  2147  2147 I SystemServiceManager: Starting com.android.server.PinnerService
08-27 17:07:46.156  2147  2222 I WatchlistLoggingHandler: Milliseconds spent on tryAggregateRecords(): 0
08-27 17:07:46.158  2147  2147 D SystemServerTiming: PinnerService took to complete: 2ms
08-27 17:07:46.158  2147  2147 I SystemServer: StartInputMethodManagerLifecycle
08-27 17:07:46.158  2147  2147 I SystemServiceManager: Starting com.android.server.InputMethodManagerService$Lifecycle
08-27 17:07:46.165  2147  2147 D SystemServerTiming: StartInputMethodManagerLifecycle took to complete: 7ms
08-27 17:07:46.165  2147  2147 I SystemServer: StartAccessibilityManagerService
08-27 17:07:46.170  2147  2147 D SystemServerTiming: StartAccessibilityManagerService took to complete: 4ms
08-27 17:07:46.170  2147  2147 I SystemServer: MakeDisplayReady
08-27 17:07:46.173  2147  2147 I ActivityManager: Config changes=20005df8 {1.0 ?mcc?mnc [zh_CN] ldltr sw720dp w1280dp h720dp 240dpi xlrg long land ?uimode ?night -touch -keyb/v/h dpad/v winConfig={ mBounds=Rect(0, 0 - 0, 0) mAppBounds=Rect(0, 0 - 1920, 1080) mWindowingMode=fullscreen mActivityType=undefined} s.2}
08-27 17:07:46.173  2147  2161 I UsageStatsService: Time changed in UsageStats by 1724749655 seconds
08-27 17:07:46.173  2147  2161 I UsageStatsDatabase: Time changed by +19962d9h7m35s66ms. files deleted: 0 files moved: 0
08-27 17:07:46.174  2147  2161 I UsageStatsService: User[0] Rollover scheduled @ 2024-08-28 17:07:46(1724836066173)
08-27 17:07:46.184  2147  2147 I ActivityManager: Override config changes=60007dfc {1.0 ?mcc?mnc [zh_CN] ldltr sw720dp w1280dp h720dp 240dpi xlrg long land ?uimode ?night -touch -keyb/v/h dpad/v winConfig={ mBounds=Rect(0, 0 - 1920, 1080) mAppBounds=Rect(0, 0 - 1920, 1080) mWindowingMode=fullscreen mActivityType=undefined} s.2} for displayId=0
08-27 17:07:46.213  2147  2220 I ActivityManager: Config changes=30 {1.0 ?mcc?mnc [zh_CN] ldltr sw720dp w1280dp h720dp 240dpi xlrg long land ?uimode ?night -touch qwerty/v/v dpad/v winConfig={ mBounds=Rect(0, 0 - 0, 0) mAppBounds=Rect(0, 0 - 1920, 1080) mWindowingMode=fullscreen mActivityType=undefined} s.3}
08-27 17:07:46.223  2147  2220 I ActivityManager: Override config changes=30 {1.0 ?mcc?mnc [zh_CN] ldltr sw720dp w1280dp h720dp 240dpi xlrg long land ?uimode ?night -touch qwerty/v/v dpad/v winConfig={ mBounds=Rect(0, 0 - 1920, 1080) mAppBounds=Rect(0, 0 - 1920, 1080) mWindowingMode=fullscreen mActivityType=undefined} s.3} for displayId=0
08-27 17:07:46.231  2147  2220 I LocalDisplayAdapter: hdmi enable : 1
08-27 17:07:46.234  2147  2220 I chatty  : uid=1000(system) InputDispatcher identical 1 line
08-27 17:07:46.237  2147  2220 I LocalDisplayAdapter: hdmi enable : 1
08-27 17:07:46.240  2147  2147 D SystemServerTiming: MakeDisplayReady took to complete: 70ms
08-27 17:07:46.241  2147  2147 I SystemServer: StartStorageManagerService
08-27 17:07:46.241  2147  2147 I SystemServiceManager: Starting com.android.server.StorageManagerService$Lifecycle
08-27 17:07:46.249  2147  2223 D StorageManagerService: Thinking about init, mSystemReady=false, mDaemonConnected=true
08-27 17:07:46.249  2147  2223 D StorageManagerService: Thinking about reset, mSystemReady=false, mDaemonConnected=true
08-27 17:07:46.250  2147  2147 D SystemServerTiming: StartStorageManagerService took to complete: 9ms
08-27 17:07:46.250  2147  2147 I SystemServer: StartStorageStatsService
08-27 17:07:46.250  2147  2147 I SystemServiceManager: Starting com.android.server.usage.StorageStatsService$Lifecycle
08-27 17:07:46.250  1798  1806 E vold    : Failed to read field SystemLocale: Success
08-27 17:07:46.253  2147  2223 E StorageManagerService: Failed to read field SystemLocale
08-27 17:07:46.253  2147  2223 E StorageManagerService: android.os.ServiceSpecificException: Failed to read field SystemLocale (code 0)
08-27 17:07:46.253  2147  2223 E StorageManagerService: 	at android.os.Parcel.createException(Parcel.java:1964)
08-27 17:07:46.253  2147  2223 E StorageManagerService: 	at android.os.Parcel.readException(Parcel.java:1918)
08-27 17:07:46.253  2147  2223 E StorageManagerService: 	at android.os.Parcel.readException(Parcel.java:1868)
08-27 17:07:46.253  2147  2223 E StorageManagerService: 	at android.os.IVold$Stub$Proxy.fdeGetField(IVold.java:1094)
08-27 17:07:46.253  2147  2223 E StorageManagerService: 	at com.android.server.StorageManagerService.getField(StorageManagerService.java:2430)
08-27 17:07:46.253  2147  2223 E StorageManagerService: 	at com.android.server.StorageManagerService.copyLocaleFromMountService(StorageManagerService.java:985)
08-27 17:07:46.253  2147  2223 E StorageManagerService: 	at com.android.server.StorageManagerService.handleDaemonConnected(StorageManagerService.java:978)
08-27 17:07:46.253  2147  2223 E StorageManagerService: 	at com.android.server.StorageManagerService.access$900(StorageManagerService.java:171)
08-27 17:07:46.253  2147  2223 E StorageManagerService: 	at com.android.server.StorageManagerService$StorageManagerServiceHandler.handleMessage(StorageManagerService.java:575)
08-27 17:07:46.253  2147  2223 E StorageManagerService: 	at android.os.Handler.dispatchMessage(Handler.java:106)
08-27 17:07:46.253  2147  2223 E StorageManagerService: 	at android.os.Looper.loop(Looper.java:193)
08-27 17:07:46.253  2147  2223 E StorageManagerService: 	at android.os.HandlerThread.run(HandlerThread.java:65)
08-27 17:07:46.255  2147  2147 D SystemServerTiming: StartStorageStatsService took to complete: 6ms
08-27 17:07:46.256  2147  2147 I SystemServer: StartUiModeManager
08-27 17:07:46.256  2147  2147 I SystemServiceManager: Starting com.android.server.UiModeManagerService
08-27 17:07:46.259  2147  2205 D SystemServerInitThreadPool: Started executing UiModeManager.onStart
08-27 17:07:46.260  2147  2205 I ActivityManager: Config changes=200 {1.0 ?mcc?mnc [zh_CN] ldltr sw720dp w1280dp h720dp 240dpi xlrg long land television -touch qwerty/v/v dpad/v winConfig={ mBounds=Rect(0, 0 - 0, 0) mAppBounds=Rect(0, 0 - 1920, 1080) mWindowingMode=fullscreen mActivityType=undefined} s.4}
08-27 17:07:46.262  2147  2147 D SystemServerTiming: StartUiModeManager took to complete: 6ms
08-27 17:07:46.262  2147  2147 I SystemServer: UpdatePackagesIfNeeded
08-27 17:07:46.262  2147  2147 D SystemServerTiming: UpdatePackagesIfNeeded took to complete: 0ms
08-27 17:07:46.262  2147  2147 I SystemServer: PerformFstrimIfNeeded
08-27 17:07:46.263  2147  2147 D SystemServerTiming: PerformFstrimIfNeeded took to complete: 1ms
08-27 17:07:46.263  2147  2147 I SystemServer: StartLockSettingsService
08-27 17:07:46.264  2147  2147 I SystemServiceManager: Starting com.android.server.locksettings.LockSettingsService$Lifecycle
08-27 17:07:46.276  2147  2205 I ActivityManager: Override config changes=200 {1.0 ?mcc?mnc [zh_CN] ldltr sw720dp w1280dp h720dp 240dpi xlrg long land television -touch qwerty/v/v dpad/v winConfig={ mBounds=Rect(0, 0 - 1920, 1080) mAppBounds=Rect(0, 0 - 1920, 1080) mWindowingMode=fullscreen mActivityType=undefined} s.4} for displayId=0
08-27 17:07:46.282  2147  2205 D SystemServerInitThreadPool: Finished executing UiModeManager.onStart
08-27 17:07:46.286  2147  2147 D SystemServerTiming: StartLockSettingsService took to complete: 22ms
08-27 17:07:46.290  2147  2147 I OemLock : OemLock HAL not present on device
08-27 17:07:46.290  2147  2147 I SystemServer: StartDeviceIdleController
08-27 17:07:46.291  2147  2147 I SystemServiceManager: Starting com.android.server.DeviceIdleController
08-27 17:07:46.291  2147  2147 W UserManagerService: isUserUnlockingOrUnlocked: state = 0
08-27 17:07:46.292  2147  2147 I chatty  : uid=1000 system_server identical 3 lines
08-27 17:07:46.292  2147  2147 W UserManagerService: isUserUnlockingOrUnlocked: state = 0
08-27 17:07:46.295  2147  2147 D SystemServerTiming: StartDeviceIdleController took to complete: 5ms
08-27 17:07:46.295  2147  2147 I SystemServer: StartDevicePolicyManager
08-27 17:07:46.295  2147  2147 I SystemServiceManager: Starting com.android.server.devicepolicy.DevicePolicyManagerService$Lifecycle
08-27 17:07:46.305  2147  2147 D SystemServerTiming: StartDevicePolicyManager took to complete: 10ms
08-27 17:07:46.305  2147  2147 I SystemServer: StartStatusBarManagerService
08-27 17:07:46.307  2147  2147 D SystemServerTiming: StartStatusBarManagerService took to complete: 1ms
08-27 17:07:46.307  2147  2147 I SystemServer: StartClipboardService
08-27 17:07:46.307  2147  2147 I SystemServiceManager: Starting com.android.server.clipboard.ClipboardService
08-27 17:07:46.310  2147  2147 D SystemServerTiming: StartClipboardService took to complete: 4ms
08-27 17:07:46.310  2147  2147 I SystemServer: StartNetworkManagementService
08-27 17:07:46.313  2147  2225 I NetworkManagementService: onDaemonConnected()
08-27 17:07:46.315  2147  2147 D SystemServerTiming: StartNetworkManagementService took to complete: 4ms
08-27 17:07:46.315  2147  2147 I SystemServer: StartIpSecService
08-27 17:07:46.317  2147  2147 D SystemServerTiming: StartIpSecService took to complete: 3ms
08-27 17:07:46.317  2147  2147 I SystemServer: StartTextServicesManager
08-27 17:07:46.317  2147  2147 I SystemServiceManager: Starting com.android.server.TextServicesManagerService$Lifecycle
08-27 17:07:46.319  2147  2147 D SystemServerTiming: StartTextServicesManager took to complete: 2ms
08-27 17:07:46.320  2147  2147 I SystemServer: micphone Android Service
08-27 17:07:46.399  2147  2147 I SystemServer: rtSoundEffects Android Service
08-27 17:07:46.400  2147  2147 I SystemServer: StartTextClassificationManagerService
08-27 17:07:46.401  2147  2147 I SystemServiceManager: Starting com.android.server.textclassifier.TextClassificationManagerService$Lifecycle
08-27 17:07:46.402  2147  2147 D SystemServerTiming: StartTextClassificationManagerService took to complete: 1ms
08-27 17:07:46.402  2147  2147 I SystemServer: StartNetworkScoreService
08-27 17:07:46.402  2147  2147 I SystemServiceManager: Starting com.android.server.NetworkScoreService$Lifecycle
08-27 17:07:46.405  2147  2147 D SystemServerTiming: StartNetworkScoreService took to complete: 3ms
08-27 17:07:46.405  2147  2147 I SystemServer: StartNetworkStatsService
08-27 17:07:46.408  2147  2147 D SystemServerTiming: StartNetworkStatsService took to complete: 4ms
08-27 17:07:46.408  2147  2147 I SystemServer: StartNetworkPolicyManagerService
08-27 17:07:46.414  2147  2147 D SystemServerTiming: StartNetworkPolicyManagerService took to complete: 6ms
08-27 17:07:46.415  2147  2147 I SystemServer: StartWifi
08-27 17:07:46.441  2147  2147 I SystemServiceManager: Starting com.android.server.wifi.WifiService
08-27 17:07:46.573  2147  2147 W UserManagerService: isUserUnlockingOrUnlocked: state = 0
08-27 17:07:46.664  2147  2147 D SystemServerTiming: StartWifi took to complete: 249ms
08-27 17:07:46.664  2147  2147 I SystemServer: StartWifiScanning
08-27 17:07:46.666  2147  2147 I SystemServiceManager: Starting com.android.server.wifi.scanner.WifiScanningService
08-27 17:07:46.669  2147  2147 D SystemServerTiming: StartWifiScanning took to complete: 6ms
08-27 17:07:46.670  2147  2147 I SystemServer: StartWifiP2P
08-27 17:07:46.670  2147  2147 I SystemServiceManager: Starting com.android.server.wifi.p2p.WifiP2pService
08-27 17:07:46.690  2147  2147 D SystemServerTiming: StartWifiP2P took to complete: 21ms
08-27 17:07:46.690  2147  2147 I SystemServer: StartPppoe
08-27 17:07:46.694  2147  2147 I SystemServiceManager: Starting com.android.server.ethernet.GkPppoeService
08-27 17:07:46.704  2147  2147 D SystemServerTiming: StartPppoe took to complete: 14ms
08-27 17:07:46.704  2147  2147 I SystemServer: IpConnectivityMetrics
08-27 17:07:46.705  2147  2147 I SystemServiceManager: Starting com.android.server.connectivity.IpConnectivityMetrics
08-27 17:07:46.706  2147  2147 D SystemServerTiming: IpConnectivityMetrics took to complete: 1ms
08-27 17:07:46.706  2147  2147 I SystemServer: StartConnectivityService
08-27 17:07:46.712  2147  2147 D ConnectivityService: wifiOnly=true
08-27 17:07:46.732  2147  2147 D SystemServerTiming: StartConnectivityService took to complete: 26ms
08-27 17:07:46.732  2147  2147 I SystemServer: StartEthernet
08-27 17:07:46.734  2147  2147 I SystemServiceManager: Starting com.android.server.ethernet.EthernetService
08-27 17:07:46.740  2147  2147 D SystemServerTiming: StartEthernet took to complete: 7ms
08-27 17:07:46.740  2147  2147 I SystemServer: StartNsdService
08-27 17:07:46.742  2147  2147 D NsdService: Network service discovery is enabled
08-27 17:07:46.745  2147  2147 D SystemServerTiming: StartNsdService took to complete: 5ms
08-27 17:07:46.746  2147  2147 I SystemServer: StartSystemUpdateManagerService
08-27 17:07:46.746  2147  2147 I SystemUpdateManagerService: No existing info file /data/system/system-update-info.xml
08-27 17:07:46.748  2147  2147 D SystemServerTiming: StartSystemUpdateManagerService took to complete: 2ms
08-27 17:07:46.748  2147  2147 I SystemServer: StartUpdateLockService
08-27 17:07:46.750  2147  2147 D SystemServerTiming: StartUpdateLockService took to complete: 2ms
08-27 17:07:46.750  2147  2147 I SystemServer: StartNotificationManager
08-27 17:07:46.750  2147  2147 I SystemServiceManager: Starting com.android.server.notification.NotificationManagerService
08-27 17:07:46.766  2147  2147 D ConditionProviders.SCP: new ScheduleConditionProvider()
08-27 17:07:46.778  2147  2147 D ZenLog  : config: readXml,ZenModeConfig[user=0,allowAlarms=true,allowMedia=true,allowSystem=false,allowReminders=false,allowEvents=false,allowCalls=true,allowRepeatCallers=true,allowMessages=false,allowCallsFrom=stars,allowMessagesFrom=contacts,suppressedVisualEffects=511,areChannelsBypassingDnd=false,automaticRules={EVENTS_DEFAULT_RULE=ZenRule[enabled=false,snoozing=false,name=活动,zenMode=ZEN_MODE_IMPORTANT_INTERRUPTIONS,conditionId=condition://android/event?userId=-10000&calendar=&reply=1,condition=Condition[id=condition://android/event?userId=-10000&calendar=&reply=1,summary=...,line1=...,line2=...,icon=0,state=STATE_FALSE,flags=2],component=ComponentInfo{android/com.android.server.notification.EventConditionProvider},id=EVENTS_DEFAULT_RULE,creationTime=1230739200803,enabler=null], EVERY_NIGHT_DEFAULT_RULE=ZenRule[enabled=false,snoozing=false,name=睡眠,zenMode=ZEN_MODE_IMPORTANT_INTERRUPTIONS,conditionId=condition://android/schedule?days=1.2.3.4.5.6.7&start=22.0&end=7.0&exitAtAlarm=true,condition=Condition[id=condition://android/schedule?days=1.2.3.4.5.6.7&start=22.0&end=7.0&exitAtAlarm=true,summary=...,line1=...,line2=...,icon=0,state=STATE_FALSE,flags=2],component=ComponentInfo{android/com.android.server.notification.ScheduleConditionProvider},id=EVERY_NIGHT_DEFAULT_RULE,creationTime=1230739200803,enabler=null]},manualRule=null],Diff[automaticRule[EVENTS_DEFAULT_RULE].condition:null->Condition[id=condition://android/event?userId=-10000&calendar=&reply=1,summary=...,line1=...,line2=...,icon=0,state=STATE_FALSE,flags=2],automaticRule[EVENTS_DEFAULT_RULE].creationTime:1724749666763->1230739200803,automaticRule[EVERY_NIGHT_DEFAULT_RULE].condition:null->Condition[id=condition://android/schedule?days=1.2.3.4.5.6.7&start=22.0&end=7.0&exitAtAlarm=true,summary=...,line1=...,line2=...,icon=0,state=STATE_FALSE,flags=2],automaticRule[EVERY_NIGHT_DEFAULT_RULE].creationTime:1724749666762->1230739200803]
08-27 17:07:46.779  2147  2147 W UserManagerService: isUserUnlockingOrUnlocked: state = 0
08-27 17:07:46.780  2147  2147 I chatty  : uid=1000 system_server identical 2 lines
08-27 17:07:46.780  2147  2147 W UserManagerService: isUserUnlockingOrUnlocked: state = 0
08-27 17:07:46.780  2147  2147 E RankingHelper: createDefaultChannelIfNeeded - Exception: android.content.pm.PackageManager$NameNotFoundException: com.iflytek.bt.auto
08-27 17:07:46.781  2147  2147 W UserManagerService: isUserUnlockingOrUnlocked: state = 0
08-27 17:07:46.781  2147  2147 E RankingHelper: createDefaultChannelIfNeeded - Exception: android.content.pm.PackageManager$NameNotFoundException: com.android.chinamobile.migu.ott.ad.update
08-27 17:07:46.781  2147  2147 W UserManagerService: isUserUnlockingOrUnlocked: state = 0
08-27 17:07:46.785  2147  2147 I chatty  : uid=1000 system_server identical 12 lines
08-27 17:07:46.785  2147  2147 W UserManagerService: isUserUnlockingOrUnlocked: state = 0
08-27 17:07:46.785  2147  2147 E RankingHelper: createDefaultChannelIfNeeded - Exception: android.content.pm.PackageManager$NameNotFoundException: com.udte.elive
08-27 17:07:46.786  2147  2147 W UserManagerService: isUserUnlockingOrUnlocked: state = 0
08-27 17:07:46.786  2147  2147 W UserManagerService: isUserUnlockingOrUnlocked: state = 0
08-27 17:07:46.786  2147  2147 E RankingHelper: createDefaultChannelIfNeeded - Exception: android.content.pm.PackageManager$NameNotFoundException: com.android.chinamobile.migu.ott.ad
08-27 17:07:46.786  2147  2147 W UserManagerService: isUserUnlockingOrUnlocked: state = 0
08-27 17:07:46.787  2147  2147 I NotificationAssistants: Read notification assistant permissions from xml
08-27 17:07:46.787  2147  2147 I ConditionProviders: Read condition provider permissions from xml
08-27 17:07:46.787  2147  2147 I ConditionProviders: Read condition provider permissions from xml
08-27 17:07:46.789  2147  2147 D ZenLog  : set_zen_mode: off,init
08-27 17:07:46.809  2147  2147 D SystemServerTiming: StartNotificationManager took to complete: 59ms
08-27 17:07:46.809  2147  2147 I SystemServer: StartDeviceMonitor
08-27 17:07:46.809  2147  2147 I SystemServiceManager: Starting com.android.server.storage.DeviceStorageMonitorService
